Component: ARM Compiler 5.06 update 6 (build 750) Tool: armlink [4d35ed]

==============================================================================

Section Cross References

    startup_stm32f030x6.o(RESET) refers to startup_stm32f030x6.o(STACK) for __initial_sp
    startup_stm32f030x6.o(RESET) refers to startup_stm32f030x6.o(.text) for Reset_Handler
    startup_stm32f030x6.o(RESET) refers to stm32f0xx_it.o(i.NMI_Handler) for NMI_Handler
    startup_stm32f030x6.o(RESET) refers to stm32f0xx_it.o(i.HardFault_Handler) for HardFault_Handler
    startup_stm32f030x6.o(RESET) refers to stm32f0xx_it.o(i.SVC_Handler) for SVC_Handler
    startup_stm32f030x6.o(RESET) refers to stm32f0xx_it.o(i.PendSV_Handler) for PendSV_Handler
    startup_stm32f030x6.o(RESET) refers to stm32f0xx_it.o(i.SysTick_Handler) for SysTick_Handler
    startup_stm32f030x6.o(RESET) refers to stm32f0xx_it.o(i.DMA1_Channel2_3_IRQHandler) for DMA1_Channel2_3_IRQHandler
    startup_stm32f030x6.o(RESET) refers to stm32f0xx_it.o(i.TIM14_IRQHandler) for TIM14_IRQHandler
    startup_stm32f030x6.o(RESET) refers to stm32f0xx_it.o(i.USART1_IRQHandler) for USART1_IRQHandler
    startup_stm32f030x6.o(.text) refers to system_stm32f0xx.o(i.SystemInit) for SystemInit
    startup_stm32f030x6.o(.text) refers to entry.o(.ARM.Collect$$$$00000000) for __main
    main.o(i.hard_ini) refers to cortex_stm32f030.o(i.clock_ini) for clock_ini
    main.o(i.hard_ini) refers to cortex_stm32f030.o(i.dma_ini) for dma_ini
    main.o(i.hard_ini) refers to cortex_stm32f030.o(i.nvic_ini) for nvic_ini
    main.o(i.hard_ini) refers to stm32f0xx_hal.o(i.HAL_Init) for HAL_Init
    main.o(i.hard_ini) refers to gpio_stm32f030.o(i.gpio_ini) for gpio_ini
    main.o(i.hard_ini) refers to usart_stm32f030.o(i.USART_ini) for USART_ini
    main.o(i.hard_ini) refers to adc_stm32f030.o(i.adc_calibre) for adc_calibre
    main.o(i.hard_ini) refers to adc_stm32f030.o(i.adc_ini) for adc_ini
    main.o(i.hard_ini) refers to timer_stm32f030.o(i.tim14_ini) for tim14_ini
    main.o(i.hard_ini) refers to spi_stm32f030.o(i.spi_ini) for spi_ini
    main.o(i.hard_ini) refers to w25q.o(i.W25Q_ini) for W25Q_ini
    main.o(i.hard_ini) refers to dac.o(i.dac_ini) for dac_ini
    main.o(i.main) refers to main.o(i.hard_ini) for hard_ini
    main.o(i.main) refers to main.o(i.soft_ini) for soft_ini
    main.o(i.main) refers to nokia1661_lcd_driver.o(i.nlcdInit) for nlcdInit
    main.o(i.main) refers to nokia1661_lcd_driver.o(i.nlcdSetBackgroundColor) for nlcdSetBackgroundColor
    main.o(i.main) refers to nokia1661_lcd_driver.o(i.nlcdClear) for nlcdClear
    main.o(i.main) refers to nokia1661_lcd_driver.o(i.nlcdSetFont) for nlcdSetFont
    main.o(i.main) refers to nokia1661_lcd_driver.o(i.nlcdSetOrientation) for nlcdSetOrientation
    main.o(i.main) refers to w25q.o(i.W25Q_ReadPage_start) for W25Q_ReadPage_start
    main.o(i.main) refers to nokia1661_lcd_driver.o(i.nlcdGetHeight) for nlcdGetHeight
    main.o(i.main) refers to nokia1661_lcd_driver.o(i.nlcdGetWidth) for nlcdGetWidth
    main.o(i.main) refers to nokia1661_lcd_driver.o(i._nlcdSetWindow) for _nlcdSetWindow
    main.o(i.main) refers to printf8.o(i.__0printf$8) for __2printf
    main.o(i.main) refers to spi_stm32f030.o(i.SPI_w25q) for SPI_w25q
    main.o(i.main) refers to nokia1661_lcd_driver.o(i._nlcdSendPixel) for _nlcdSendPixel
    main.o(i.main) refers to nokia1661_lcd_driver.o(i._nlcdSendCmd) for _nlcdSendCmd
    main.o(i.main) refers to spi_stm32f030.o(i.soft_spi_send) for soft_spi_send
    main.o(i.main) refers to adc_stm32f030.o(i.read_adc) for read_adc
    main.o(i.main) refers to pc_com.o(i.debuge_uart) for debuge_uart
    main.o(i.main) refers to pc_com.o(i.program_manager) for program_manager
    main.o(i.main) refers to main.o(.bss) for .bss
    main.o(i.main) refers to main.o(.constdata) for .constdata
    main.o(i.main) refers to main.o(.data) for .data
    main.o(i.soft_ini) refers to cpu_timer.o(i.ini_cpu_timer) for ini_cpu_timer
    main.o(i.soft_ini) refers to spi_stm32f030.o(i.soft_spi_ini) for soft_spi_ini
    main.o(i.user_provided_block_device_erase) refers to w25q.o(i.W25Q_EraseSector4KB) for W25Q_EraseSector4KB
    main.o(i.user_provided_block_device_prog) refers to w25q.o(i.W25Q_WritePage) for W25Q_WritePage
    main.o(i.user_provided_block_device_read) refers to w25q.o(i.W25Q_ReadPage) for W25Q_ReadPage
    main.o(.constdata) refers to main.o(i.user_provided_block_device_read) for user_provided_block_device_read
    main.o(.constdata) refers to main.o(i.user_provided_block_device_prog) for user_provided_block_device_prog
    main.o(.constdata) refers to main.o(i.user_provided_block_device_erase) for user_provided_block_device_erase
    main.o(.constdata) refers to main.o(i.user_provided_block_device_sync) for user_provided_block_device_sync
    main.o(.constdata) refers to main.o(.bss) for lfs_read_cache_buf
    main.o(.constdata) refers to main.o(.bss) for lfs_prog_cache_buf
[...]
    ../clib/microlib/printf/printf.c         0x00000000   Number         0  printf3.o ABSOLUTE
    ../clib/microlib/printf/stubs.s          0x00000000   Number         0  stubs.o ABSOLUTE
    ../clib/microlib/stdio/fputs.c           0x00000000   Number         0  fputs.o ABSOLUTE
    ../clib/microlib/stdio/fputs.c           0x00000000   Number         0  fputs_e.o ABSOLUTE
    ../clib/microlib/stdio/streams.c         0x00000000   Number         0  stdout.o ABSOLUTE
    ../clib/microlib/stdio/streams.c         0x00000000   Number         0  stderr.o ABSOLUTE
    ../clib/microlib/string/memcmp.c         0x00000000   Number         0  memcmp.o ABSOLUTE
    ../clib/microlib/string/memcpy.c         0x00000000   Number         0  memcpya.o ABSOLUTE
    ../clib/microlib/string/memcpy.c         0x00000000   Number         0  memcpyb.o ABSOLUTE
    ../clib/microlib/string/memset.c         0x00000000   Number         0  memseta.o ABSOLUTE
    ../clib/microlib/string/strchr.c         0x00000000   Number         0  strchr.o ABSOLUTE
    ../clib/microlib/string/strcpy.c         0x00000000   Number         0  strcpy.o ABSOLUTE
    ../clib/microlib/string/strcspn.c        0x00000000   Number         0  strcspn.o ABSOLUTE
    ../clib/microlib/string/strlen.c         0x00000000   Number         0  strlen.o ABSOLUTE
    ../clib/microlib/string/strspn.c         0x00000000   Number         0  strspn.o ABSOLUTE
    ../clib/microlib/stubs.s                 0x00000000   Number         0  iusefp.o ABSOLUTE
    ../fplib/microlib/fpadd.c                0x00000000   Number         0  dadd.o ABSOLUTE
    ../fplib/microlib/fpdiv.c                0x00000000   Number         0  ddiv.o ABSOLUTE
    ../fplib/microlib/fpepilogue.c           0x00000000   Number         0  depilogue.o ABSOLUTE
    ../fplib/microlib/fpfix.c                0x00000000   Number         0  dfixul.o ABSOLUTE
    ../fplib/microlib/fpmul.c                0x00000000   Number         0  dmul.o ABSOLUTE
    ..\Core\LIB\CODE\DAC.C                   0x00000000   Number         0  dac.o ABSOLUTE
    ..\Core\LIB\FUN\CPU_TIMER.C              0x00000000   Number         0  cpu_timer.o ABSOLUTE
    ..\Core\LIB\FUN\PC_COM.C                 0x00000000   Number         0  pc_com.o ABSOLUTE
    ..\Core\LIB\FUN\W25Q.C                   0x00000000   Number         0  w25q.o ABSOLUTE
    ..\Core\LIB\NokiaTFTLib\nokia1661_lcd_driver.c 0x00000000   Number         0  nokia1661_lcd_driver.o ABSOLUTE
    ..\Core\LIB\SYSTEM\ADC_STM32F030.c       0x00000000   Number         0  adc_stm32f030.o ABSOLUTE
    ..\Core\LIB\SYSTEM\CORTEX_STM32F030.c    0x00000000   Number         0  cortex_stm32f030.o ABSOLUTE
    ..\Core\LIB\SYSTEM\GPIO_STM32F030.c      0x00000000   Number         0  gpio_stm32f030.o ABSOLUTE
    ..\Core\LIB\SYSTEM\SPI_STM32F030.c       0x00000000   Number         0  spi_stm32f030.o ABSOLUTE
    ..\Core\LIB\SYSTEM\TIMER_STM32F030.c     0x00000000   Number         0  timer_stm32f030.o ABSOLUTE
    ..\Core\LIB\SYSTEM\USART_STM32F030.c     0x00000000   Number         0  usart_stm32f030.o ABSOLUTE
    ..\Core\LIB\littlefs\lfs.c               0x00000000   Number         0  lfs.o ABSOLUTE
    ..\Core\LIB\littlefs\lfs_port.c          0x00000000   Number         0  lfs_port.o ABSOLUTE
    ..\Core\LIB\littlefs\lfs_util.c          0x00000000   Number         0  lfs_util.o ABSOLUTE
    ..\Core\Src\main.c                       0x00000000   Number         0  main.o ABSOLUTE
    ..\Core\Src\stm32f0xx_it.c               0x00000000   Number         0  stm32f0xx_it.o ABSOLUTE
    ..\Core\Src\system_stm32f0xx.c           0x00000000   Number         0  system_stm32f0xx.o ABSOLUTE
    ..\Drivers\STM32F0xx_HAL_Driver\Src\stm32f0xx_hal.c 0x00000000   Number         0  stm32f0xx_hal.o ABSOLUTE
    ..\Drivers\STM32F0xx_HAL_Driver\Src\stm32f0xx_hal_cortex.c 0x00000000   Number         0  stm32f0xx_hal_cortex.o ABSOLUTE
    ..\Drivers\STM32F0xx_HAL_Driver\Src\stm32f0xx_hal_dma.c 0x00000000   Number         0  stm32f0xx_hal_dma.o ABSOLUTE
    ..\Drivers\STM32F0xx_HAL_Driver\Src\stm32f0xx_hal_exti.c 0x00000000   Number         0  stm32f0xx_hal_exti.o ABSOLUTE
    ..\Drivers\STM32F0xx_HAL_Driver\Src\stm32f0xx_hal_flash.c 0x00000000   Number         0  stm32f0xx_hal_flash.o ABSOLUTE
    ..\Drivers\STM32F0xx_HAL_Driver\Src\stm32f0xx_hal_flash_ex.c 0x00000000   Number         0  stm32f0xx_hal_flash_ex.o ABSOLUTE
    ..\Drivers\STM32F0xx_HAL_Driver\Src\stm32f0xx_hal_gpio.c 0x00000000   Number         0  stm32f0xx_hal_gpio.o ABSOLUTE
    ..\Drivers\STM32F0xx_HAL_Driver\Src\stm32f0xx_hal_i2c.c 0x00000000   Number         0  stm32f0xx_hal_i2c.o ABSOLUTE
    ..\Drivers\STM32F0xx_HAL_Driver\Src\stm32f0xx_hal_i2c_ex.c 0x00000000   Number         0  stm32f0xx_hal_i2c_ex.o ABSOLUTE
    ..\Drivers\STM32F0xx_HAL_Driver\Src\stm32f0xx_hal_pwr.c 0x00000000   Number         0  stm32f0xx_hal_pwr.o ABSOLUTE
    ..\Drivers\STM32F0xx_HAL_Driver\Src\stm32f0xx_hal_pwr_ex.c 0x00000000   Number         0  stm32f0xx_hal_pwr_ex.o ABSOLUTE
    ..\Drivers\STM32F0xx_HAL_Driver\Src\stm32f0xx_hal_rcc.c 0x00000000   Number         0  stm32f0xx_hal_rcc.o ABSOLUTE
    ..\Drivers\STM32F0xx_HAL_Driver\Src\stm32f0xx_hal_rcc_ex.c 0x00000000   Number         0  stm32f0xx_hal_rcc_ex.o ABSOLUTE
    ..\Drivers\STM32F0xx_HAL_Driver\Src\stm32f0xx_hal_tim.c 0x00000000   Number         0  stm32f0xx_hal_tim.o ABSOLUTE
    ..\Drivers\STM32F0xx_HAL_Driver\Src\stm32f0xx_hal_tim_ex.c 0x00000000   Number         0  stm32f0xx_hal_tim_ex.o ABSOLUTE
    ..\Drivers\STM32F0xx_HAL_Driver\Src\stm32f0xx_hal_uart.c 0x00000000   Number         0  stm32f0xx_hal_uart.o ABSOLUTE
    ..\Drivers\STM32F0xx_HAL_Driver\Src\stm32f0xx_hal_uart_ex.c 0x00000000   Number         0  stm32f0xx_hal_uart_ex.o ABSOLUTE
    ..\Drivers\STM32F0xx_HAL_Driver\Src\stm32f0xx_ll_dma.c 0x00000000   Number         0  stm32f0xx_ll_dma_1.o ABSOLUTE
    ..\Drivers\STM32F0xx_HAL_Driver\Src\stm32f0xx_ll_exti.c 0x00000000   Number         0  stm32f0xx_ll_exti_1.o ABSOLUTE
    ..\Drivers\STM32F0xx_HAL_Driver\Src\stm32f0xx_ll_gpio.c 0x00000000   Number         0  stm32f0xx_ll_gpio_2.o ABSOLUTE
    ..\Drivers\STM32F0xx_HAL_Driver\Src\stm32f0xx_ll_i2c.c 0x00000000   Number         0  stm32f0xx_ll_i2c_1.o ABSOLUTE
    ..\Drivers\STM32F0xx_HAL_Driver\Src\stm32f0xx_ll_pwr.c 0x00000000   Number         0  stm32f0xx_ll_pwr_1.o ABSOLUTE
    ..\Drivers\STM32F0xx_HAL_Driver\Src\stm32f0xx_ll_rcc.c 0x00000000   Number         0  stm32f0xx_ll_rcc_1.o ABSOLUTE
    ..\Drivers\STM32F0xx_HAL_Driver\Src\stm32f0xx_ll_spi.c 0x00000000   Number         0  stm32f0xx_ll_spi_1.o ABSOLUTE
    ..\Drivers\STM32F0xx_HAL_Driver\Src\stm32f0xx_ll_utils.c 0x00000000   Number         0  stm32f0xx_ll_utils_1.o ABSOLUTE
    ..\\Core\\LIB\\CODE\\DAC.C               0x00000000   Number         0  dac.o ABSOLUTE
    ..\\Core\\LIB\\FUN\\PC_COM.C             0x00000000   Number         0  pc_com.o ABSOLUTE
    ..\\Core\\LIB\\FUN\\W25Q.C               0x00000000   Number         0  w25q.o ABSOLUTE
    ..\\Core\\LIB\\NokiaTFTLib\\nokia1661_lcd_driver.c 0x00000000   Number         0  nokia1661_lcd_driver.o ABSOLUTE
    ..\\Core\\LIB\\SYSTEM\\ADC_STM32F030.c   0x00000000   Number         0  adc_stm32f030.o ABSOLUTE
    ..\\Core\\LIB\\SYSTEM\\CORTEX_STM32F030.c 0x00000000   Number         0  cortex_stm32f030.o ABSOLUTE
    ..\\Core\\LIB\\SYSTEM\\GPIO_STM32F030.c  0x00000000   Number         0  gpio_stm32f030.o ABSOLUTE
    ..\\Core\\LIB\\SYSTEM\\SPI_STM32F030.c   0x00000000   Number         0  spi_stm32f030.o ABSOLUTE
    ..\\Core\\LIB\\SYSTEM\\TIMER_STM32F030.c 0x00000000   Number         0  timer_stm32f030.o ABSOLUTE
    ..\\Core\\LIB\\SYSTEM\\USART_STM32F030.c 0x00000000   Number         0  usart_stm32f030.o ABSOLUTE
    ..\\Core\\LIB\\littlefs\\lfs.c           0x00000000   Number         0  lfs.o ABSOLUTE
    ..\\Core\\LIB\\littlefs\\lfs_port.c      0x00000000   Number         0  lfs_port.o ABSOLUTE
    ..\\Core\\LIB\\littlefs\\lfs_util.c      0x00000000   Number         0  lfs_util.o ABSOLUTE
    ..\\Drivers\\STM32F0xx_HAL_Driver\\Src\\stm32f0xx_ll_gpio.c 0x00000000   Number         0  stm32f0xx_ll_gpio_2.o ABSOLUTE
    ..\\Drivers\\STM32F0xx_HAL_Driver\\Src\\stm32f0xx_ll_utils.c 0x00000000   Number         0  stm32f0xx_ll_utils_1.o ABSOLUTE
    C:\Users\barby\AppData\Local\Arm\Packs\Keil\ARM_Compiler\1.6.3\Source\retarget_io.c 0x00000000   Number         0  retarget_io.o ABSOLUTE
    cdrcmple.s                               0x00000000   Number         0  cdrcmple.o ABSOLUTE
    dc.s                                     0x00000000   Number         0  dc.o ABSOLUTE
    handlers.s                               0x00000000   Number         0  handlers.o ABSOLUTE
    init.s                                   0x00000000   Number         0  init.o ABSOLUTE
    startup_stm32f030x6.s                    0x00000000   Number         0  startup_stm32f030x6.o ABSOLUTE
    stdout_user.c                            0x00000000   Number         0  stdout_user.o ABSOLUTE
    stdout_user.c                            0x00000000   Number         0  stdout_user.o ABSOLUTE
    RESET                                    0x08000000   Section      176  startup_stm32f030x6.o(RESET)
    .ARM.Collect$$$$00000000                 0x080000b0   Section        0  entry.o(.ARM.Collect$$$$00000000)
    .ARM.Collect$$$$00000001                 0x080000b0   Section        4  entry2.o(.ARM.Collect$$$$00000001)
    .ARM.Collect$$$$00000004                 0x080000b4   Section        4  entry5.o(.ARM.Collect$$$$00000004)
    .ARM.Collect$$$$00000008                 0x080000b8   Section        0  entry7b.o(.ARM.Collect$$$$00000008)
    .ARM.Collect$$$$0000000A                 0x080000b8   Section        0  entry8b.o(.ARM.Collect$$$$0000000A)
    .ARM.Collect$$$$0000000B                 0x080000b8   Section        8  entry9a.o(.ARM.Collect$$$$0000000B)
    .ARM.Collect$$$$0000000D                 0x080000c0   Section        0  entry10a.o(.ARM.Collect$$$$0000000D)
    .ARM.Collect$$$$0000000F                 0x080000c0   Section        0  entry11a.o(.ARM.Collect$$$$0000000F)
    .ARM.Collect$$$$00002712                 0x080000c0   Section        4  entry2.o(.ARM.Collect$$$$00002712)
    __lit__00000000                          0x080000c0   Data           4  entry2.o(.ARM.Collect$$$$00002712)
    .text                                    0x080000c4   Section       28  startup_stm32f030x6.o(.text)
    .text                                    0x080000e0   Section        0  uidiv.o(.text)
    .text                                    0x0800010c   Section        0  idiv.o(.text)
    .text                                    0x08000134   Section        0  uldiv.o(.text)
    .text                                    0x08000194   Section        0  llushr.o(.text)
    .text                                    0x080001b6   Section        0  memcpya.o(.text)
    .text                                    0x080001da   Section        0  memseta.o(.text)
    .text                                    0x080001fe   Section        0  strchr.o(.text)
    .text                                    0x08000212   Section        0  strlen.o(.text)
    .text                                    0x08000220   Section        0  memcmp.o(.text)
    .text                                    0x0800023a   Section        0  strcpy.o(.text)
    .text                                    0x0800024c   Section        0  strspn.o(.text)
    .text                                    0x0800026c   Section        0  strcspn.o(.text)
    .text                                    0x0800028e   Section        0  llshl.o(.text)
    .text                                    0x080002b0   Section       36  init.o(.text)
    .text                                    0x080002d4   Section        0  __dczerorl.o(.text)
    i.DMA1_Channel2_3_IRQHandler             0x0800030e   Section        0  stm32f0xx_it.o(i.DMA1_Channel2_3_IRQHandler)
    i.HAL_IncTick                            0x08000310   Section        0  stm32f0xx_hal.o(i.HAL_IncTick)
    i.HAL_Init                               0x08000320   Section        0  stm32f0xx_hal.o(i.HAL_Init)
    i.HAL_InitTick                           0x08000340   Section        0  stm32f0xx_hal.o(i.HAL_InitTick)
    i.HAL_MspInit                            0x08000384   Section        0  stm32f0xx_hal.o(i.HAL_MspInit)
    i.HAL_NVIC_SetPriority                   0x08000386   Section        0  stm32f0xx_hal_cortex.o(i.HAL_NVIC_SetPriority)
    i.HAL_SYSTICK_Config                     0x08000390   Section        0  stm32f0xx_hal_cortex.o(i.HAL_SYSTICK_Config)
    i.HardFault_Handler                      0x080003c0   Section        0  stm32f0xx_it.o(i.HardFault_Handler)
    i.LL_GPIO_Init                           0x080003c2   Section        0  stm32f0xx_ll_gpio_2.o(i.LL_GPIO_Init)
    i.LL_Init1msTick                         0x08000470   Section        0  stm32f0xx_ll_utils_1.o(i.LL_Init1msTick)
    i.LL_SetSystemCoreClock                  0x08000490   Section        0  stm32f0xx_ll_utils_1.o(i.LL_SetSystemCoreClock)
    i.LL_mDelay                              0x0800049c   Section        0  stm32f0xx_ll_utils_1.o(i.LL_mDelay)
    i.NMI_Handler                            0x080004bc   Section        0  stm32f0xx_it.o(i.NMI_Handler)
    i.PendSV_Handler                         0x080004be   Section        0  stm32f0xx_it.o(i.PendSV_Handler)
    i.SPI_w25q                               0x080004c0   Section        0  spi_stm32f030.o(i.SPI_w25q)
    i.SVC_Handler                            0x080004ec   Section        0  stm32f0xx_it.o(i.SVC_Handler)
    i.SysTick_Handler                        0x080004ee   Section        0  stm32f0xx_it.o(i.SysTick_Handler)
    i.SystemInit                             0x080004fa   Section        0  system_stm32f0xx.o(i.SystemInit)
    i.TIM14_IRQHandler                       0x080004fc   Section        0  stm32f0xx_it.o(i.TIM14_IRQHandler)
    i.USART1_IRQHandler                      0x08000514   Section        0  stm32f0xx_it.o(i.USART1_IRQHandler)
    i.USART_ini                              0x08000548   Section        0  usart_stm32f030.o(i.USART_ini)
    i.W25Q_Enable_Write                      0x080005ec   Section        0  w25q.o(i.W25Q_Enable_Write)
    i.W25Q_EraseSector4KB                    0x08000600   Section        0  w25q.o(i.W25Q_EraseSector4KB)
    i.W25Q_ReadPage_start                    0x08000644   Section        0  w25q.o(i.W25Q_ReadPage_start)
    i.W25Q_Read_Manufact_Device_ID           0x08000670   Section        0  w25q.o(i.W25Q_Read_Manufact_Device_ID)
    i.W25Q_Read_StatusReg                    0x080006b4   Section        0  w25q.o(i.W25Q_Read_StatusReg)
    i.W25Q_WaitBusy                          0x080006e8   Section        0  w25q.o(i.W25Q_WaitBusy)
    i.W25Q_WritePage_start                   0x08000704   Section        0  w25q.o(i.W25Q_WritePage_start)
    i.W25Q_ini                               0x08000732   Section        0  w25q.o(i.W25Q_ini)
    i.__0printf$8                            0x08000790   Section        0  printf8.o(i.__0printf$8)
    i.__ARM_clz                              0x080007b0   Section        0  lfs.o(i.__ARM_clz)
    i.__NVIC_SetPriority                     0x080007e0   Section        0  stm32f0xx_hal_cortex.o(i.__NVIC_SetPriority)
    __NVIC_SetPriority                       0x080007e1   Thumb Code    60  stm32f0xx_hal_cortex.o(i.__NVIC_SetPriority)
    i.__scatterload_copy                     0x08000824   Section       14  handlers.o(i.__scatterload_copy)
    i.__scatterload_null                     0x08000832   Section        2  handlers.o(i.__scatterload_null)
    i.__scatterload_zeroinit                 0x08000834   Section       14  handlers.o(i.__scatterload_zeroinit)
    i._nlcdCmd1616                           0x08000842   Section        0  nokia1661_lcd_driver.o(i._nlcdCmd1616)
    i._nlcdSenPixels                         0x08000876   Section        0  nokia1661_lcd_driver.o(i._nlcdSenPixels)
    i._nlcdSend                              0x08000890   Section        0  nokia1661_lcd_driver.o(i._nlcdSend)
    i._nlcdSendCmd                           0x08000940   Section        0  nokia1661_lcd_driver.o(i._nlcdSendCmd)
    i._nlcdSendPixel                         0x08000948   Section        0  nokia1661_lcd_driver.o(i._nlcdSendPixel)
    i._nlcdSetWindow                         0x08000962   Section        0  nokia1661_lcd_driver.o(i._nlcdSetWindow)
    i._printf_core                           0x0800098c   Section        0  printf8.o(i._printf_core)
    _printf_core                             0x0800098d   Thumb Code  1020  printf8.o(i._printf_core)
    i._printf_post_padding                   0x08000db4   Section        0  printf8.o(i._printf_post_padding)
    _printf_post_padding                     0x08000db5   Thumb Code    32  printf8.o(i._printf_post_padding)
    i._printf_pre_padding                    0x08000dd4   Section        0  printf8.o(i._printf_pre_padding)
    _printf_pre_padding                      0x08000dd5   Thumb Code    44  printf8.o(i._printf_pre_padding)
    i.adc_calibre                            0x08000e00   Section        0  adc_stm32f030.o(i.adc_calibre)
    i.adc_ini                                0x08000e18   Section        0  adc_stm32f030.o(i.adc_ini)
    i.clock_ini                              0x08000e8c   Section        0  cortex_stm32f030.o(i.clock_ini)
    i.clr_str_rx                             0x08000f30   Section        0  pc_com.o(i.clr_str_rx)
    i.clr_str_tx                             0x08000f58   Section        0  pc_com.o(i.clr_str_tx)
    i.dac                                    0x08000f80   Section        0  dac.o(i.dac)
    i.dac_ini                                0x08000ff0   Section        0  dac.o(i.dac_ini)
    i.dac_start                              0x08001064   Section        0  dac.o(i.dac_start)
    i.debuge_uart                            0x08001094   Section        0  pc_com.o(i.debuge_uart)
    i.dma_ini                                0x08001464   Section        0  cortex_stm32f030.o(i.dma_ini)
    i.fputc                                  0x08001474   Section        0  retarget_io.o(i.fputc)
    i.gpio_ini                               0x0800148c   Section        0  gpio_stm32f030.o(i.gpio_ini)
    i.hard_ini                               0x0800153c   Section        0  main.o(i.hard_ini)
    i.ini_cpu_timer                          0x08001574   Section        0  cpu_timer.o(i.ini_cpu_timer)
    i.lfs_aligndown                          0x08001620   Section        0  lfs.o(i.lfs_aligndown)
    lfs_aligndown                            0x08001621   Thumb Code    12  lfs.o(i.lfs_aligndown)
    i.lfs_alignup                            0x0800162c   Section        0  lfs.o(i.lfs_alignup)
    lfs_alignup                              0x0800162d   Thumb Code    16  lfs.o(i.lfs_alignup)
    i.lfs_alloc                              0x0800163c   Section        0  lfs.o(i.lfs_alloc)
    lfs_alloc                                0x0800163d   Thumb Code   208  lfs.o(i.lfs_alloc)
    i.lfs_alloc_drop                         0x08001758   Section        0  lfs.o(i.lfs_alloc_drop)
    lfs_alloc_drop                           0x08001759   Thumb Code    14  lfs.o(i.lfs_alloc_drop)
    i.lfs_alloc_lookahead                    0x08001766   Section        0  lfs.o(i.lfs_alloc_lookahead)
    lfs_alloc_lookahead                      0x08001767   Thumb Code    48  lfs.o(i.lfs_alloc_lookahead)
    i.lfs_bd_cmp                             0x08001796   Section        0  lfs.o(i.lfs_bd_cmp)
    lfs_bd_cmp                               0x08001797   Thumb Code    86  lfs.o(i.lfs_bd_cmp)
    i.lfs_bd_erase                           0x080017ec   Section        0  lfs.o(i.lfs_bd_erase)
    lfs_bd_erase                             0x080017ed   Thumb Code     6  lfs.o(i.lfs_bd_erase)
    i.lfs_bd_flush                           0x080017f2   Section        0  lfs.o(i.lfs_bd_flush)
    lfs_bd_flush                             0x080017f3   Thumb Code   114  lfs.o(i.lfs_bd_flush)
    i.lfs_bd_prog                            0x08001864   Section        0  lfs.o(i.lfs_bd_prog)
    lfs_bd_prog                              0x08001865   Thumb Code   152  lfs.o(i.lfs_bd_prog)
    i.lfs_bd_read                            0x080018fc   Section        0  lfs.o(i.lfs_bd_read)
    lfs_bd_read                              0x080018fd   Thumb Code   326  lfs.o(i.lfs_bd_read)
    i.lfs_cache_zero                         0x08001a42   Section        0  lfs.o(i.lfs_cache_zero)
    lfs_cache_zero                           0x08001a43   Thumb Code    24  lfs.o(i.lfs_cache_zero)
    i.lfs_crc                                0x08001a5c   Section        0  lfs_util.o(i.lfs_crc)
    i.lfs_ctz                                0x08001a8c   Section        0  lfs.o(i.lfs_ctz)
    lfs_ctz                                  0x08001a8d   Thumb Code    16  lfs.o(i.lfs_ctz)
    i.lfs_ctz_extend                         0x08001a9c   Section        0  lfs.o(i.lfs_ctz_extend)
    lfs_ctz_extend                           0x08001a9d   Thumb Code   318  lfs.o(i.lfs_ctz_extend)
    i.lfs_ctz_find                           0x08001c24   Section        0  lfs.o(i.lfs_ctz_find)
    lfs_ctz_find                             0x08001c25   Thumb Code   142  lfs.o(i.lfs_ctz_find)
    i.lfs_ctz_fromle32                       0x08001cb2   Section        0  lfs.o(i.lfs_ctz_fromle32)
    lfs_ctz_fromle32                         0x08001cb3   Thumb Code    22  lfs.o(i.lfs_ctz_fromle32)
    i.lfs_ctz_index                          0x08001cc8   Section        0  lfs.o(i.lfs_ctz_index)
    lfs_ctz_index                            0x08001cc9   Thumb Code    62  lfs.o(i.lfs_ctz_index)
    i.lfs_ctz_traverse                       0x08001d06   Section        0  lfs.o(i.lfs_ctz_traverse)
    lfs_ctz_traverse                         0x08001d07   Thumb Code   152  lfs.o(i.lfs_ctz_traverse)
    i.lfs_deinit                             0x08001d9e   Section        0  lfs.o(i.lfs_deinit)
    lfs_deinit                               0x08001d9f   Thumb Code     4  lfs.o(i.lfs_deinit)
    i.lfs_dir_alloc                          0x08001da2   Section        0  lfs.o(i.lfs_dir_alloc)
    lfs_dir_alloc                            0x08001da3   Thumb Code   142  lfs.o(i.lfs_dir_alloc)
    i.lfs_dir_commit                         0x08001e30   Section        0  lfs.o(i.lfs_dir_commit)
    lfs_dir_commit                           0x08001e31   Thumb Code   800  lfs.o(i.lfs_dir_commit)
    i.lfs_dir_commit_commit                  0x08002168   Section        0  lfs.o(i.lfs_dir_commit_commit)
    lfs_dir_commit_commit                    0x08002169   Thumb Code    16  lfs.o(i.lfs_dir_commit_commit)
    i.lfs_dir_commit_size                    0x08002178   Section        0  lfs.o(i.lfs_dir_commit_size)
    lfs_dir_commit_size                      0x08002179   Thumb Code    20  lfs.o(i.lfs_dir_commit_size)
    i.lfs_dir_commitattr                     0x0800218c   Section        0  lfs.o(i.lfs_dir_commitattr)
    lfs_dir_commitattr                       0x0800218d   Thumb Code   166  lfs.o(i.lfs_dir_commitattr)
    i.lfs_dir_commitcrc                      0x08002234   Section        0  lfs.o(i.lfs_dir_commitcrc)
    lfs_dir_commitcrc                        0x08002235   Thumb Code   426  lfs.o(i.lfs_dir_commitcrc)
    i.lfs_dir_commitprog                     0x080023e8   Section        0  lfs.o(i.lfs_dir_commitprog)
    lfs_dir_commitprog                       0x080023e9   Thumb Code    60  lfs.o(i.lfs_dir_commitprog)
    i.lfs_dir_compact                        0x08002424   Section        0  lfs.o(i.lfs_dir_compact)
    lfs_dir_compact                          0x08002425   Thumb Code   852  lfs.o(i.lfs_dir_compact)
    i.lfs_dir_drop                           0x08002878   Section        0  lfs.o(i.lfs_dir_drop)
    lfs_dir_drop                             0x08002879   Thumb Code    68  lfs.o(i.lfs_dir_drop)
    i.lfs_dir_fetch                          0x080028c0   Section        0  lfs.o(i.lfs_dir_fetch)
    lfs_dir_fetch                            0x080028c1   Thumb Code    22  lfs.o(i.lfs_dir_fetch)
    i.lfs_dir_fetchmatch                     0x080028d8   Section        0  lfs.o(i.lfs_dir_fetchmatch)
    lfs_dir_fetchmatch                       0x080028d9   Thumb Code  1020  lfs.o(i.lfs_dir_fetchmatch)
    i.lfs_dir_find                           0x08002d3c   Section        0  lfs.o(i.lfs_dir_find)
    lfs_dir_find                             0x08002d3d   Thumb Code   314  lfs.o(i.lfs_dir_find)
    i.lfs_dir_find_match                     0x08002e98   Section        0  lfs.o(i.lfs_dir_find_match)
    lfs_dir_find_match                       0x08002e99   Thumb Code    74  lfs.o(i.lfs_dir_find_match)
    i.lfs_dir_get                            0x08002ee2   Section        0  lfs.o(i.lfs_dir_get)
    lfs_dir_get                              0x08002ee3   Thumb Code    20  lfs.o(i.lfs_dir_get)
    i.lfs_dir_getgstate                      0x08002ef8   Section        0  lfs.o(i.lfs_dir_getgstate)
    lfs_dir_getgstate                        0x08002ef9   Thumb Code    70  lfs.o(i.lfs_dir_getgstate)
    i.lfs_dir_getread                        0x08002f44   Section        0  lfs.o(i.lfs_dir_getread)
    lfs_dir_getread                          0x08002f45   Thumb Code   226  lfs.o(i.lfs_dir_getread)
    i.lfs_dir_getslice                       0x08003028   Section        0  lfs.o(i.lfs_dir_getslice)
    lfs_dir_getslice                         0x08003029   Thumb Code   290  lfs.o(i.lfs_dir_getslice)
    i.lfs_dir_split                          0x08003158   Section        0  lfs.o(i.lfs_dir_split)
    lfs_dir_split                            0x08003159   Thumb Code   108  lfs.o(i.lfs_dir_split)
    i.lfs_dir_traverse                       0x080031c4   Section        0  lfs.o(i.lfs_dir_traverse)
    lfs_dir_traverse                         0x080031c5   Thumb Code   388  lfs.o(i.lfs_dir_traverse)
    i.lfs_dir_traverse_filter                0x08003354   Section        0  lfs.o(i.lfs_dir_traverse_filter)
    lfs_dir_traverse_filter                  0x08003355   Thumb Code   104  lfs.o(i.lfs_dir_traverse_filter)
    i.lfs_file_close                         0x080033cc   Section        0  lfs.o(i.lfs_file_close)
    i.lfs_file_flush                         0x08003478   Section        0  lfs.o(i.lfs_file_flush)
    lfs_file_flush                           0x08003479   Thumb Code   224  lfs.o(i.lfs_file_flush)
    i.lfs_file_open                          0x080035a8   Section        0  lfs.o(i.lfs_file_open)
    i.lfs_file_outline                       0x08003670   Section        0  lfs.o(i.lfs_file_outline)
    lfs_file_outline                         0x08003671   Thumb Code    38  lfs.o(i.lfs_file_outline)
    i.lfs_file_rawclose                      0x08003696   Section        0  lfs.o(i.lfs_file_rawclose)
    lfs_file_rawclose                        0x08003697   Thumb Code    24  lfs.o(i.lfs_file_rawclose)
    i.lfs_file_rawopencfg                    0x080036b0   Section        0  lfs.o(i.lfs_file_rawopencfg)
    lfs_file_rawopencfg                      0x080036b1   Thumb Code   520  lfs.o(i.lfs_file_rawopencfg)
    i.lfs_file_rawread                       0x080038d8   Section        0  lfs.o(i.lfs_file_rawread)
    lfs_file_rawread                         0x080038d9   Thumb Code   240  lfs.o(i.lfs_file_rawread)
    i.lfs_file_rawseek                       0x080039d0   Section        0  lfs.o(i.lfs_file_rawseek)
    lfs_file_rawseek                         0x080039d1   Thumb Code    76  lfs.o(i.lfs_file_rawseek)
    i.lfs_file_rawsize                       0x08003a1c   Section        0  lfs.o(i.lfs_file_rawsize)
    lfs_file_rawsize                         0x08003a1d   Thumb Code    18  lfs.o(i.lfs_file_rawsize)
    i.lfs_file_rawsync                       0x08003a30   Section        0  lfs.o(i.lfs_file_rawsync)
    lfs_file_rawsync                         0x08003a31   Thumb Code   170  lfs.o(i.lfs_file_rawsync)
    i.lfs_file_rawwrite                      0x08003ae0   Section        0  lfs.o(i.lfs_file_rawwrite)
    lfs_file_rawwrite                        0x08003ae1   Thumb Code   426  lfs.o(i.lfs_file_rawwrite)
    i.lfs_file_read                          0x08003c90   Section        0  lfs.o(i.lfs_file_read)
    i.lfs_file_relocate                      0x08003d50   Section        0  lfs.o(i.lfs_file_relocate)
    lfs_file_relocate                        0x08003d51   Thumb Code   238  lfs.o(i.lfs_file_relocate)
    i.lfs_file_rewind                        0x08003e90   Section        0  lfs.o(i.lfs_file_rewind)
    i.lfs_file_write                         0x08003f48   Section        0  lfs.o(i.lfs_file_write)
    i.lfs_frombe32                           0x0800400c   Section        0  lfs.o(i.lfs_frombe32)
    lfs_frombe32                             0x0800400d   Thumb Code    18  lfs.o(i.lfs_frombe32)
    i.lfs_fromle32                           0x0800401e   Section        0  lfs.o(i.lfs_fromle32)
    lfs_fromle32                             0x0800401f   Thumb Code    18  lfs.o(i.lfs_fromle32)
    i.lfs_fs_demove                          0x08004030   Section        0  lfs.o(i.lfs_fs_demove)
    lfs_fs_demove                            0x08004031   Thumb Code   104  lfs.o(i.lfs_fs_demove)
    i.lfs_fs_deorphan                        0x080040f4   Section        0  lfs.o(i.lfs_fs_deorphan)
    lfs_fs_deorphan                          0x080040f5   Thumb Code   270  lfs.o(i.lfs_fs_deorphan)
    i.lfs_fs_forceconsistency                0x080042a0   Section        0  lfs.o(i.lfs_fs_forceconsistency)
    lfs_fs_forceconsistency                  0x080042a1   Thumb Code    20  lfs.o(i.lfs_fs_forceconsistency)
    i.lfs_fs_parent                          0x080042b4   Section        0  lfs.o(i.lfs_fs_parent)
    lfs_fs_parent                            0x080042b5   Thumb Code   110  lfs.o(i.lfs_fs_parent)
    i.lfs_fs_parent_match                    0x08004330   Section        0  lfs.o(i.lfs_fs_parent_match)
    lfs_fs_parent_match                      0x08004331   Thumb Code    64  lfs.o(i.lfs_fs_parent_match)
    i.lfs_fs_pred                            0x08004370   Section        0  lfs.o(i.lfs_fs_pred)
    lfs_fs_pred                              0x08004371   Thumb Code    82  lfs.o(i.lfs_fs_pred)
    i.lfs_fs_prepmove                        0x080043c4   Section        0  lfs.o(i.lfs_fs_prepmove)
    lfs_fs_prepmove                          0x080043c5   Thumb Code    48  lfs.o(i.lfs_fs_prepmove)
    i.lfs_fs_preporphans                     0x08004400   Section        0  lfs.o(i.lfs_fs_preporphans)
    lfs_fs_preporphans                       0x08004401   Thumb Code    26  lfs.o(i.lfs_fs_preporphans)
    i.lfs_fs_rawsize                         0x0800441c   Section        0  lfs.o(i.lfs_fs_rawsize)
    lfs_fs_rawsize                           0x0800441d   Thumb Code    24  lfs.o(i.lfs_fs_rawsize)
    i.lfs_fs_rawtraverse                     0x08004438   Section        0  lfs.o(i.lfs_fs_rawtraverse)
    lfs_fs_rawtraverse                       0x08004439   Thumb Code   322  lfs.o(i.lfs_fs_rawtraverse)
    i.lfs_fs_relocate                        0x0800458c   Section        0  lfs.o(i.lfs_fs_relocate)
    lfs_fs_relocate                          0x0800458d   Thumb Code   436  lfs.o(i.lfs_fs_relocate)
    i.lfs_fs_size_count                      0x080047b0   Section        0  lfs.o(i.lfs_fs_size_count)
    lfs_fs_size_count                        0x080047b1   Thumb Code    10  lfs.o(i.lfs_fs_size_count)
    i.lfs_gstate_hasmove                     0x080047ba   Section        0  lfs.o(i.lfs_gstate_hasmove)
    lfs_gstate_hasmove                       0x080047bb   Thumb Code    12  lfs.o(i.lfs_gstate_hasmove)
    i.lfs_gstate_hasmovehere                 0x080047c6   Section        0  lfs.o(i.lfs_gstate_hasmovehere)
    lfs_gstate_hasmovehere                   0x080047c7   Thumb Code    36  lfs.o(i.lfs_gstate_hasmovehere)
    i.lfs_gstate_iszero                      0x080047ea   Section        0  lfs.o(i.lfs_gstate_iszero)
    lfs_gstate_iszero                        0x080047eb   Thumb Code    24  lfs.o(i.lfs_gstate_iszero)
    i.lfs_gstate_tole32                      0x08004802   Section        0  lfs.o(i.lfs_gstate_tole32)
    lfs_gstate_tole32                        0x08004803   Thumb Code    30  lfs.o(i.lfs_gstate_tole32)
    i.lfs_gstate_xor                         0x08004820   Section        0  lfs.o(i.lfs_gstate_xor)
    lfs_gstate_xor                           0x08004821   Thumb Code    22  lfs.o(i.lfs_gstate_xor)
    i.lfs_min                                0x08004836   Section        0  lfs.o(i.lfs_min)
    lfs_min                                  0x08004837   Thumb Code     8  lfs.o(i.lfs_min)
    i.lfs_mlist_remove                       0x0800483e   Section        0  lfs.o(i.lfs_mlist_remove)
    lfs_mlist_remove                         0x0800483f   Thumb Code    24  lfs.o(i.lfs_mlist_remove)
    i.lfs_pair_cmp                           0x08004856   Section        0  lfs.o(i.lfs_pair_cmp)
    lfs_pair_cmp                             0x08004857   Thumb Code    32  lfs.o(i.lfs_pair_cmp)
    i.lfs_pair_fromle32                      0x08004876   Section        0  lfs.o(i.lfs_pair_fromle32)
    lfs_pair_fromle32                        0x08004877   Thumb Code    22  lfs.o(i.lfs_pair_fromle32)
    i.lfs_pair_isnull                        0x0800488c   Section        0  lfs.o(i.lfs_pair_isnull)
    lfs_pair_isnull                          0x0800488d   Thumb Code    20  lfs.o(i.lfs_pair_isnull)
    i.lfs_pair_tole32                        0x080048a0   Section        0  lfs.o(i.lfs_pair_tole32)
    lfs_pair_tole32                          0x080048a1   Thumb Code    22  lfs.o(i.lfs_pair_tole32)
    i.lfs_popc                               0x080048b8   Section        0  lfs.o(i.lfs_popc)
    lfs_popc                                 0x080048b9   Thumb Code    42  lfs.o(i.lfs_popc)
    i.lfs_rawunmount                         0x080048f0   Section        0  lfs.o(i.lfs_rawunmount)
    lfs_rawunmount                           0x080048f1   Thumb Code     8  lfs.o(i.lfs_rawunmount)
    i.lfs_tag_dsize                          0x080048f8   Section        0  lfs.o(i.lfs_tag_dsize)
    lfs_tag_dsize                            0x080048f9   Thumb Code    18  lfs.o(i.lfs_tag_dsize)
    i.lfs_tag_isdelete                       0x0800490a   Section        0  lfs.o(i.lfs_tag_isdelete)
    lfs_tag_isdelete                         0x0800490b   Thumb Code    16  lfs.o(i.lfs_tag_isdelete)
    i.lfs_tag_type1                          0x0800491a   Section        0  lfs.o(i.lfs_tag_type1)
    lfs_tag_type1                            0x0800491b   Thumb Code    10  lfs.o(i.lfs_tag_type1)
    i.lfs_tole32                             0x08004924   Section        0  lfs.o(i.lfs_tole32)
    lfs_tole32                               0x08004925   Thumb Code     8  lfs.o(i.lfs_tole32)
    i.lfs_unmount                            0x0800492c   Section        0  lfs.o(i.lfs_unmount)
    i.main                                   0x080049c8   Section        0  main.o(i.main)
    i.nlcdClear                              0x08004c04   Section        0  nokia1661_lcd_driver.o(i.nlcdClear)
    i.nlcdGetHeight                          0x08004c40   Section        0  nokia1661_lcd_driver.o(i.nlcdGetHeight)
    i.nlcdGetWidth                           0x08004c58   Section        0  nokia1661_lcd_driver.o(i.nlcdGetWidth)
    i.nlcdInit                               0x08004c70   Section        0  nokia1661_lcd_driver.o(i.nlcdInit)
    i.nlcdSetBackgroundColor                 0x08004d38   Section        0  nokia1661_lcd_driver.o(i.nlcdSetBackgroundColor)
    i.nlcdSetFont                            0x08004d44   Section        0  nokia1661_lcd_driver.o(i.nlcdSetFont)
    i.nlcdSetOrientation                     0x08004d74   Section        0  nokia1661_lcd_driver.o(i.nlcdSetOrientation)
    i.nvic_ini                               0x08004da8   Section        0  cortex_stm32f030.o(i.nvic_ini)
    i.program_manager                        0x08004dc4   Section        0  pc_com.o(i.program_manager)
    i.put_help                               0x08004e40   Section        0  pc_com.o(i.put_help)
    i.put_w25q                               0x08004f2c   Section        0  pc_com.o(i.put_w25q)
    i.read_adc                               0x08005040   Section        0  adc_stm32f030.o(i.read_adc)
    i.soft_ini                               0x0800506c   Section        0  main.o(i.soft_ini)
    i.soft_spi_ini                           0x08005078   Section        0  spi_stm32f030.o(i.soft_spi_ini)
    i.soft_spi_send                          0x080050e0   Section        0  spi_stm32f030.o(i.soft_spi_send)
    i.spi_ini                                0x0800511c   Section        0  spi_stm32f030.o(i.spi_ini)
    i.stdout_putchar                         0x08005158   Section        0  stdout_user.o(i.stdout_putchar)
    i.tim14_ini                              0x08005170   Section        0  timer_stm32f030.o(i.tim14_ini)
    i.timer_basic_manager                    0x080051c0   Section        0  cpu_timer.o(i.timer_basic_manager)
    i.uart_manager_interupt_rx               0x08005268   Section        0  pc_com.o(i.uart_manager_interupt_rx)
    i.uart_manager_interupt_tx               0x080052b8   Section        0  pc_com.o(i.uart_manager_interupt_tx)
    i.usart_comp_str                         0x080052f0   Section        0  pc_com.o(i.usart_comp_str)
    i.usart_send_str_int                     0x08005328   Section        0  pc_com.o(i.usart_send_str_int)
    .constdata                               0x080053e8   Section      807  main.o(.constdata)
    .constdata                               0x08005710   Section       20  pc_com.o(.constdata)
    .constdata                               0x08005724   Section      416  lfs.o(.constdata)
    <Data1>                                  0x0800575c   Data          12  lfs.o(.constdata)
    <Data2>                                  0x08005780   Data          12  lfs.o(.constdata)
    defaults                                 0x080057a4   Data          12  lfs.o(.constdata)
    <Data3>                                  0x08005804   Data          12  lfs.o(.constdata)
    <Data4>                                  0x08005810   Data          12  lfs.o(.constdata)
    <Data5>                                  0x0800581c   Data          12  lfs.o(.constdata)
    .constdata                               0x080058c4   Section       64  lfs_util.o(.constdata)
    rtable                                   0x080058c4   Data          64  lfs_util.o(.constdata)
    .constdata                               0x08005904   Section       12  nokia1661_lcd_driver.o(.constdata)
    .conststring                             0x08005910   Section        9  lfs.o(.conststring)
    .data                                    0x20000000   Section     1000  main.o(.data)
    .data                                    0x200003e8   Section        8  main.o(.data)
    .data                                    0x200003f0   Section        8  main.o(.data)
    .data                                    0x200003f8   Section       16  main.o(.data)
    .data                                    0x20000408   Section        1  stm32f0xx_it.o(.data)
    .data                                    0x2000040c   Section       12  pc_com.o(.data)
    .data                                    0x20000418   Section        9  w25q.o(.data)
    Data1                                    0x20000418   Data           1  w25q.o(.data)
    Data2                                    0x20000419   Data           1  w25q.o(.data)
    Data3                                    0x2000041a   Data           1  w25q.o(.data)
    Data1                                    0x2000041b   Data           1  w25q.o(.data)
    Data2                                    0x2000041c   Data           1  w25q.o(.data)
    Data3                                    0x2000041d   Data           1  w25q.o(.data)
    Data1                                    0x2000041e   Data           1  w25q.o(.data)
    Data2                                    0x2000041f   Data           1  w25q.o(.data)
    Data3                                    0x20000420   Data           1  w25q.o(.data)
    .data                                    0x20000422   Section       18  nokia1661_lcd_driver.o(.data)
    ShiftBit                                 0x20000422   Data          18  nokia1661_lcd_driver.o(.data)
    .data                                    0x20000434   Section       12  stm32f0xx_hal.o(.data)
    .data                                    0x20000440   Section        4  system_stm32f0xx.o(.data)
    .data                                    0x20000444   Section        4  stdout.o(.data)
    .bss                                     0x20000448   Section       68  main.o(.bss)
    .bss                                     0x2000048c   Section       20  main.o(.bss)
    .bss                                     0x200004a0   Section      120  main.o(.bss)
    .bss                                     0x20000518   Section       84  main.o(.bss)
    .bss                                     0x2000056c   Section     1000  main.o(.bss)
    .bss                                     0x20000954   Section       42  pc_com.o(.bss)
    .bss                                     0x20000980   Section       64  lfs.o(.bss)
    mem                                      0x20000980   Data          64  lfs.o(.bss)
    .bss                                     0x200009c0   Section       20  nokia1661_lcd_driver.o(.bss)
    STACK                                    0x200009d8   Section     1024  startup_stm32f030x6.o(STACK)

    Global Symbols

    Symbol Name                              Value     Ov Type        Size  Object(Section)

    BuildAttributes$$THM_ISAv3M$S$PE$A:L22$X:L11$S22$IEEE1$IW$USESV6$~STKCKD$USESV7$~SHL$OSPACE$ROPI$EBA8$MICROLIB$REQ8$PRES8$EABIv2 0x00000000   Number         0  anon$$obj.o ABSOLUTE
    __ARM_use_no_argv                        0x00000000   Number         0  main.o ABSOLUTE
    _printf_a                                0x00000000   Number         0  stubs.o ABSOLUTE
    _printf_c                                0x00000000   Number         0  stubs.o ABSOLUTE
    _printf_charcount                        0x00000000   Number         0  stubs.o ABSOLUTE
    _printf_d                                0x00000000   Number         0  stubs.o ABSOLUTE
    _printf_e                                0x00000000   Number         0  stubs.o ABSOLUTE
    _printf_f                                0x00000000   Number         0  stubs.o ABSOLUTE
    _printf_flags                            0x00000000   Number         0  stubs.o ABSOLUTE
    _printf_fp_dec                           0x00000000   Number         0  stubs.o ABSOLUTE
    _printf_fp_hex                           0x00000000   Number         0  stubs.o ABSOLUTE
    _printf_g                                0x00000000   Number         0  stubs.o ABSOLUTE
    _printf_i                                0x00000000   Number         0  stubs.o ABSOLUTE
    _printf_int_dec                          0x00000000   Number         0  stubs.o ABSOLUTE
    _printf_l                                0x00000000   Number         0  stubs.o ABSOLUTE
    _printf_lc                               0x00000000   Number         0  stubs.o ABSOLUTE
    _printf_ll                               0x00000000   Number         0  stubs.o ABSOLUTE
    _printf_lld                              0x00000000   Number         0  stubs.o ABSOLUTE
    _printf_lli                              0x00000000   Number         0  stubs.o ABSOLUTE
    _printf_llo                              0x00000000   Number         0  stubs.o ABSOLUTE
    _printf_llu                              0x00000000   Number         0  stubs.o ABSOLUTE
    _printf_llx                              0x00000000   Number         0  stubs.o ABSOLUTE
    _printf_longlong_dec                     0x00000000   Number         0  stubs.o ABSOLUTE
    _printf_longlong_hex                     0x00000000   Number         0  stubs.o ABSOLUTE
    _printf_longlong_oct                     0x00000000   Number         0  stubs.o ABSOLUTE
    _printf_ls                               0x00000000   Number         0  stubs.o ABSOLUTE
    _printf_mbtowc                           0x00000000   Number         0  stubs.o ABSOLUTE
    _printf_n                                0x00000000   Number         0  stubs.o ABSOLUTE
    _printf_o                                0x00000000   Number         0  stubs.o ABSOLUTE
    _printf_p                                0x00000000   Number         0  stubs.o ABSOLUTE
    _printf_percent                          0x00000000   Number         0  stubs.o ABSOLUTE
    _printf_pre_padding                      0x00000000   Number         0  stubs.o ABSOLUTE
    _printf_return_value                     0x00000000   Number         0  stubs.o ABSOLUTE
    _printf_s                                0x00000000   Number         0  stubs.o ABSOLUTE
    _printf_sizespec                         0x00000000   Number         0  stubs.o ABSOLUTE
    _printf_str                              0x00000000   Number         0  stubs.o ABSOLUTE
    _printf_truncate_signed                  0x00000000   Number         0  stubs.o ABSOLUTE
    _printf_truncate_unsigned                0x00000000   Number         0  stubs.o ABSOLUTE
    _printf_u                                0x00000000   Number         0  stubs.o ABSOLUTE
    _printf_wc                               0x00000000   Number         0  stubs.o ABSOLUTE
    _printf_wctomb                           0x00000000   Number         0  stubs.o ABSOLUTE
    _printf_widthprec                        0x00000000   Number         0  stubs.o ABSOLUTE
    _printf_x                                0x00000000   Number         0  stubs.o ABSOLUTE
    __cpp_initialize__aeabi_                  - Undefined Weak Reference
    __cxa_finalize                            - Undefined Weak Reference
    _clock_init                               - Undefined Weak Reference
    _microlib_exit                            - Undefined Weak Reference
    __Vectors_Size                           0x000000b0   Number         0  startup_stm32f030x6.o ABSOLUTE
    __Vectors                                0x08000000   Data           4  startup_stm32f030x6.o(RESET)
    __Vectors_End                            0x080000b0   Data           0  startup_stm32f030x6.o(RESET)
    __main                                   0x080000b1   Thumb Code     0  entry.o(.ARM.Collect$$$$00000000)
    _main_stk                                0x080000b1   Thumb Code     0  entry2.o(.ARM.Collect$$$$00000001)
    _main_scatterload                        0x080000b5   Thumb Code     0  entry5.o(.ARM.Collect$$$$00000004)
    __main_after_scatterload                 0x080000b9   Thumb Code     0  entry5.o(.ARM.Collect$$$$00000004)
    _main_clock                              0x080000b9   Thumb Code     0  entry7b.o(.ARM.Collect$$$$00000008)
    _main_cpp_init                           0x080000b9   Thumb Code     0  entry8b.o(.ARM.Collect$$$$0000000A)
    _main_init                               0x080000b9   Thumb Code     0  entry9a.o(.ARM.Collect$$$$0000000B)
    __rt_final_cpp                           0x080000c1   Thumb Code     0  entry10a.o(.ARM.Collect$$$$0000000D)
    __rt_final_exit                          0x080000c1   Thumb Code     0  entry11a.o(.ARM.Collect$$$$0000000F)
    Reset_Handler                            0x080000c5   Thumb Code     8  startup_stm32f030x6.o(.text)
    ADC1_IRQHandler                          0x080000d7   Thumb Code     0  startup_stm32f030x6.o(.text)
    DMA1_Channel1_IRQHandler                 0x080000d7   Thumb Code     0  startup_stm32f030x6.o(.text)
    DMA1_Channel4_5_IRQHandler               0x080000d7   Thumb Code     0  startup_stm32f030x6.o(.text)
    EXTI0_1_IRQHandler                       0x080000d7   Thumb Code     0  startup_stm32f030x6.o(.text)
    EXTI2_3_IRQHandler                       0x080000d7   Thumb Code     0  startup_stm32f030x6.o(.text)
    EXTI4_15_IRQHandler                      0x080000d7   Thumb Code     0  startup_stm32f030x6.o(.text)
    FLASH_IRQHandler                         0x080000d7   Thumb Code     0  startup_stm32f030x6.o(.text)
    I2C1_IRQHandler                          0x080000d7   Thumb Code     0  startup_stm32f030x6.o(.text)
    RCC_IRQHandler                           0x080000d7   Thumb Code     0  startup_stm32f030x6.o(.text)
    RTC_IRQHandler                           0x080000d7   Thumb Code     0  startup_stm32f030x6.o(.text)
    SPI1_IRQHandler                          0x080000d7   Thumb Code     0  startup_stm32f030x6.o(.text)
    TIM16_IRQHandler                         0x080000d7   Thumb Code     0  startup_stm32f030x6.o(.text)
    TIM17_IRQHandler                         0x080000d7   Thumb Code     0  startup_stm32f030x6.o(.text)
    TIM1_BRK_UP_TRG_COM_IRQHandler           0x080000d7   Thumb Code     0  startup_stm32f030x6.o(.text)
    TIM1_CC_IRQHandler                       0x080000d7   Thumb Code     0  startup_stm32f030x6.o(.text)
    TIM3_IRQHandler                          0x080000d7   Thumb Code     0  startup_stm32f030x6.o(.text)
    WWDG_IRQHandler                          0x080000d7   Thumb Code     0  startup_stm32f030x6.o(.text)
    __aeabi_uidiv                            0x080000e1   Thumb Code     0  uidiv.o(.text)
    __aeabi_uidivmod                         0x080000e1   Thumb Code    44  uidiv.o(.text)
    __aeabi_idiv                             0x0800010d   Thumb Code     0  idiv.o(.text)
    __aeabi_idivmod                          0x0800010d   Thumb Code    40  idiv.o(.text)
    __aeabi_uldivmod                         0x08000135   Thumb Code    96  uldiv.o(.text)
    __aeabi_llsr                             0x08000195   Thumb Code    34  llushr.o(.text)
    _ll_ushift_r                             0x08000195   Thumb Code     0  llushr.o(.text)
    __aeabi_memcpy                           0x080001b7   Thumb Code    36  memcpya.o(.text)
    __aeabi_memcpy4                          0x080001b7   Thumb Code     0  memcpya.o(.text)
    __aeabi_memcpy8                          0x080001b7   Thumb Code     0  memcpya.o(.text)
    __aeabi_memset                           0x080001db   Thumb Code    14  memseta.o(.text)
    __aeabi_memset4                          0x080001db   Thumb Code     0  memseta.o(.text)
    __aeabi_memset8                          0x080001db   Thumb Code     0  memseta.o(.text)
    __aeabi_memclr                           0x080001e9   Thumb Code     4  memseta.o(.text)
    __aeabi_memclr4                          0x080001e9   Thumb Code     0  memseta.o(.text)
    __aeabi_memclr8                          0x080001e9   Thumb Code     0  memseta.o(.text)
    _memset$wrapper                          0x080001ed   Thumb Code    18  memseta.o(.text)
    strchr                                   0x080001ff   Thumb Code    20  strchr.o(.text)
    strlen                                   0x08000213   Thumb Code    14  strlen.o(.text)
    memcmp                                   0x08000221   Thumb Code    26  memcmp.o(.text)
    strcpy                                   0x0800023b   Thumb Code    18  strcpy.o(.text)
    strspn                                   0x0800024d   Thumb Code    32  strspn.o(.text)
    strcspn                                  0x0800026d   Thumb Code    34  strcspn.o(.text)
    __aeabi_llsl                             0x0800028f   Thumb Code    32  llshl.o(.text)
    _ll_shift_l                              0x0800028f   Thumb Code     0  llshl.o(.text)
    __scatterload                            0x080002b1   Thumb Code    28  init.o(.text)
    __scatterload_rt2                        0x080002b1   Thumb Code     0  init.o(.text)
    __decompress                             0x080002d5   Thumb Code     0  __dczerorl.o(.text)
    __decompress0                            0x080002d5   Thumb Code    58  __dczerorl.o(.text)
    DMA1_Channel2_3_IRQHandler               0x0800030f   Thumb Code     2  stm32f0xx_it.o(i.DMA1_Channel2_3_IRQHandler)
    HAL_IncTick                              0x08000311   Thumb Code    12  stm32f0xx_hal.o(i.HAL_IncTick)
    HAL_Init                                 0x08000321   Thumb Code    26  stm32f0xx_hal.o(i.HAL_Init)
    HAL_InitTick                             0x08000341   Thumb Code    58  stm32f0xx_hal.o(i.HAL_InitTick)
    HAL_MspInit                              0x08000385   Thumb Code     2  stm32f0xx_hal.o(i.HAL_MspInit)
    HAL_NVIC_SetPriority                     0x08000387   Thumb Code     8  stm32f0xx_hal_cortex.o(i.HAL_NVIC_SetPriority)
    HAL_SYSTICK_Config                       0x08000391   Thumb Code    38  stm32f0xx_hal_cortex.o(i.HAL_SYSTICK_Config)
    HardFault_Handler                        0x080003c1   Thumb Code     2  stm32f0xx_it.o(i.HardFault_Handler)
    LL_GPIO_Init                             0x080003c3   Thumb Code   174  stm32f0xx_ll_gpio_2.o(i.LL_GPIO_Init)
    LL_Init1msTick                           0x08000471   Thumb Code    26  stm32f0xx_ll_utils_1.o(i.LL_Init1msTick)
    LL_SetSystemCoreClock                    0x08000491   Thumb Code     6  stm32f0xx_ll_utils_1.o(i.LL_SetSystemCoreClock)
    LL_mDelay                                0x0800049d   Thumb Code    28  stm32f0xx_ll_utils_1.o(i.LL_mDelay)
    NMI_Handler                              0x080004bd   Thumb Code     2  stm32f0xx_it.o(i.NMI_Handler)
    PendSV_Handler                           0x080004bf   Thumb Code     2  stm32f0xx_it.o(i.PendSV_Handler)
    SPI_w25q                                 0x080004c1   Thumb Code    38  spi_stm32f030.o(i.SPI_w25q)
    SVC_Handler                              0x080004ed   Thumb Code     2  stm32f0xx_it.o(i.SVC_Handler)
    SysTick_Handler                          0x080004ef   Thumb Code    12  stm32f0xx_it.o(i.SysTick_Handler)
    SystemInit                               0x080004fb   Thumb Code     2  system_stm32f0xx.o(i.SystemInit)
    TIM14_IRQHandler                         0x080004fd   Thumb Code    18  stm32f0xx_it.o(i.TIM14_IRQHandler)
    USART1_IRQHandler                        0x08000515   Thumb Code    44  stm32f0xx_it.o(i.USART1_IRQHandler)
    USART_ini                                0x08000549   Thumb Code   150  usart_stm32f030.o(i.USART_ini)
    W25Q_Enable_Write                        0x080005ed   Thumb Code    20  w25q.o(i.W25Q_Enable_Write)
    W25Q_EraseSector4KB                      0x08000601   Thumb Code    64  w25q.o(i.W25Q_EraseSector4KB)
    W25Q_ReadPage_start                      0x08000645   Thumb Code    42  w25q.o(i.W25Q_ReadPage_start)
    W25Q_Read_Manufact_Device_ID             0x08000671   Thumb Code    62  w25q.o(i.W25Q_Read_Manufact_Device_ID)
    W25Q_Read_StatusReg                      0x080006b5   Thumb Code    48  w25q.o(i.W25Q_Read_StatusReg)
    W25Q_WaitBusy                            0x080006e9   Thumb Code    22  w25q.o(i.W25Q_WaitBusy)
    W25Q_WritePage_start                     0x08000705   Thumb Code    46  w25q.o(i.W25Q_WritePage_start)
    W25Q_ini                                 0x08000733   Thumb Code    92  w25q.o(i.W25Q_ini)
    __0printf$8                              0x08000791   Thumb Code    24  printf8.o(i.__0printf$8)
    __1printf$8                              0x08000791   Thumb Code     0  printf8.o(i.__0printf$8)
    __2printf                                0x08000791   Thumb Code     0  printf8.o(i.__0printf$8)
    __ARM_clz                                0x080007b1   Thumb Code    46  lfs.o(i.__ARM_clz)
    __scatterload_copy                       0x08000825   Thumb Code    14  handlers.o(i.__scatterload_copy)
    __scatterload_null                       0x08000833   Thumb Code     2  handlers.o(i.__scatterload_null)
    __scatterload_zeroinit                   0x08000835   Thumb Code    14  handlers.o(i.__scatterload_zeroinit)
    _nlcdCmd1616                             0x08000843   Thumb Code    52  nokia1661_lcd_driver.o(i._nlcdCmd1616)
    _nlcdSenPixels                           0x08000877   Thumb Code    26  nokia1661_lcd_driver.o(i._nlcdSenPixels)
    _nlcdSend                                0x08000891   Thumb Code   168  nokia1661_lcd_driver.o(i._nlcdSend)
    _nlcdSendCmd                             0x08000941   Thumb Code     8  nokia1661_lcd_driver.o(i._nlcdSendCmd)
    _nlcdSendPixel                           0x08000949   Thumb Code    26  nokia1661_lcd_driver.o(i._nlcdSendPixel)
    _nlcdSetWindow                           0x08000963   Thumb Code    42  nokia1661_lcd_driver.o(i._nlcdSetWindow)
    adc_calibre                              0x08000e01   Thumb Code    18  adc_stm32f030.o(i.adc_calibre)
    adc_ini                                  0x08000e19   Thumb Code   100  adc_stm32f030.o(i.adc_ini)
    clock_ini                                0x08000e8d   Thumb Code   150  cortex_stm32f030.o(i.clock_ini)
    clr_str_rx                               0x08000f31   Thumb Code    30  pc_com.o(i.clr_str_rx)
    clr_str_tx                               0x08000f59   Thumb Code    30  pc_com.o(i.clr_str_tx)
    dac                                      0x08000f81   Thumb Code    96  dac.o(i.dac)
    dac_ini                                  0x08000ff1   Thumb Code   102  dac.o(i.dac_ini)
    dac_start                                0x08001065   Thumb Code    38  dac.o(i.dac_start)
    debuge_uart                              0x08001095   Thumb Code   690  pc_com.o(i.debuge_uart)
    dma_ini                                  0x08001465   Thumb Code    12  cortex_stm32f030.o(i.dma_ini)
    fputc                                    0x08001475   Thumb Code    20  retarget_io.o(i.fputc)
    gpio_ini                                 0x0800148d   Thumb Code   170  gpio_stm32f030.o(i.gpio_ini)
    hard_ini                                 0x0800153d   Thumb Code    54  main.o(i.hard_ini)
    ini_cpu_timer                            0x08001575   Thumb Code   142  cpu_timer.o(i.ini_cpu_timer)
    lfs_crc                                  0x08001a5d   Thumb Code    44  lfs_util.o(i.lfs_crc)
    lfs_file_close                           0x080033cd   Thumb Code    56  lfs.o(i.lfs_file_close)
    lfs_file_open                            0x080035a9   Thumb Code    76  lfs.o(i.lfs_file_open)
    lfs_file_read                            0x08003c91   Thumb Code    72  lfs.o(i.lfs_file_read)
    lfs_file_rewind                          0x08003e91   Thumb Code    66  lfs.o(i.lfs_file_rewind)
    lfs_file_write                           0x08003f49   Thumb Code    72  lfs.o(i.lfs_file_write)
    lfs_unmount                              0x0800492d   Thumb Code    50  lfs.o(i.lfs_unmount)
    main                                     0x080049c9   Thumb Code   532  main.o(i.main)
    nlcdClear                                0x08004c05   Thumb Code    56  nokia1661_lcd_driver.o(i.nlcdClear)
    nlcdGetHeight                            0x08004c41   Thumb Code    20  nokia1661_lcd_driver.o(i.nlcdGetHeight)
    nlcdGetWidth                             0x08004c59   Thumb Code    20  nokia1661_lcd_driver.o(i.nlcdGetWidth)
    nlcdInit                                 0x08004c71   Thumb Code   190  nokia1661_lcd_driver.o(i.nlcdInit)
    nlcdSetBackgroundColor                   0x08004d39   Thumb Code     6  nokia1661_lcd_driver.o(i.nlcdSetBackgroundColor)
    nlcdSetFont                              0x08004d45   Thumb Code    42  nokia1661_lcd_driver.o(i.nlcdSetFont)
    nlcdSetOrientation                       0x08004d75   Thumb Code    48  nokia1661_lcd_driver.o(i.nlcdSetOrientation)
    nvic_ini                                 0x08004da9   Thumb Code    20  cortex_stm32f030.o(i.nvic_ini)
    program_manager                          0x08004dc5   Thumb Code   108  pc_com.o(i.program_manager)
    put_help                                 0x08004e41   Thumb Code    96  pc_com.o(i.put_help)
    put_w25q                                 0x08004f2d   Thumb Code   204  pc_com.o(i.put_w25q)
    read_adc                                 0x08005041   Thumb Code    40  adc_stm32f030.o(i.read_adc)
    soft_ini                                 0x0800506d   Thumb Code    12  main.o(i.soft_ini)
    soft_spi_ini                             0x08005079   Thumb Code   100  spi_stm32f030.o(i.soft_spi_ini)
    soft_spi_send                            0x080050e1   Thumb Code    56  spi_stm32f030.o(i.soft_spi_send)
    spi_ini                                  0x0800511d   Thumb Code    56  spi_stm32f030.o(i.spi_ini)
    stdout_putchar                           0x08005159   Thumb Code    20  stdout_user.o(i.stdout_putchar)
    tim14_ini                                0x08005171   Thumb Code    64  timer_stm32f030.o(i.tim14_ini)
    timer_basic_manager                      0x080051c1   Thumb Code   152  cpu_timer.o(i.timer_basic_manager)
    uart_manager_interupt_rx                 0x08005269   Thumb Code    62  pc_com.o(i.uart_manager_interupt_rx)
    uart_manager_interupt_tx                 0x080052b9   Thumb Code    48  pc_com.o(i.uart_manager_interupt_tx)
    usart_comp_str                           0x080052f1   Thumb Code    46  pc_com.o(i.usart_comp_str)
    usart_send_str_int                       0x08005329   Thumb Code   174  pc_com.o(i.usart_send_str_int)
    font5x7latcyr                            0x080053e8   Data         807  main.o(.constdata)
    _lcd_init_list                           0x08005904   Data          12  nokia1661_lcd_driver.o(.constdata)
    Region$$Table$$Base                      0x0800591c   Number         0  anon$$obj.o(Region$$Table)
    Region$$Table$$Limit                     0x0800593c   Number         0  anon$$obj.o(Region$$Table)
    WriteBuf                                 0x20000000   Data        1000  main.o(.data)
    tb_g2                                    0x200003e8   Data           8  main.o(.data)
    tbrc_s1                                  0x200003f0   Data           8  main.o(.data)
    r                                        0x200003f8   Data           1  main.o(.data)
    g                                        0x200003f9   Data           1  main.o(.data)
    b                                        0x200003fa   Data           1  main.o(.data)
    kave                                     0x200003fb   Data           5  main.o(.data)
    programer                                0x20000400   Data           8  main.o(.data)
    data_rx                                  0x20000408   Data           1  stm32f0xx_it.o(.data)
    lfs_write                                0x2000040c   Data           1  pc_com.o(.data)
    debuge_out_EN                            0x2000040d   Data           1  pc_com.o(.data)
    debuge_var                               0x2000040e   Data           1  pc_com.o(.data)
    WriteBuf_i                               0x20000410   Data           4  pc_com.o(.data)
    ram_i                                    0x20000414   Data           4  pc_com.o(.data)
    uwTickFreq                               0x20000434   Data           1  stm32f0xx_hal.o(.data)
    uwTickPrio                               0x20000438   Data           4  stm32f0xx_hal.o(.data)
    uwTick                                   0x2000043c   Data           4  stm32f0xx_hal.o(.data)
    SystemCoreClock                          0x20000440   Data           4  system_stm32f0xx.o(.data)
    __stdout                                 0x20000444   Data           4  stdout.o(.data)
    tbr_g1                                   0x20000448   Data          12  main.o(.bss)
    c                                        0x20000454   Data          16  main.o(.bss)
    adc                                      0x20000464   Data          40  main.o(.bss)
    W25Q                                     0x2000048c   Data          20  main.o(.bss)
    lfs                                      0x200004a0   Data         120  main.o(.bss)
    file                                     0x20000518   Data          84  main.o(.bss)
    ReadBuf                                  0x2000056c   Data        1000  main.o(.bss)
    usart_RX                                 0x20000954   Data          21  pc_com.o(.bss)
    usart_TX                                 0x20000969   Data          21  pc_com.o(.bss)
    _lcd_data                                0x200009c0   Data          20  nokia1661_lcd_driver.o(.bss)
    __initial_sp                             0x20000dd8   Data           0  startup_stm32f030x6.o(STACK)



==============================================================================

Memory Map of the image

  Image Entry point : 0x080000b1

  Load Region LR_IROM1 (Base: 0x08000000, Size: 0x00005d84, Max: 0x00008000, ABSOLUTE, COMPRESSED[0x000059a8])

    Execution Region ER_IROM1 (Exec base: 0x08000000, Load base: 0x08000000, Size: 0x0000593c, Max: 0x00008000, ABSOLUTE)

    Exec Addr    Load Addr    Size         Type   Attr      Idx    E Section Name        Object

    0x08000000   0x08000000   0x000000b0   Data   RO            3    RESET               startup_stm32f030x6.o
    0x080000b0   0x080000b0   0x00000000   Code   RO         3783  * .ARM.Collect$$$$00000000  mc_p.l(entry.o)
    0x080000b0   0x080000b0   0x00000004   Code   RO         4079    .ARM.Collect$$$$00000001  mc_p.l(entry2.o)
    0x080000b4   0x080000b4   0x00000004   Code   RO         4082    .ARM.Collect$$$$00000004  mc_p.l(entry5.o)
    0x080000b8   0x080000b8   0x00000000   Code   RO         4084    .ARM.Collect$$$$00000008  mc_p.l(entry7b.o)
    0x080000b8   0x080000b8   0x00000000   Code   RO         4086    .ARM.Collect$$$$0000000A  mc_p.l(entry8b.o)
    0x080000b8   0x080000b8   0x00000008   Code   RO         4087    .ARM.Collect$$$$0000000B  mc_p.l(entry9a.o)
    0x080000c0   0x080000c0   0x00000000   Code   RO         4089    .ARM.Collect$$$$0000000D  mc_p.l(entry10a.o)
    0x080000c0   0x080000c0   0x00000000   Code   RO         4091    .ARM.Collect$$$$0000000F  mc_p.l(entry11a.o)
    0x080000c0   0x080000c0   0x00000004   Code   RO         4080    .ARM.Collect$$$$00002712  mc_p.l(entry2.o)
    0x080000c4   0x080000c4   0x0000001c   Code   RO            4    .text               startup_stm32f030x6.o
    0x080000e0   0x080000e0   0x0000002c   Code   RO         3792    .text               mc_p.l(uidiv.o)
    0x0800010c   0x0800010c   0x00000028   Code   RO         3794    .text               mc_p.l(idiv.o)
    0x08000134   0x08000134   0x00000060   Code   RO         3796    .text               mc_p.l(uldiv.o)
    0x08000194   0x08000194   0x00000022   Code   RO         3798    .text               mc_p.l(llushr.o)
    0x080001b6   0x080001b6   0x00000024   Code   RO         3800    .text               mc_p.l(memcpya.o)
    0x080001da   0x080001da   0x00000024   Code   RO         3802    .text               mc_p.l(memseta.o)
    0x080001fe   0x080001fe   0x00000014   Code   RO         3804    .text               mc_p.l(strchr.o)
    0x08000212   0x08000212   0x0000000e   Code   RO         3806    .text               mc_p.l(strlen.o)
    0x08000220   0x08000220   0x0000001a   Code   RO         3808    .text               mc_p.l(memcmp.o)
    0x0800023a   0x0800023a   0x00000012   Code   RO         3810    .text               mc_p.l(strcpy.o)
    0x0800024c   0x0800024c   0x00000020   Code   RO         3812    .text               mc_p.l(strspn.o)
    0x0800026c   0x0800026c   0x00000022   Code   RO         3814    .text               mc_p.l(strcspn.o)
    0x0800028e   0x0800028e   0x00000020   Code   RO         4093    .text               mc_p.l(llshl.o)
    0x080002ae   0x080002ae   0x00000002   PAD
    0x080002b0   0x080002b0   0x00000024   Code   RO         4106    .text               mc_p.l(init.o)
    0x080002d4   0x080002d4   0x0000003a   Code   RO         4120    .text               mc_p.l(__dczerorl.o)
    0x0800030e   0x0800030e   0x00000002   Code   RO          292    i.DMA1_Channel2_3_IRQHandler  stm32f0xx_it.o
    0x08000310   0x08000310   0x00000010   Code   RO         2322    i.HAL_IncTick       stm32f0xx_hal.o
    0x08000320   0x08000320   0x00000020   Code   RO         2323    i.HAL_Init          stm32f0xx_hal.o
    0x08000340   0x08000340   0x00000044   Code   RO         2324    i.HAL_InitTick      stm32f0xx_hal.o
    0x08000384   0x08000384   0x00000002   Code   RO         2326    i.HAL_MspInit       stm32f0xx_hal.o
    0x08000386   0x08000386   0x00000008   Code   RO         3127    i.HAL_NVIC_SetPriority  stm32f0xx_hal_cortex.o
    0x0800038e   0x0800038e   0x00000002   PAD
    0x08000390   0x08000390   0x00000030   Code   RO         3131    i.HAL_SYSTICK_Config  stm32f0xx_hal_cortex.o
    0x080003c0   0x080003c0   0x00000002   Code   RO          293    i.HardFault_Handler  stm32f0xx_it.o
    0x080003c2   0x080003c2   0x000000ae   Code   RO         3596    i.LL_GPIO_Init      stm32f0xx_ll_gpio_2.o
    0x08000470   0x08000470   0x00000020   Code   RO         3653    i.LL_Init1msTick    stm32f0xx_ll_utils_1.o
    0x08000490   0x08000490   0x0000000c   Code   RO         3658    i.LL_SetSystemCoreClock  stm32f0xx_ll_utils_1.o
    0x0800049c   0x0800049c   0x00000020   Code   RO         3659    i.LL_mDelay         stm32f0xx_ll_utils_1.o
    0x080004bc   0x080004bc   0x00000002   Code   RO          294    i.NMI_Handler       stm32f0xx_it.o
    0x080004be   0x080004be   0x00000002   Code   RO          295    i.PendSV_Handler    stm32f0xx_it.o
    0x080004c0   0x080004c0   0x0000002c   Code   RO          644    i.SPI_w25q          spi_stm32f030.o
    0x080004ec   0x080004ec   0x00000002   Code   RO          296    i.SVC_Handler       stm32f0xx_it.o
    0x080004ee   0x080004ee   0x0000000c   Code   RO          297    i.SysTick_Handler   stm32f0xx_it.o
    0x080004fa   0x080004fa   0x00000002   Code   RO         3554    i.SystemInit        system_stm32f0xx.o
    0x080004fc   0x080004fc   0x00000018   Code   RO          298    i.TIM14_IRQHandler  stm32f0xx_it.o
    0x08000514   0x08000514   0x00000034   Code   RO          299    i.USART1_IRQHandler  stm32f0xx_it.o
    0x08000548   0x08000548   0x000000a4   Code   RO          364    i.USART_ini         usart_stm32f030.o
    0x080005ec   0x080005ec   0x00000014   Code   RO          698    i.W25Q_Enable_Write  w25q.o
    0x08000600   0x08000600   0x00000044   Code   RO          702    i.W25Q_EraseSector4KB  w25q.o
    0x08000644   0x08000644   0x0000002a   Code   RO          704    i.W25Q_ReadPage_start  w25q.o
    0x0800066e   0x0800066e   0x00000002   PAD
    0x08000670   0x08000670   0x00000044   Code   RO          705    i.W25Q_Read_Manufact_Device_ID  w25q.o
    0x080006b4   0x080006b4   0x00000034   Code   RO          706    i.W25Q_Read_StatusReg  w25q.o
    0x080006e8   0x080006e8   0x0000001c   Code   RO          707    i.W25Q_WaitBusy     w25q.o
    0x08000704   0x08000704   0x0000002e   Code   RO          709    i.W25Q_WritePage_start  w25q.o
    0x08000732   0x08000732   0x0000005c   Code   RO          710    i.W25Q_ini          w25q.o
    0x0800078e   0x0800078e   0x00000002   PAD
    0x08000790   0x08000790   0x00000020   Code   RO         4025    i.__0printf$8       mc_p.l(printf8.o)
    0x080007b0   0x080007b0   0x0000002e   Code   RO         1446    i.__ARM_clz         lfs.o
    0x080007de   0x080007de   0x00000002   PAD
    0x080007e0   0x080007e0   0x00000044   Code   RO         3133    i.__NVIC_SetPriority  stm32f0xx_hal_cortex.o
    0x08000824   0x08000824   0x0000000e   Code   RO         4114    i.__scatterload_copy  mc_p.l(handlers.o)
    0x08000832   0x08000832   0x00000002   Code   RO         4115    i.__scatterload_null  mc_p.l(handlers.o)
    0x08000834   0x08000834   0x0000000e   Code   RO         4116    i.__scatterload_zeroinit  mc_p.l(handlers.o)
    0x08000842   0x08000842   0x00000034   Code   RO         1554    i._nlcdCmd1616      nokia1661_lcd_driver.o
    0x08000876   0x08000876   0x0000001a   Code   RO         1556    i._nlcdSenPixels    nokia1661_lcd_driver.o
    0x08000890   0x08000890   0x000000b0   Code   RO         1557    i._nlcdSend         nokia1661_lcd_driver.o
    0x08000940   0x08000940   0x00000008   Code   RO         1558    i._nlcdSendCmd      nokia1661_lcd_driver.o
    0x08000948   0x08000948   0x0000001a   Code   RO         1560    i._nlcdSendPixel    nokia1661_lcd_driver.o
    0x08000962   0x08000962   0x0000002a   Code   RO         1561    i._nlcdSetWindow    nokia1661_lcd_driver.o
    0x0800098c   0x0800098c   0x00000428   Code   RO         4032    i._printf_core      mc_p.l(printf8.o)
    0x08000db4   0x08000db4   0x00000020   Code   RO         4033    i._printf_post_padding  mc_p.l(printf8.o)
    0x08000dd4   0x08000dd4   0x0000002c   Code   RO         4034    i._printf_pre_padding  mc_p.l(printf8.o)
    0x08000e00   0x08000e00   0x00000018   Code   RO          390    i.adc_calibre       adc_stm32f030.o
    0x08000e18   0x08000e18   0x00000074   Code   RO          391    i.adc_ini           adc_stm32f030.o
    0x08000e8c   0x08000e8c   0x000000a4   Code   RO          425    i.clock_ini         cortex_stm32f030.o
    0x08000f30   0x08000f30   0x00000028   Code   RO          540    i.clr_str_rx        pc_com.o
    0x08000f58   0x08000f58   0x00000028   Code   RO          541    i.clr_str_tx        pc_com.o
    0x08000f80   0x08000f80   0x00000070   Code   RO         1500    i.dac               dac.o
    0x08000ff0   0x08000ff0   0x00000074   Code   RO         1501    i.dac_ini           dac.o
    0x08001064   0x08001064   0x00000030   Code   RO         1502    i.dac_start         dac.o
    0x08001094   0x08001094   0x000003d0   Code   RO          542    i.debuge_uart       pc_com.o
    0x08001464   0x08001464   0x00000010   Code   RO          426    i.dma_ini           cortex_stm32f030.o
    0x08001474   0x08001474   0x00000018   Code   RO         3731    i.fputc             retarget_io.o
    0x0800148c   0x0800148c   0x000000b0   Code   RO          486    i.gpio_ini          gpio_stm32f030.o
    0x0800153c   0x0800153c   0x00000036   Code   RO           13    i.hard_ini          main.o
    0x08001572   0x08001572   0x00000002   PAD
    0x08001574   0x08001574   0x000000ac   Code   RO          504    i.ini_cpu_timer     cpu_timer.o
    0x08001620   0x08001620   0x0000000c   Code   RO          795    i.lfs_aligndown     lfs.o
    0x0800162c   0x0800162c   0x00000010   Code   RO          796    i.lfs_alignup       lfs.o
    0x0800163c   0x0800163c   0x0000011c   Code   RO          797    i.lfs_alloc         lfs.o
    0x08001758   0x08001758   0x0000000e   Code   RO          798    i.lfs_alloc_drop    lfs.o
    0x08001766   0x08001766   0x00000030   Code   RO          799    i.lfs_alloc_lookahead  lfs.o
    0x08001796   0x08001796   0x00000056   Code   RO          800    i.lfs_bd_cmp        lfs.o
    0x080017ec   0x080017ec   0x00000006   Code   RO          801    i.lfs_bd_erase      lfs.o
    0x080017f2   0x080017f2   0x00000072   Code   RO          802    i.lfs_bd_flush      lfs.o
    0x08001864   0x08001864   0x00000098   Code   RO          803    i.lfs_bd_prog       lfs.o
    0x080018fc   0x080018fc   0x00000146   Code   RO          804    i.lfs_bd_read       lfs.o
    0x08001a42   0x08001a42   0x00000018   Code   RO          805    i.lfs_cache_zero    lfs.o
    0x08001a5a   0x08001a5a   0x00000002   PAD
    0x08001a5c   0x08001a5c   0x00000030   Code   RO         1479    i.lfs_crc           lfs_util.o
    0x08001a8c   0x08001a8c   0x00000010   Code   RO          807    i.lfs_ctz           lfs.o
    0x08001a9c   0x08001a9c   0x00000188   Code   RO          808    i.lfs_ctz_extend    lfs.o
    0x08001c24   0x08001c24   0x0000008e   Code   RO          809    i.lfs_ctz_find      lfs.o
    0x08001cb2   0x08001cb2   0x00000016   Code   RO          810    i.lfs_ctz_fromle32  lfs.o
    0x08001cc8   0x08001cc8   0x0000003e   Code   RO          811    i.lfs_ctz_index     lfs.o
    0x08001d06   0x08001d06   0x00000098   Code   RO          812    i.lfs_ctz_traverse  lfs.o
    0x08001d9e   0x08001d9e   0x00000004   Code   RO          813    i.lfs_deinit        lfs.o
    0x08001da2   0x08001da2   0x0000008e   Code   RO          814    i.lfs_dir_alloc     lfs.o
    0x08001e30   0x08001e30   0x00000338   Code   RO          816    i.lfs_dir_commit    lfs.o
    0x08002168   0x08002168   0x00000010   Code   RO          817    i.lfs_dir_commit_commit  lfs.o
    0x08002178   0x08002178   0x00000014   Code   RO          818    i.lfs_dir_commit_size  lfs.o
    0x0800218c   0x0800218c   0x000000a6   Code   RO          819    i.lfs_dir_commitattr  lfs.o
    0x08002232   0x08002232   0x00000002   PAD
    0x08002234   0x08002234   0x000001b4   Code   RO          820    i.lfs_dir_commitcrc  lfs.o
    0x080023e8   0x080023e8   0x0000003c   Code   RO          821    i.lfs_dir_commitprog  lfs.o
    0x08002424   0x08002424   0x00000454   Code   RO          822    i.lfs_dir_compact   lfs.o
    0x08002878   0x08002878   0x00000048   Code   RO          823    i.lfs_dir_drop      lfs.o
    0x080028c0   0x080028c0   0x00000016   Code   RO          824    i.lfs_dir_fetch     lfs.o
    0x080028d6   0x080028d6   0x00000002   PAD
    0x080028d8   0x080028d8   0x00000464   Code   RO          825    i.lfs_dir_fetchmatch  lfs.o
    0x08002d3c   0x08002d3c   0x0000015c   Code   RO          826    i.lfs_dir_find      lfs.o
    0x08002e98   0x08002e98   0x0000004a   Code   RO          827    i.lfs_dir_find_match  lfs.o
    0x08002ee2   0x08002ee2   0x00000014   Code   RO          828    i.lfs_dir_get       lfs.o
    0x08002ef6   0x08002ef6   0x00000002   PAD
    0x08002ef8   0x08002ef8   0x0000004c   Code   RO          829    i.lfs_dir_getgstate  lfs.o
    0x08002f44   0x08002f44   0x000000e2   Code   RO          831    i.lfs_dir_getread   lfs.o
    0x08003026   0x08003026   0x00000002   PAD
    0x08003028   0x08003028   0x00000130   Code   RO          832    i.lfs_dir_getslice  lfs.o
    0x08003158   0x08003158   0x0000006c   Code   RO          841    i.lfs_dir_split     lfs.o
    0x080031c4   0x080031c4   0x00000190   Code   RO          843    i.lfs_dir_traverse  lfs.o
    0x08003354   0x08003354   0x00000078   Code   RO          844    i.lfs_dir_traverse_filter  lfs.o
    0x080033cc   0x080033cc   0x000000ac   Code   RO          845    i.lfs_file_close    lfs.o
    0x08003478   0x08003478   0x00000130   Code   RO          846    i.lfs_file_flush    lfs.o
    0x080035a8   0x080035a8   0x000000c8   Code   RO          847    i.lfs_file_open     lfs.o
    0x08003670   0x08003670   0x00000026   Code   RO          849    i.lfs_file_outline  lfs.o
    0x08003696   0x08003696   0x00000018   Code   RO          850    i.lfs_file_rawclose  lfs.o
    0x080036ae   0x080036ae   0x00000002   PAD
    0x080036b0   0x080036b0   0x00000228   Code   RO          851    i.lfs_file_rawopencfg  lfs.o
    0x080038d8   0x080038d8   0x000000f8   Code   RO          852    i.lfs_file_rawread  lfs.o
    0x080039d0   0x080039d0   0x0000004c   Code   RO          853    i.lfs_file_rawseek  lfs.o
    0x08003a1c   0x08003a1c   0x00000012   Code   RO          854    i.lfs_file_rawsize  lfs.o
    0x08003a2e   0x08003a2e   0x00000002   PAD
    0x08003a30   0x08003a30   0x000000b0   Code   RO          855    i.lfs_file_rawsync  lfs.o
    0x08003ae0   0x08003ae0   0x000001b0   Code   RO          857    i.lfs_file_rawwrite  lfs.o
    0x08003c90   0x08003c90   0x000000c0   Code   RO          858    i.lfs_file_read     lfs.o
    0x08003d50   0x08003d50   0x00000140   Code   RO          859    i.lfs_file_relocate  lfs.o
    0x08003e90   0x08003e90   0x000000b8   Code   RO          860    i.lfs_file_rewind   lfs.o
    0x08003f48   0x08003f48   0x000000c4   Code   RO          866    i.lfs_file_write    lfs.o
    0x0800400c   0x0800400c   0x00000012   Code   RO          868    i.lfs_frombe32      lfs.o
    0x0800401e   0x0800401e   0x00000012   Code   RO          869    i.lfs_fromle32      lfs.o
    0x08004030   0x08004030   0x000000c4   Code   RO          870    i.lfs_fs_demove     lfs.o
    0x080040f4   0x080040f4   0x000001ac   Code   RO          871    i.lfs_fs_deorphan   lfs.o
    0x080042a0   0x080042a0   0x00000014   Code   RO          872    i.lfs_fs_forceconsistency  lfs.o
    0x080042b4   0x080042b4   0x0000007c   Code   RO          873    i.lfs_fs_parent     lfs.o
    0x08004330   0x08004330   0x00000040   Code   RO          874    i.lfs_fs_parent_match  lfs.o
    0x08004370   0x08004370   0x00000052   Code   RO          875    i.lfs_fs_pred       lfs.o
    0x080043c2   0x080043c2   0x00000002   PAD
    0x080043c4   0x080043c4   0x0000003c   Code   RO          876    i.lfs_fs_prepmove   lfs.o
    0x08004400   0x08004400   0x0000001a   Code   RO          877    i.lfs_fs_preporphans  lfs.o
    0x0800441a   0x0800441a   0x00000002   PAD
    0x0800441c   0x0800441c   0x0000001c   Code   RO          878    i.lfs_fs_rawsize    lfs.o
    0x08004438   0x08004438   0x00000154   Code   RO          879    i.lfs_fs_rawtraverse  lfs.o
    0x0800458c   0x0800458c   0x00000224   Code   RO          880    i.lfs_fs_relocate   lfs.o
    0x080047b0   0x080047b0   0x0000000a   Code   RO          882    i.lfs_fs_size_count  lfs.o
    0x080047ba   0x080047ba   0x0000000c   Code   RO          885    i.lfs_gstate_hasmove  lfs.o
    0x080047c6   0x080047c6   0x00000024   Code   RO          886    i.lfs_gstate_hasmovehere  lfs.o
    0x080047ea   0x080047ea   0x00000018   Code   RO          887    i.lfs_gstate_iszero  lfs.o
    0x08004802   0x08004802   0x0000001e   Code   RO          888    i.lfs_gstate_tole32  lfs.o
    0x08004820   0x08004820   0x00000016   Code   RO          889    i.lfs_gstate_xor    lfs.o
    0x08004836   0x08004836   0x00000008   Code   RO          891    i.lfs_min           lfs.o
    0x0800483e   0x0800483e   0x00000018   Code   RO          893    i.lfs_mlist_remove  lfs.o
    0x08004856   0x08004856   0x00000020   Code   RO          895    i.lfs_pair_cmp      lfs.o
    0x08004876   0x08004876   0x00000016   Code   RO          896    i.lfs_pair_fromle32  lfs.o
    0x0800488c   0x0800488c   0x00000014   Code   RO          897    i.lfs_pair_isnull   lfs.o
    0x080048a0   0x080048a0   0x00000016   Code   RO          898    i.lfs_pair_tole32   lfs.o
    0x080048b6   0x080048b6   0x00000002   PAD
    0x080048b8   0x080048b8   0x00000038   Code   RO          899    i.lfs_popc          lfs.o
    0x080048f0   0x080048f0   0x00000008   Code   RO          906    i.lfs_rawunmount    lfs.o
    0x080048f8   0x080048f8   0x00000012   Code   RO          912    i.lfs_tag_dsize     lfs.o
    0x0800490a   0x0800490a   0x00000010   Code   RO          913    i.lfs_tag_isdelete  lfs.o
    0x0800491a   0x0800491a   0x0000000a   Code   RO          914    i.lfs_tag_type1     lfs.o
    0x08004924   0x08004924   0x00000008   Code   RO          915    i.lfs_tole32        lfs.o
    0x0800492c   0x0800492c   0x0000009c   Code   RO          916    i.lfs_unmount       lfs.o
    0x080049c8   0x080049c8   0x0000023c   Code   RO           14    i.main              main.o
    0x08004c04   0x08004c04   0x0000003c   Code   RO         1564    i.nlcdClear         nokia1661_lcd_driver.o
    0x08004c40   0x08004c40   0x00000018   Code   RO         1567    i.nlcdGetHeight     nokia1661_lcd_driver.o
    0x08004c58   0x08004c58   0x00000018   Code   RO         1568    i.nlcdGetWidth      nokia1661_lcd_driver.o
    0x08004c70   0x08004c70   0x000000c8   Code   RO         1570    i.nlcdInit          nokia1661_lcd_driver.o
    0x08004d38   0x08004d38   0x0000000c   Code   RO         1572    i.nlcdSetBackgroundColor  nokia1661_lcd_driver.o
    0x08004d44   0x08004d44   0x00000030   Code   RO         1573    i.nlcdSetFont       nokia1661_lcd_driver.o
    0x08004d74   0x08004d74   0x00000034   Code   RO         1574    i.nlcdSetOrientation  nokia1661_lcd_driver.o
    0x08004da8   0x08004da8   0x0000001c   Code   RO          427    i.nvic_ini          cortex_stm32f030.o
    0x08004dc4   0x08004dc4   0x0000007c   Code   RO          544    i.program_manager   pc_com.o
    0x08004e40   0x08004e40   0x000000ec   Code   RO          545    i.put_help          pc_com.o
    0x08004f2c   0x08004f2c   0x00000114   Code   RO          546    i.put_w25q          pc_com.o
    0x08005040   0x08005040   0x0000002c   Code   RO          392    i.read_adc          adc_stm32f030.o
    0x0800506c   0x0800506c   0x0000000c   Code   RO           15    i.soft_ini          main.o
    0x08005078   0x08005078   0x00000068   Code   RO          645    i.soft_spi_ini      spi_stm32f030.o
    0x080050e0   0x080050e0   0x0000003c   Code   RO          646    i.soft_spi_send     spi_stm32f030.o
    0x0800511c   0x0800511c   0x0000003c   Code   RO          647    i.spi_ini           spi_stm32f030.o
    0x08005158   0x08005158   0x00000018   Code   RO         1533    i.stdout_putchar    stdout_user.o
    0x08005170   0x08005170   0x00000050   Code   RO          466    i.tim14_ini         timer_stm32f030.o
    0x080051c0   0x080051c0   0x000000a8   Code   RO          505    i.timer_basic_manager  cpu_timer.o
    0x08005268   0x08005268   0x00000050   Code   RO          547    i.uart_manager_interupt_rx  pc_com.o
    0x080052b8   0x080052b8   0x00000038   Code   RO          548    i.uart_manager_interupt_tx  pc_com.o
    0x080052f0   0x080052f0   0x00000038   Code   RO          549    i.usart_comp_str    pc_com.o
    0x08005328   0x08005328   0x000000c0   Code   RO          550    i.usart_send_str_int  pc_com.o
    0x080053e8   0x080053e8   0x00000327   Data   RO           32    .constdata          main.o
    0x0800570f   0x0800570f   0x00000001   PAD
    0x08005710   0x08005710   0x00000014   Data   RO          552    .constdata          pc_com.o
    0x08005724   0x08005724   0x000001a0   Data   RO          918    .constdata          lfs.o
    0x080058c4   0x080058c4   0x00000040   Data   RO         1480    .constdata          lfs_util.o
    0x08005904   0x08005904   0x0000000c   Data   RO         1580    .constdata          nokia1661_lcd_driver.o
    0x08005910   0x08005910   0x00000009   Data   RO          919    .conststring        lfs.o
    0x08005919   0x08005919   0x00000003   PAD
    0x0800591c   0x0800591c   0x00000020   Data   RO         4112    Region$$Table       anon$$obj.o


    Execution Region RW_IRAM1 (Exec base: 0x20000000, Load base: 0x0800593c, Size: 0x00000dd8, Max: 0x00001000, ABSOLUTE, COMPRESSED[0x0000006c])

    Exec Addr    Load Addr    Size         Type   Attr      Idx    E Section Name        Object

    0x20000000   COMPRESSED   0x000003e8   Data   RW           40    .data               main.o
    0x200003e8   COMPRESSED   0x00000008   Data   RW           41    .data               main.o
    0x200003f0   COMPRESSED   0x00000008   Data   RW           42    .data               main.o
    0x200003f8   COMPRESSED   0x00000010   Data   RW           43    .data               main.o
    0x20000408   COMPRESSED   0x00000001   Data   RW          301    .data               stm32f0xx_it.o
    0x20000409   COMPRESSED   0x00000003   PAD
    0x2000040c   COMPRESSED   0x0000000c   Data   RW          553    .data               pc_com.o
    0x20000418   COMPRESSED   0x00000009   Data   RW          711    .data               w25q.o
    0x20000421   COMPRESSED   0x00000001   PAD
    0x20000422   COMPRESSED   0x00000012   Data   RW         1581    .data               nokia1661_lcd_driver.o
    0x20000434   COMPRESSED   0x0000000c   Data   RW         2330    .data               stm32f0xx_hal.o
    0x20000440   COMPRESSED   0x00000004   Data   RW         3557    .data               system_stm32f0xx.o
    0x20000444   COMPRESSED   0x00000004   Data   RW         3790    .data               mc_p.l(stdout.o)
    0x20000448        -       0x00000044   Zero   RW           20    .bss                main.o
    0x2000048c        -       0x00000014   Zero   RW           21    .bss                main.o
    0x200004a0        -       0x00000078   Zero   RW           26    .bss                main.o
    0x20000518        -       0x00000054   Zero   RW           27    .bss                main.o
    0x2000056c        -       0x000003e8   Zero   RW           31    .bss                main.o
    0x20000954        -       0x0000002a   Zero   RW          551    .bss                pc_com.o
    0x2000097e   COMPRESSED   0x00000002   PAD
    0x20000980        -       0x00000040   Zero   RW          917    .bss                lfs.o
    0x200009c0        -       0x00000014   Zero   RW         1579    .bss                nokia1661_lcd_driver.o
    0x200009d4   COMPRESSED   0x00000004   PAD
    0x200009d8        -       0x00000400   Zero   RW            1    STACK               startup_stm32f030x6.o


==============================================================================

Image component sizes


      Code (inc. data)   RO Data    RW Data    ZI Data      Debug   Object Name

       184         26          0          0          0       4239   adc_stm32f030.o
       208         26          0          0          0      27461   cortex_stm32f030.o
       340         46          0          0          0       1242   cpu_timer.o
       276         40          0          0          0       1588   dac.o
       176          6          0          0          0        767   gpio_stm32f030.o
     13202       1976        425          0         64      86494   lfs.o
        48          4         64          0          0       1070   lfs_util.o
       638         40        807       1032       1292     193883   main.o
       750         46         12         18         20      11143   nokia1661_lcd_driver.o
      2076        588         20         12         42       6824   pc_com.o
        24          4          0          0          0       1880   retarget_io.o
       268         18          0          0          0       2332   spi_stm32f030.o
        28          8        176          0       1024        652   startup_stm32f030x6.o
        24          4          0          0          0        525   stdout_user.o
       118         20          0         12          0       7341   stm32f0xx_hal.o
       124         18          0          0          0       9748   stm32f0xx_hal_cortex.o
        98         14          0          1          0       4011   stm32f0xx_it.o
       174          0          0          0          0       6811   stm32f0xx_ll_gpio_2.o
        76         16          0          0          0       6033   stm32f0xx_ll_utils_1.o
         2          0          0          4          0       1183   system_stm32f0xx.o
        80         16          0          0          0        600   timer_stm32f030.o
       164         14          0          0          0        644   usart_stm32f030.o
       416         20          0          9          0       5770   w25q.o

    ----------------------------------------------------------------------
     19524       2950       1540       1092       2448     382241   Object Totals
         0          0         32          0          0          0   (incl. Generated)
        30          0          4          4          6          0   (incl. Padding)

    ----------------------------------------------------------------------

      Code (inc. data)   RO Data    RW Data    ZI Data      Debug   Library Member Name

        58          0          0          0          0          0   __dczerorl.o
         0          0          0          0          0          0   entry.o
         0          0          0          0          0          0   entry10a.o
         0          0          0          0          0          0   entry11a.o
         8          4          0          0          0          0   entry2.o
         4          0          0          0          0          0   entry5.o
         0          0          0          0          0          0   entry7b.o
         0          0          0          0          0          0   entry8b.o
         8          4          0          0          0          0   entry9a.o
        30          0          0          0          0          0   handlers.o
        40          0          0          0          0         72   idiv.o
        36          8          0          0          0         68   init.o
        32          0          0          0          0         68   llshl.o
        34          0          0          0          0         68   llushr.o
        26          0          0          0          0         72   memcmp.o
        36          0          0          0          0         60   memcpya.o
        36          0          0          0          0        100   memseta.o
      1172         52          0          0          0        324   printf8.o
         0          0          0          4          0          0   stdout.o
        20          0          0          0          0         60   strchr.o
        18          0          0          0          0         60   strcpy.o
        34          0          0          0          0         72   strcspn.o
        14          0          0          0          0         60   strlen.o
        32          0          0          0          0         72   strspn.o
        44          0          0          0          0         72   uidiv.o
        96          0          0          0          0         84   uldiv.o

    ----------------------------------------------------------------------
      1780         68          0          4          0       1312   Library Totals
         2          0          0          0          0          0   (incl. Padding)

    ----------------------------------------------------------------------

      Code (inc. data)   RO Data    RW Data    ZI Data      Debug   Library Name

      1778         68          0          4          0       1312   mc_p.l

    ----------------------------------------------------------------------
      1780         68          0          4          0       1312   Library Totals

    ----------------------------------------------------------------------

==============================================================================


      Code (inc. data)   RO Data    RW Data    ZI Data      Debug   

     21304       3018       1540       1096       2448     376209   Grand Totals
     21304       3018       1540        108       2448     376209   ELF Image Totals (compressed)
     21304       3018       1540        108          0          0   ROM Totals

==============================================================================

    Total RO  Size (Code + RO Data)                22844 (  22.31kB)
    Total RW  Size (RW Data + ZI Data)              3544 (   3.46kB)
    Total ROM Size (Code + RO Data + RW Data)      22952 (  22.41kB)

==============================================================================

