<!doctype html public "-//w3c//dtd html 4.0 transitional//en">
<html><head>
<title>Static Call Graph - [test_dma-hal\test_dma-hal.axf]</title></head>
<body><HR>
<H1>Static Call Graph for image test_dma-hal\test_dma-hal.axf</H1><HR>
<BR><P>#&#060CALLGRAPH&#062# ARM Linker, 5060750: Last Updated: Mon Jul 18 12:32:26 2022
<BR><P>
<H3>Maximum Stack Usage =       1132 bytes + Unknown(Cycles, Untraceable Function Pointers)</H3><H3>
Call chain for Maximum Stack Depth:</H3>
main &rArr; debuge_uart &rArr; lfs_file_open &rArr; lfs_file_rawopencfg &rArr; lfs_fs_forceconsistency &rArr; lfs_fs_deorphan &rArr; lfs_dir_drop &rArr; lfs_dir_commit &rArr;  lfs_dir_drop (Cycle)
<P>
<H3>
Mutually Recursive functions
</H3> <LI><a href="#[10]">ADC1_IRQHandler</a>&nbsp;&nbsp;&nbsp;&rArr;&nbsp;&nbsp;&nbsp;<a href="#[10]">ADC1_IRQHandler</a><BR>
 <LI><a href="#[2]">HardFault_Handler</a>&nbsp;&nbsp;&nbsp;&rArr;&nbsp;&nbsp;&nbsp;<a href="#[2]">HardFault_Handler</a><BR>
 <LI><a href="#[1]">NMI_Handler</a>&nbsp;&nbsp;&nbsp;&rArr;&nbsp;&nbsp;&nbsp;<a href="#[1]">NMI_Handler</a><BR>
 <LI><a href="#[ad]">lfs_file_rawwrite</a>&nbsp;&nbsp;&nbsp;&rArr;&nbsp;&nbsp;&nbsp;<a href="#[ad]">lfs_file_rawwrite</a><BR>
 <LI><a href="#[89]">lfs_file_flush</a>&nbsp;&nbsp;&nbsp;&rArr;&nbsp;&nbsp;&nbsp;<a href="#[ad]">lfs_file_rawwrite</a><BR>
 <LI><a href="#[ac]">lfs_file_rawread</a>&nbsp;&nbsp;&nbsp;&rArr;&nbsp;&nbsp;&nbsp;<a href="#[89]">lfs_file_flush</a><BR>
 <LI><a href="#[8f]">lfs_dir_traverse</a>&nbsp;&nbsp;&nbsp;&rArr;&nbsp;&nbsp;&nbsp;<a href="#[8f]">lfs_dir_traverse</a><BR>
 <LI><a href="#[86]">lfs_dir_commit</a>&nbsp;&nbsp;&nbsp;&rArr;&nbsp;&nbsp;&nbsp;<a href="#[8d]">lfs_dir_drop</a><BR>
 <LI><a href="#[9f]">lfs_fs_relocate</a>&nbsp;&nbsp;&nbsp;&rArr;&nbsp;&nbsp;&nbsp;<a href="#[86]">lfs_dir_commit</a><BR>
 <LI><a href="#[9c]">lfs_dir_split</a>&nbsp;&nbsp;&nbsp;&rArr;&nbsp;&nbsp;&nbsp;<a href="#[96]">lfs_dir_compact</a><BR>
</UL>
<P>
<H3>
Function Pointers
</H3><UL>
 <LI><a href="#[10]">ADC1_IRQHandler</a> from startup_stm32f030x6.o(.text) referenced from startup_stm32f030x6.o(RESET)
 <LI><a href="#[d]">DMA1_Channel1_IRQHandler</a> from startup_stm32f030x6.o(.text) referenced from startup_stm32f030x6.o(RESET)
 <LI><a href="#[e]">DMA1_Channel2_3_IRQHandler</a> from stm32f0xx_it.o(i.DMA1_Channel2_3_IRQHandler) referenced from startup_stm32f030x6.o(RESET)
 <LI><a href="#[f]">DMA1_Channel4_5_IRQHandler</a> from startup_stm32f030x6.o(.text) referenced from startup_stm32f030x6.o(RESET)
 <LI><a href="#[a]">EXTI0_1_IRQHandler</a> from startup_stm32f030x6.o(.text) referenced from startup_stm32f030x6.o(RESET)
 <LI><a href="#[b]">EXTI2_3_IRQHandler</a> from startup_stm32f030x6.o(.text) referenced from startup_stm32f030x6.o(RESET)
 <LI><a href="#[c]">EXTI4_15_IRQHandler</a> from startup_stm32f030x6.o(.text) referenced from startup_stm32f030x6.o(RESET)
 <LI><a href="#[8]">FLASH_IRQHandler</a> from startup_stm32f030x6.o(.text) referenced from startup_stm32f030x6.o(RESET)
 <LI><a href="#[2]">HardFault_Handler</a> from stm32f0xx_it.o(i.HardFault_Handler) referenced from startup_stm32f030x6.o(RESET)
 <LI><a href="#[17]">I2C1_IRQHandler</a> from startup_stm32f030x6.o(.text) referenced from startup_stm32f030x6.o(RESET)
 <LI><a href="#[1]">NMI_Handler</a> from stm32f0xx_it.o(i.NMI_Handler) referenced from startup_stm32f030x6.o(RESET)
 <LI><a href="#[4]">PendSV_Handler</a> from stm32f0xx_it.o(i.PendSV_Handler) referenced from startup_stm32f030x6.o(RESET)
 <LI><a href="#[9]">RCC_IRQHandler</a> from startup_stm32f030x6.o(.text) referenced from startup_stm32f030x6.o(RESET)
 <LI><a href="#[7]">RTC_IRQHandler</a> from startup_stm32f030x6.o(.text) referenced from startup_stm32f030x6.o(RESET)
 <LI><a href="#[0]">Reset_Handler</a> from startup_stm32f030x6.o(.text) referenced from startup_stm32f030x6.o(RESET)
 <LI><a href="#[18]">SPI1_IRQHandler</a> from startup_stm32f030x6.o(.text) referenced from startup_stm32f030x6.o(RESET)
 <LI><a href="#[3]">SVC_Handler</a> from stm32f0xx_it.o(i.SVC_Handler) referenced from startup_stm32f030x6.o(RESET)
 <LI><a href="#[5]">SysTick_Handler</a> from stm32f0xx_it.o(i.SysTick_Handler) referenced from startup_stm32f030x6.o(RESET)
 <LI><a href="#[1b]">SystemInit</a> from system_stm32f0xx.o(i.SystemInit) referenced from startup_stm32f030x6.o(.text)
 <LI><a href="#[14]">TIM14_IRQHandler</a> from stm32f0xx_it.o(i.TIM14_IRQHandler) referenced from startup_stm32f030x6.o(RESET)
 <LI><a href="#[15]">TIM16_IRQHandler</a> from startup_stm32f030x6.o(.text) referenced from startup_stm32f030x6.o(RESET)
 <LI><a href="#[16]">TIM17_IRQHandler</a> from startup_stm32f030x6.o(.text) referenced from startup_stm32f030x6.o(RESET)
 <LI><a href="#[11]">TIM1_BRK_UP_TRG_COM_IRQHandler</a> from startup_stm32f030x6.o(.text) referenced from startup_stm32f030x6.o(RESET)
 <LI><a href="#[12]">TIM1_CC_IRQHandler</a> from startup_stm32f030x6.o(.text) referenced from startup_stm32f030x6.o(RESET)
 <LI><a href="#[13]">TIM3_IRQHandler</a> from startup_stm32f030x6.o(.text) referenced from startup_stm32f030x6.o(RESET)
 <LI><a href="#[19]">USART1_IRQHandler</a> from stm32f0xx_it.o(i.USART1_IRQHandler) referenced from startup_stm32f030x6.o(RESET)
 <LI><a href="#[6]">WWDG_IRQHandler</a> from startup_stm32f030x6.o(.text) referenced from startup_stm32f030x6.o(RESET)
 <LI><a href="#[1c]">__main</a> from entry.o(.ARM.Collect$$$$00000000) referenced from startup_stm32f030x6.o(.text)
 <LI><a href="#[1d]">fputc</a> from retarget_io.o(i.fputc) referenced from printf8.o(i.__0printf$8)
 <LI><a href="#[1e]">lfs_alloc_lookahead</a> from lfs.o(i.lfs_alloc_lookahead) referenced from lfs.o(i.lfs_alloc)
 <LI><a href="#[1f]">lfs_dir_commit_commit</a> from lfs.o(i.lfs_dir_commit_commit) referenced from lfs.o(i.lfs_dir_commit)
 <LI><a href="#[1f]">lfs_dir_commit_commit</a> from lfs.o(i.lfs_dir_commit_commit) referenced from lfs.o(i.lfs_dir_compact)
 <LI><a href="#[20]">lfs_dir_commit_size</a> from lfs.o(i.lfs_dir_commit_size) referenced from lfs.o(i.lfs_dir_compact)
 <LI><a href="#[21]">lfs_dir_find_match</a> from lfs.o(i.lfs_dir_find_match) referenced from lfs.o(i.lfs_dir_find)
 <LI><a href="#[22]">lfs_dir_traverse_filter</a> from lfs.o(i.lfs_dir_traverse_filter) referenced from lfs.o(i.lfs_dir_traverse)
 <LI><a href="#[23]">lfs_fs_parent_match</a> from lfs.o(i.lfs_fs_parent_match) referenced from lfs.o(i.lfs_fs_parent)
 <LI><a href="#[24]">lfs_fs_size_count</a> from lfs.o(i.lfs_fs_size_count) referenced from lfs.o(i.lfs_fs_rawsize)
 <LI><a href="#[1a]">main</a> from main.o(i.main) referenced from entry9a.o(.ARM.Collect$$$$0000000B)
</UL>
<P>
<H3>
Global Symbols
</H3>
<P><STRONG><a name="[1c]"></a>__main</STRONG> (Thumb, 0 bytes, Stack size unknown bytes, entry.o(.ARM.Collect$$$$00000000))
<BR>[Address Reference Count : 1]<UL><LI> startup_stm32f030x6.o(.text)
</UL>
<P><STRONG><a name="[cd]"></a>_main_stk</STRONG> (Thumb, 0 bytes, Stack size unknown bytes, entry2.o(.ARM.Collect$$$$00000001))

<P><STRONG><a name="[25]"></a>_main_scatterload</STRONG> (Thumb, 0 bytes, Stack size unknown bytes, entry5.o(.ARM.Collect$$$$00000004))
<BR><BR>[Calls]<UL><LI><a href="#[26]">&gt;&gt;</a>&nbsp;&nbsp;&nbsp;__scatterload
</UL>

<P><STRONG><a name="[2f]"></a>__main_after_scatterload</STRONG> (Thumb, 0 bytes, Stack size unknown bytes, entry5.o(.ARM.Collect$$$$00000004))
<BR><BR>[Called By]<UL><LI><a href="#[26]">&gt;&gt;</a>&nbsp;&nbsp;&nbsp;__scatterload
</UL>

<P><STRONG><a name="[ce]"></a>_main_clock</STRONG> (Thumb, 0 bytes, Stack size unknown bytes, entry7b.o(.ARM.Collect$$$$00000008))

<P><STRONG><a name="[cf]"></a>_main_cpp_init</STRONG> (Thumb, 0 bytes, Stack size unknown bytes, entry8b.o(.ARM.Collect$$$$0000000A))

<P><STRONG><a name="[d0]"></a>_main_init</STRONG> (Thumb, 0 bytes, Stack size unknown bytes, entry9a.o(.ARM.Collect$$$$0000000B))

<P><STRONG><a name="[d1]"></a>__rt_final_cpp</STRONG> (Thumb, 0 bytes, Stack size unknown bytes, entry10a.o(.ARM.Collect$$$$0000000D))

<P><STRONG><a name="[d2]"></a>__rt_final_exit</STRONG> (Thumb, 0 bytes, Stack size unknown bytes, entry11a.o(.ARM.Collect$$$$0000000F))

<P><STRONG><a name="[0]"></a>Reset_Handler</STRONG> (Thumb, 8 bytes, Stack size 0 bytes, startup_stm32f030x6.o(.text))
<BR>[Address Reference Count : 1]<UL><LI> startup_stm32f030x6.o(RESET)
</UL>
<P><STRONG><a name="[10]"></a>ADC1_IRQHandler</STRONG> (Thumb, 0 bytes, Stack size 0 bytes, startup_stm32f030x6.o(.text))
<BR><BR>[Calls]<UL><LI><a href="#[10]">&gt;&gt;</a>&nbsp;&nbsp;&nbsp;ADC1_IRQHandler
</UL>
<BR>[Called By]<UL><LI><a href="#[10]">&gt;&gt;</a>&nbsp;&nbsp;&nbsp;ADC1_IRQHandler
</UL>
<BR>[Address Reference Count : 1]<UL><LI> startup_stm32f030x6.o(RESET)
</UL>
<P><STRONG><a name="[d]"></a>DMA1_Channel1_IRQHandler</STRONG> (Thumb, 0 bytes, Stack size 0 bytes, startup_stm32f030x6.o(.text))
<BR>[Address Reference Count : 1]<UL><LI> startup_stm32f030x6.o(RESET)
</UL>
<P><STRONG><a name="[f]"></a>DMA1_Channel4_5_IRQHandler</STRONG> (Thumb, 0 bytes, Stack size 0 bytes, startup_stm32f030x6.o(.text))
<BR>[Address Reference Count : 1]<UL><LI> startup_stm32f030x6.o(RESET)
</UL>
<P><STRONG><a name="[a]"></a>EXTI0_1_IRQHandler</STRONG> (Thumb, 0 bytes, Stack size 0 bytes, startup_stm32f030x6.o(.text))
<BR>[Address Reference Count : 1]<UL><LI> startup_stm32f030x6.o(RESET)
</UL>
<P><STRONG><a name="[b]"></a>EXTI2_3_IRQHandler</STRONG> (Thumb, 0 bytes, Stack size 0 bytes, startup_stm32f030x6.o(.text))
<BR>[Address Reference Count : 1]<UL><LI> startup_stm32f030x6.o(RESET)
</UL>
<P><STRONG><a name="[c]"></a>EXTI4_15_IRQHandler</STRONG> (Thumb, 0 bytes, Stack size 0 bytes, startup_stm32f030x6.o(.text))
<BR>[Address Reference Count : 1]<UL><LI> startup_stm32f030x6.o(RESET)
</UL>
<P><STRONG><a name="[8]"></a>FLASH_IRQHandler</STRONG> (Thumb, 0 bytes, Stack size 0 bytes, startup_stm32f030x6.o(.text))
<BR>[Address Reference Count : 1]<UL><LI> startup_stm32f030x6.o(RESET)
</UL>
<P><STRONG><a name="[17]"></a>I2C1_IRQHandler</STRONG> (Thumb, 0 bytes, Stack size 0 bytes, startup_stm32f030x6.o(.text))
<BR>[Address Reference Count : 1]<UL><LI> startup_stm32f030x6.o(RESET)
</UL>
<P><STRONG><a name="[9]"></a>RCC_IRQHandler</STRONG> (Thumb, 0 bytes, Stack size 0 bytes, startup_stm32f030x6.o(.text))
<BR>[Address Reference Count : 1]<UL><LI> startup_stm32f030x6.o(RESET)
</UL>
<P><STRONG><a name="[7]"></a>RTC_IRQHandler</STRONG> (Thumb, 0 bytes, Stack size 0 bytes, startup_stm32f030x6.o(.text))
<BR>[Address Reference Count : 1]<UL><LI> startup_stm32f030x6.o(RESET)
</UL>
<P><STRONG><a name="[18]"></a>SPI1_IRQHandler</STRONG> (Thumb, 0 bytes, Stack size 0 bytes, startup_stm32f030x6.o(.text))
<BR>[Address Reference Count : 1]<UL><LI> startup_stm32f030x6.o(RESET)
</UL>
<P><STRONG><a name="[15]"></a>TIM16_IRQHandler</STRONG> (Thumb, 0 bytes, Stack size 0 bytes, startup_stm32f030x6.o(.text))
<BR>[Address Reference Count : 1]<UL><LI> startup_stm32f030x6.o(RESET)
</UL>
<P><STRONG><a name="[16]"></a>TIM17_IRQHandler</STRONG> (Thumb, 0 bytes, Stack size 0 bytes, startup_stm32f030x6.o(.text))
<BR>[Address Reference Count : 1]<UL><LI> startup_stm32f030x6.o(RESET)
</UL>
<P><STRONG><a name="[11]"></a>TIM1_BRK_UP_TRG_COM_IRQHandler</STRONG> (Thumb, 0 bytes, Stack size 0 bytes, startup_stm32f030x6.o(.text))
<BR>[Address Reference Count : 1]<UL><LI> startup_stm32f030x6.o(RESET)
</UL>
<P><STRONG><a name="[12]"></a>TIM1_CC_IRQHandler</STRONG> (Thumb, 0 bytes, Stack size 0 bytes, startup_stm32f030x6.o(.text))
<BR>[Address Reference Count : 1]<UL><LI> startup_stm32f030x6.o(RESET)
</UL>
<P><STRONG><a name="[13]"></a>TIM3_IRQHandler</STRONG> (Thumb, 0 bytes, Stack size 0 bytes, startup_stm32f030x6.o(.text))
<BR>[Address Reference Count : 1]<UL><LI> startup_stm32f030x6.o(RESET)
</UL>
<P><STRONG><a name="[6]"></a>WWDG_IRQHandler</STRONG> (Thumb, 0 bytes, Stack size 0 bytes, startup_stm32f030x6.o(.text))
<BR>[Address Reference Count : 1]<UL><LI> startup_stm32f030x6.o(RESET)
</UL>
<P><STRONG><a name="[d3]"></a>__aeabi_uidiv</STRONG> (Thumb, 0 bytes, Stack size 12 bytes, uidiv.o(.text), UNUSED)

<P><STRONG><a name="[28]"></a>__aeabi_uidivmod</STRONG> (Thumb, 44 bytes, Stack size 12 bytes, uidiv.o(.text))
<BR><BR>[Stack]<UL><LI>Max Depth = 12<LI>Call Chain = __aeabi_uidivmod
</UL>
<BR>[Called By]<UL><LI><a href="#[36]">&gt;&gt;</a>&nbsp;&nbsp;&nbsp;LL_Init1msTick
<LI><a href="#[a0]">&gt;&gt;</a>&nbsp;&nbsp;&nbsp;lfs_dir_fetchmatch
<LI><a href="#[96]">&gt;&gt;</a>&nbsp;&nbsp;&nbsp;lfs_dir_compact
<LI><a href="#[7e]">&gt;&gt;</a>&nbsp;&nbsp;&nbsp;lfs_ctz_index
<LI><a href="#[74]">&gt;&gt;</a>&nbsp;&nbsp;&nbsp;lfs_bd_read
<LI><a href="#[1e]">&gt;&gt;</a>&nbsp;&nbsp;&nbsp;lfs_alloc_lookahead
<LI><a href="#[6f]">&gt;&gt;</a>&nbsp;&nbsp;&nbsp;lfs_alloc
<LI><a href="#[6e]">&gt;&gt;</a>&nbsp;&nbsp;&nbsp;lfs_alignup
<LI><a href="#[6d]">&gt;&gt;</a>&nbsp;&nbsp;&nbsp;lfs_aligndown
<LI><a href="#[31]">&gt;&gt;</a>&nbsp;&nbsp;&nbsp;HAL_InitTick
<LI><a href="#[27]">&gt;&gt;</a>&nbsp;&nbsp;&nbsp;__aeabi_idivmod
</UL>

<P><STRONG><a name="[d4]"></a>__aeabi_idiv</STRONG> (Thumb, 0 bytes, Stack size 16 bytes, idiv.o(.text), UNUSED)

<P><STRONG><a name="[27]"></a>__aeabi_idivmod</STRONG> (Thumb, 40 bytes, Stack size 16 bytes, idiv.o(.text))
<BR><BR>[Stack]<UL><LI>Max Depth = 28<LI>Call Chain = __aeabi_idivmod &rArr; __aeabi_uidivmod
</UL>
<BR>[Calls]<UL><LI><a href="#[28]">&gt;&gt;</a>&nbsp;&nbsp;&nbsp;__aeabi_uidivmod
</UL>
<BR>[Called By]<UL><LI><a href="#[63]">&gt;&gt;</a>&nbsp;&nbsp;&nbsp;usart_send_str_int
</UL>

<P><STRONG><a name="[29]"></a>__aeabi_uldivmod</STRONG> (Thumb, 96 bytes, Stack size 48 bytes, uldiv.o(.text), UNUSED)
<BR><BR>[Calls]<UL><LI><a href="#[2a]">&gt;&gt;</a>&nbsp;&nbsp;&nbsp;__aeabi_llsr
<LI><a href="#[2b]">&gt;&gt;</a>&nbsp;&nbsp;&nbsp;__aeabi_llsl
</UL>
<BR>[Called By]<UL><LI><a href="#[4a]">&gt;&gt;</a>&nbsp;&nbsp;&nbsp;_printf_core
</UL>

<P><STRONG><a name="[2a]"></a>__aeabi_llsr</STRONG> (Thumb, 34 bytes, Stack size 8 bytes, llushr.o(.text), UNUSED)
<BR><BR>[Called By]<UL><LI><a href="#[29]">&gt;&gt;</a>&nbsp;&nbsp;&nbsp;__aeabi_uldivmod
</UL>

<P><STRONG><a name="[d5]"></a>_ll_ushift_r</STRONG> (Thumb, 0 bytes, Stack size 8 bytes, llushr.o(.text), UNUSED)

<P><STRONG><a name="[79]"></a>__aeabi_memcpy</STRONG> (Thumb, 36 bytes, Stack size 0 bytes, memcpya.o(.text))
<BR><BR>[Called By]<UL><LI><a href="#[c2]">&gt;&gt;</a>&nbsp;&nbsp;&nbsp;nlcdSetFont
<LI><a href="#[ae]">&gt;&gt;</a>&nbsp;&nbsp;&nbsp;lfs_file_relocate
<LI><a href="#[a9]">&gt;&gt;</a>&nbsp;&nbsp;&nbsp;lfs_dir_getread
<LI><a href="#[74]">&gt;&gt;</a>&nbsp;&nbsp;&nbsp;lfs_bd_read
<LI><a href="#[78]">&gt;&gt;</a>&nbsp;&nbsp;&nbsp;lfs_bd_prog
</UL>

<P><STRONG><a name="[8a]"></a>__aeabi_memcpy4</STRONG> (Thumb, 0 bytes, Stack size 0 bytes, memcpya.o(.text))
<BR><BR>[Called By]<UL><LI><a href="#[63]">&gt;&gt;</a>&nbsp;&nbsp;&nbsp;usart_send_str_int
<LI><a href="#[71]">&gt;&gt;</a>&nbsp;&nbsp;&nbsp;lfs_fs_rawtraverse
<LI><a href="#[b9]">&gt;&gt;</a>&nbsp;&nbsp;&nbsp;lfs_fs_deorphan
<LI><a href="#[89]">&gt;&gt;</a>&nbsp;&nbsp;&nbsp;lfs_file_flush
<LI><a href="#[96]">&gt;&gt;</a>&nbsp;&nbsp;&nbsp;lfs_dir_compact
<LI><a href="#[86]">&gt;&gt;</a>&nbsp;&nbsp;&nbsp;lfs_dir_commit
</UL>

<P><STRONG><a name="[d6]"></a>__aeabi_memcpy8</STRONG> (Thumb, 0 bytes, Stack size 0 bytes, memcpya.o(.text), UNUSED)

<P><STRONG><a name="[2d]"></a>__aeabi_memset</STRONG> (Thumb, 14 bytes, Stack size 0 bytes, memseta.o(.text))
<BR><BR>[Called By]<UL><LI><a href="#[77]">&gt;&gt;</a>&nbsp;&nbsp;&nbsp;lfs_cache_zero
<LI><a href="#[2e]">&gt;&gt;</a>&nbsp;&nbsp;&nbsp;_memset$wrapper
<LI><a href="#[2c]">&gt;&gt;</a>&nbsp;&nbsp;&nbsp;__aeabi_memclr
</UL>

<P><STRONG><a name="[d7]"></a>__aeabi_memset4</STRONG> (Thumb, 0 bytes, Stack size 0 bytes, memseta.o(.text), UNUSED)

<P><STRONG><a name="[d8]"></a>__aeabi_memset8</STRONG> (Thumb, 0 bytes, Stack size 0 bytes, memseta.o(.text), UNUSED)

<P><STRONG><a name="[2c]"></a>__aeabi_memclr</STRONG> (Thumb, 4 bytes, Stack size 0 bytes, memseta.o(.text))
<BR><BR>[Calls]<UL><LI><a href="#[2d]">&gt;&gt;</a>&nbsp;&nbsp;&nbsp;__aeabi_memset
</UL>
<BR>[Called By]<UL><LI><a href="#[a8]">&gt;&gt;</a>&nbsp;&nbsp;&nbsp;lfs_dir_getslice
</UL>

<P><STRONG><a name="[3d]"></a>__aeabi_memclr4</STRONG> (Thumb, 0 bytes, Stack size 0 bytes, memseta.o(.text))
<BR><BR>[Called By]<UL><LI><a href="#[cb]">&gt;&gt;</a>&nbsp;&nbsp;&nbsp;soft_spi_ini
<LI><a href="#[67]">&gt;&gt;</a>&nbsp;&nbsp;&nbsp;gpio_ini
<LI><a href="#[56]">&gt;&gt;</a>&nbsp;&nbsp;&nbsp;dac_ini
<LI><a href="#[53]">&gt;&gt;</a>&nbsp;&nbsp;&nbsp;adc_ini
<LI><a href="#[48]">&gt;&gt;</a>&nbsp;&nbsp;&nbsp;W25Q_ini
<LI><a href="#[3c]">&gt;&gt;</a>&nbsp;&nbsp;&nbsp;USART_ini
<LI><a href="#[af]">&gt;&gt;</a>&nbsp;&nbsp;&nbsp;lfs_file_rawopencfg
<LI><a href="#[6f]">&gt;&gt;</a>&nbsp;&nbsp;&nbsp;lfs_alloc
</UL>

<P><STRONG><a name="[d9]"></a>__aeabi_memclr8</STRONG> (Thumb, 0 bytes, Stack size 0 bytes, memseta.o(.text), UNUSED)

<P><STRONG><a name="[2e]"></a>_memset$wrapper</STRONG> (Thumb, 18 bytes, Stack size 8 bytes, memseta.o(.text), UNUSED)
<BR><BR>[Calls]<UL><LI><a href="#[2d]">&gt;&gt;</a>&nbsp;&nbsp;&nbsp;__aeabi_memset
</UL>

<P><STRONG><a name="[a7]"></a>strchr</STRONG> (Thumb, 20 bytes, Stack size 0 bytes, strchr.o(.text))
<BR><BR>[Called By]<UL><LI><a href="#[a3]">&gt;&gt;</a>&nbsp;&nbsp;&nbsp;lfs_dir_find
</UL>

<P><STRONG><a name="[b3]"></a>strlen</STRONG> (Thumb, 14 bytes, Stack size 0 bytes, strlen.o(.text))
<BR><BR>[Called By]<UL><LI><a href="#[af]">&gt;&gt;</a>&nbsp;&nbsp;&nbsp;lfs_file_rawopencfg
</UL>

<P><STRONG><a name="[75]"></a>memcmp</STRONG> (Thumb, 26 bytes, Stack size 12 bytes, memcmp.o(.text))
<BR><BR>[Stack]<UL><LI>Max Depth = 12<LI>Call Chain = memcmp
</UL>
<BR>[Called By]<UL><LI><a href="#[a3]">&gt;&gt;</a>&nbsp;&nbsp;&nbsp;lfs_dir_find
<LI><a href="#[73]">&gt;&gt;</a>&nbsp;&nbsp;&nbsp;lfs_bd_cmp
</UL>

<P><STRONG><a name="[cc]"></a>strcpy</STRONG> (Thumb, 18 bytes, Stack size 0 bytes, strcpy.o(.text))
<BR><BR>[Called By]<UL><LI><a href="#[63]">&gt;&gt;</a>&nbsp;&nbsp;&nbsp;usart_send_str_int
</UL>

<P><STRONG><a name="[a4]"></a>strspn</STRONG> (Thumb, 32 bytes, Stack size 12 bytes, strspn.o(.text))
<BR><BR>[Stack]<UL><LI>Max Depth = 12<LI>Call Chain = strspn
</UL>
<BR>[Called By]<UL><LI><a href="#[a3]">&gt;&gt;</a>&nbsp;&nbsp;&nbsp;lfs_dir_find
</UL>

<P><STRONG><a name="[a5]"></a>strcspn</STRONG> (Thumb, 34 bytes, Stack size 12 bytes, strcspn.o(.text))
<BR><BR>[Stack]<UL><LI>Max Depth = 12<LI>Call Chain = strcspn
</UL>
<BR>[Called By]<UL><LI><a href="#[a3]">&gt;&gt;</a>&nbsp;&nbsp;&nbsp;lfs_dir_find
</UL>

<P><STRONG><a name="[2b]"></a>__aeabi_llsl</STRONG> (Thumb, 32 bytes, Stack size 8 bytes, llshl.o(.text), UNUSED)
<BR><BR>[Called By]<UL><LI><a href="#[29]">&gt;&gt;</a>&nbsp;&nbsp;&nbsp;__aeabi_uldivmod
</UL>

<P><STRONG><a name="[da]"></a>_ll_shift_l</STRONG> (Thumb, 0 bytes, Stack size 8 bytes, llshl.o(.text), UNUSED)

<P><STRONG><a name="[26]"></a>__scatterload</STRONG> (Thumb, 28 bytes, Stack size 0 bytes, init.o(.text))
<BR><BR>[Calls]<UL><LI><a href="#[2f]">&gt;&gt;</a>&nbsp;&nbsp;&nbsp;__main_after_scatterload
</UL>
<BR>[Called By]<UL><LI><a href="#[25]">&gt;&gt;</a>&nbsp;&nbsp;&nbsp;_main_scatterload
</UL>

<P><STRONG><a name="[db]"></a>__scatterload_rt2</STRONG> (Thumb, 0 bytes, Stack size 0 bytes, init.o(.text), UNUSED)

<P><STRONG><a name="[dc]"></a>__decompress</STRONG> (Thumb, 0 bytes, Stack size unknown bytes, __dczerorl.o(.text), UNUSED)

<P><STRONG><a name="[dd]"></a>__decompress0</STRONG> (Thumb, 58 bytes, Stack size unknown bytes, __dczerorl.o(.text), UNUSED)

<P><STRONG><a name="[e]"></a>DMA1_Channel2_3_IRQHandler</STRONG> (Thumb, 2 bytes, Stack size 0 bytes, stm32f0xx_it.o(i.DMA1_Channel2_3_IRQHandler))
<BR>[Address Reference Count : 1]<UL><LI> startup_stm32f030x6.o(RESET)
</UL>
<P><STRONG><a name="[37]"></a>HAL_IncTick</STRONG> (Thumb, 12 bytes, Stack size 0 bytes, stm32f0xx_hal.o(i.HAL_IncTick))
<BR><BR>[Called By]<UL><LI><a href="#[5]">&gt;&gt;</a>&nbsp;&nbsp;&nbsp;SysTick_Handler
</UL>

<P><STRONG><a name="[30]"></a>HAL_Init</STRONG> (Thumb, 26 bytes, Stack size 8 bytes, stm32f0xx_hal.o(i.HAL_Init))
<BR><BR>[Stack]<UL><LI>Max Depth = 36<LI>Call Chain = HAL_Init &rArr; HAL_InitTick &rArr; __aeabi_uidivmod
</UL>
<BR>[Calls]<UL><LI><a href="#[31]">&gt;&gt;</a>&nbsp;&nbsp;&nbsp;HAL_InitTick
<LI><a href="#[32]">&gt;&gt;</a>&nbsp;&nbsp;&nbsp;HAL_MspInit
</UL>
<BR>[Called By]<UL><LI><a href="#[68]">&gt;&gt;</a>&nbsp;&nbsp;&nbsp;hard_ini
</UL>

<P><STRONG><a name="[31]"></a>HAL_InitTick</STRONG> (Thumb, 58 bytes, Stack size 16 bytes, stm32f0xx_hal.o(i.HAL_InitTick))
<BR><BR>[Stack]<UL><LI>Max Depth = 28<LI>Call Chain = HAL_InitTick &rArr; __aeabi_uidivmod
</UL>
<BR>[Calls]<UL><LI><a href="#[33]">&gt;&gt;</a>&nbsp;&nbsp;&nbsp;HAL_SYSTICK_Config
<LI><a href="#[34]">&gt;&gt;</a>&nbsp;&nbsp;&nbsp;HAL_NVIC_SetPriority
<LI><a href="#[28]">&gt;&gt;</a>&nbsp;&nbsp;&nbsp;__aeabi_uidivmod
</UL>
<BR>[Called By]<UL><LI><a href="#[30]">&gt;&gt;</a>&nbsp;&nbsp;&nbsp;HAL_Init
</UL>

<P><STRONG><a name="[32]"></a>HAL_MspInit</STRONG> (Thumb, 2 bytes, Stack size 0 bytes, stm32f0xx_hal.o(i.HAL_MspInit))
<BR><BR>[Called By]<UL><LI><a href="#[30]">&gt;&gt;</a>&nbsp;&nbsp;&nbsp;HAL_Init
</UL>

<P><STRONG><a name="[34]"></a>HAL_NVIC_SetPriority</STRONG> (Thumb, 8 bytes, Stack size 8 bytes, stm32f0xx_hal_cortex.o(i.HAL_NVIC_SetPriority))
<BR><BR>[Stack]<UL><LI>Max Depth = 8<LI>Call Chain = HAL_NVIC_SetPriority
</UL>
<BR>[Calls]<UL><LI><a href="#[35]">&gt;&gt;</a>&nbsp;&nbsp;&nbsp;__NVIC_SetPriority
</UL>
<BR>[Called By]<UL><LI><a href="#[31]">&gt;&gt;</a>&nbsp;&nbsp;&nbsp;HAL_InitTick
</UL>

<P><STRONG><a name="[33]"></a>HAL_SYSTICK_Config</STRONG> (Thumb, 38 bytes, Stack size 8 bytes, stm32f0xx_hal_cortex.o(i.HAL_SYSTICK_Config))
<BR><BR>[Stack]<UL><LI>Max Depth = 8<LI>Call Chain = HAL_SYSTICK_Config
</UL>
<BR>[Calls]<UL><LI><a href="#[35]">&gt;&gt;</a>&nbsp;&nbsp;&nbsp;__NVIC_SetPriority
</UL>
<BR>[Called By]<UL><LI><a href="#[31]">&gt;&gt;</a>&nbsp;&nbsp;&nbsp;HAL_InitTick
</UL>

<P><STRONG><a name="[2]"></a>HardFault_Handler</STRONG> (Thumb, 2 bytes, Stack size 0 bytes, stm32f0xx_it.o(i.HardFault_Handler))
<BR><BR>[Calls]<UL><LI><a href="#[2]">&gt;&gt;</a>&nbsp;&nbsp;&nbsp;HardFault_Handler
</UL>
<BR>[Called By]<UL><LI><a href="#[2]">&gt;&gt;</a>&nbsp;&nbsp;&nbsp;HardFault_Handler
</UL>
<BR>[Address Reference Count : 1]<UL><LI> startup_stm32f030x6.o(RESET)
</UL>
<P><STRONG><a name="[3e]"></a>LL_GPIO_Init</STRONG> (Thumb, 174 bytes, Stack size 20 bytes, stm32f0xx_ll_gpio_2.o(i.LL_GPIO_Init))
<BR><BR>[Stack]<UL><LI>Max Depth = 20<LI>Call Chain = LL_GPIO_Init
</UL>
<BR>[Called By]<UL><LI><a href="#[cb]">&gt;&gt;</a>&nbsp;&nbsp;&nbsp;soft_spi_ini
<LI><a href="#[67]">&gt;&gt;</a>&nbsp;&nbsp;&nbsp;gpio_ini
<LI><a href="#[56]">&gt;&gt;</a>&nbsp;&nbsp;&nbsp;dac_ini
<LI><a href="#[53]">&gt;&gt;</a>&nbsp;&nbsp;&nbsp;adc_ini
<LI><a href="#[48]">&gt;&gt;</a>&nbsp;&nbsp;&nbsp;W25Q_ini
<LI><a href="#[3c]">&gt;&gt;</a>&nbsp;&nbsp;&nbsp;USART_ini
</UL>

<P><STRONG><a name="[36]"></a>LL_Init1msTick</STRONG> (Thumb, 26 bytes, Stack size 8 bytes, stm32f0xx_ll_utils_1.o(i.LL_Init1msTick))
<BR><BR>[Stack]<UL><LI>Max Depth = 20<LI>Call Chain = LL_Init1msTick &rArr; __aeabi_uidivmod
</UL>
<BR>[Calls]<UL><LI><a href="#[28]">&gt;&gt;</a>&nbsp;&nbsp;&nbsp;__aeabi_uidivmod
</UL>
<BR>[Called By]<UL><LI><a href="#[54]">&gt;&gt;</a>&nbsp;&nbsp;&nbsp;clock_ini
</UL>

<P><STRONG><a name="[55]"></a>LL_SetSystemCoreClock</STRONG> (Thumb, 6 bytes, Stack size 0 bytes, stm32f0xx_ll_utils_1.o(i.LL_SetSystemCoreClock))
<BR><BR>[Called By]<UL><LI><a href="#[54]">&gt;&gt;</a>&nbsp;&nbsp;&nbsp;clock_ini
</UL>

<P><STRONG><a name="[c9]"></a>LL_mDelay</STRONG> (Thumb, 28 bytes, Stack size 8 bytes, stm32f0xx_ll_utils_1.o(i.LL_mDelay))
<BR><BR>[Stack]<UL><LI>Max Depth = 8<LI>Call Chain = LL_mDelay
</UL>
<BR>[Called By]<UL><LI><a href="#[bf]">&gt;&gt;</a>&nbsp;&nbsp;&nbsp;nlcdInit
<LI><a href="#[66]">&gt;&gt;</a>&nbsp;&nbsp;&nbsp;stdout_putchar
</UL>

<P><STRONG><a name="[1]"></a>NMI_Handler</STRONG> (Thumb, 2 bytes, Stack size 0 bytes, stm32f0xx_it.o(i.NMI_Handler))
<BR><BR>[Calls]<UL><LI><a href="#[1]">&gt;&gt;</a>&nbsp;&nbsp;&nbsp;NMI_Handler
</UL>
<BR>[Called By]<UL><LI><a href="#[1]">&gt;&gt;</a>&nbsp;&nbsp;&nbsp;NMI_Handler
</UL>
<BR>[Address Reference Count : 1]<UL><LI> startup_stm32f030x6.o(RESET)
</UL>
<P><STRONG><a name="[4]"></a>PendSV_Handler</STRONG> (Thumb, 2 bytes, Stack size 0 bytes, stm32f0xx_it.o(i.PendSV_Handler))
<BR>[Address Reference Count : 1]<UL><LI> startup_stm32f030x6.o(RESET)
</UL>
<P><STRONG><a name="[40]"></a>SPI_w25q</STRONG> (Thumb, 38 bytes, Stack size 0 bytes, spi_stm32f030.o(i.SPI_w25q))
<BR><BR>[Called By]<UL><LI><a href="#[47]">&gt;&gt;</a>&nbsp;&nbsp;&nbsp;W25Q_WritePage_start
<LI><a href="#[46]">&gt;&gt;</a>&nbsp;&nbsp;&nbsp;W25Q_Read_StatusReg
<LI><a href="#[44]">&gt;&gt;</a>&nbsp;&nbsp;&nbsp;W25Q_Read_Manufact_Device_ID
<LI><a href="#[65]">&gt;&gt;</a>&nbsp;&nbsp;&nbsp;put_w25q
<LI><a href="#[c8]">&gt;&gt;</a>&nbsp;&nbsp;&nbsp;program_manager
<LI><a href="#[43]">&gt;&gt;</a>&nbsp;&nbsp;&nbsp;W25Q_ReadPage_start
<LI><a href="#[41]">&gt;&gt;</a>&nbsp;&nbsp;&nbsp;W25Q_EraseSector4KB
<LI><a href="#[1a]">&gt;&gt;</a>&nbsp;&nbsp;&nbsp;main
<LI><a href="#[3f]">&gt;&gt;</a>&nbsp;&nbsp;&nbsp;W25Q_Enable_Write
</UL>

<P><STRONG><a name="[3]"></a>SVC_Handler</STRONG> (Thumb, 2 bytes, Stack size 0 bytes, stm32f0xx_it.o(i.SVC_Handler))
<BR>[Address Reference Count : 1]<UL><LI> startup_stm32f030x6.o(RESET)
</UL>
<P><STRONG><a name="[5]"></a>SysTick_Handler</STRONG> (Thumb, 12 bytes, Stack size 8 bytes, stm32f0xx_it.o(i.SysTick_Handler))
<BR><BR>[Stack]<UL><LI>Max Depth = 28<LI>Call Chain = SysTick_Handler &rArr; timer_basic_manager
</UL>
<BR>[Calls]<UL><LI><a href="#[38]">&gt;&gt;</a>&nbsp;&nbsp;&nbsp;timer_basic_manager
<LI><a href="#[37]">&gt;&gt;</a>&nbsp;&nbsp;&nbsp;HAL_IncTick
</UL>
<BR>[Address Reference Count : 1]<UL><LI> startup_stm32f030x6.o(RESET)
</UL>
<P><STRONG><a name="[1b]"></a>SystemInit</STRONG> (Thumb, 2 bytes, Stack size 0 bytes, system_stm32f0xx.o(i.SystemInit))
<BR>[Address Reference Count : 1]<UL><LI> startup_stm32f030x6.o(.text)
</UL>
<P><STRONG><a name="[14]"></a>TIM14_IRQHandler</STRONG> (Thumb, 18 bytes, Stack size 8 bytes, stm32f0xx_it.o(i.TIM14_IRQHandler))
<BR><BR>[Stack]<UL><LI>Max Depth = 40<LI>Call Chain = TIM14_IRQHandler &rArr; dac &rArr; W25Q_ReadPage_start
</UL>
<BR>[Calls]<UL><LI><a href="#[39]">&gt;&gt;</a>&nbsp;&nbsp;&nbsp;dac
</UL>
<BR>[Address Reference Count : 1]<UL><LI> startup_stm32f030x6.o(RESET)
</UL>
<P><STRONG><a name="[19]"></a>USART1_IRQHandler</STRONG> (Thumb, 44 bytes, Stack size 8 bytes, stm32f0xx_it.o(i.USART1_IRQHandler))
<BR><BR>[Stack]<UL><LI>Max Depth = 8<LI>Call Chain = USART1_IRQHandler
</UL>
<BR>[Calls]<UL><LI><a href="#[3a]">&gt;&gt;</a>&nbsp;&nbsp;&nbsp;uart_manager_interupt_tx
<LI><a href="#[3b]">&gt;&gt;</a>&nbsp;&nbsp;&nbsp;uart_manager_interupt_rx
</UL>
<BR>[Address Reference Count : 1]<UL><LI> startup_stm32f030x6.o(RESET)
</UL>
<P><STRONG><a name="[3c]"></a>USART_ini</STRONG> (Thumb, 150 bytes, Stack size 48 bytes, usart_stm32f030.o(i.USART_ini))
<BR><BR>[Stack]<UL><LI>Max Depth = 68<LI>Call Chain = USART_ini &rArr; LL_GPIO_Init
</UL>
<BR>[Calls]<UL><LI><a href="#[3e]">&gt;&gt;</a>&nbsp;&nbsp;&nbsp;LL_GPIO_Init
<LI><a href="#[3d]">&gt;&gt;</a>&nbsp;&nbsp;&nbsp;__aeabi_memclr4
</UL>
<BR>[Called By]<UL><LI><a href="#[68]">&gt;&gt;</a>&nbsp;&nbsp;&nbsp;hard_ini
</UL>

<P><STRONG><a name="[3f]"></a>W25Q_Enable_Write</STRONG> (Thumb, 20 bytes, Stack size 16 bytes, w25q.o(i.W25Q_Enable_Write))
<BR><BR>[Stack]<UL><LI>Max Depth = 16<LI>Call Chain = W25Q_Enable_Write
</UL>
<BR>[Calls]<UL><LI><a href="#[40]">&gt;&gt;</a>&nbsp;&nbsp;&nbsp;SPI_w25q
</UL>
<BR>[Called By]<UL><LI><a href="#[47]">&gt;&gt;</a>&nbsp;&nbsp;&nbsp;W25Q_WritePage_start
<LI><a href="#[41]">&gt;&gt;</a>&nbsp;&nbsp;&nbsp;W25Q_EraseSector4KB
</UL>

<P><STRONG><a name="[41]"></a>W25Q_EraseSector4KB</STRONG> (Thumb, 64 bytes, Stack size 16 bytes, w25q.o(i.W25Q_EraseSector4KB))
<BR><BR>[Stack]<UL><LI>Max Depth = 40<LI>Call Chain = W25Q_EraseSector4KB &rArr; W25Q_WaitBusy &rArr; W25Q_Read_StatusReg
</UL>
<BR>[Calls]<UL><LI><a href="#[42]">&gt;&gt;</a>&nbsp;&nbsp;&nbsp;W25Q_WaitBusy
<LI><a href="#[40]">&gt;&gt;</a>&nbsp;&nbsp;&nbsp;SPI_w25q
<LI><a href="#[3f]">&gt;&gt;</a>&nbsp;&nbsp;&nbsp;W25Q_Enable_Write
</UL>
<BR>[Called By]<UL><LI><a href="#[58]">&gt;&gt;</a>&nbsp;&nbsp;&nbsp;debuge_uart
</UL>

<P><STRONG><a name="[43]"></a>W25Q_ReadPage_start</STRONG> (Thumb, 42 bytes, Stack size 8 bytes, w25q.o(i.W25Q_ReadPage_start))
<BR><BR>[Stack]<UL><LI>Max Depth = 8<LI>Call Chain = W25Q_ReadPage_start
</UL>
<BR>[Calls]<UL><LI><a href="#[40]">&gt;&gt;</a>&nbsp;&nbsp;&nbsp;SPI_w25q
</UL>
<BR>[Called By]<UL><LI><a href="#[57]">&gt;&gt;</a>&nbsp;&nbsp;&nbsp;dac_start
<LI><a href="#[65]">&gt;&gt;</a>&nbsp;&nbsp;&nbsp;put_w25q
<LI><a href="#[39]">&gt;&gt;</a>&nbsp;&nbsp;&nbsp;dac
<LI><a href="#[1a]">&gt;&gt;</a>&nbsp;&nbsp;&nbsp;main
</UL>

<P><STRONG><a name="[44]"></a>W25Q_Read_Manufact_Device_ID</STRONG> (Thumb, 62 bytes, Stack size 16 bytes, w25q.o(i.W25Q_Read_Manufact_Device_ID))
<BR><BR>[Stack]<UL><LI>Max Depth = 16<LI>Call Chain = W25Q_Read_Manufact_Device_ID
</UL>
<BR>[Calls]<UL><LI><a href="#[45]">&gt;&gt;</a>&nbsp;&nbsp;&nbsp;spi_ini
<LI><a href="#[40]">&gt;&gt;</a>&nbsp;&nbsp;&nbsp;SPI_w25q
</UL>
<BR>[Called By]<UL><LI><a href="#[65]">&gt;&gt;</a>&nbsp;&nbsp;&nbsp;put_w25q
</UL>

<P><STRONG><a name="[46]"></a>W25Q_Read_StatusReg</STRONG> (Thumb, 48 bytes, Stack size 16 bytes, w25q.o(i.W25Q_Read_StatusReg))
<BR><BR>[Stack]<UL><LI>Max Depth = 16<LI>Call Chain = W25Q_Read_StatusReg
</UL>
<BR>[Calls]<UL><LI><a href="#[40]">&gt;&gt;</a>&nbsp;&nbsp;&nbsp;SPI_w25q
</UL>
<BR>[Called By]<UL><LI><a href="#[42]">&gt;&gt;</a>&nbsp;&nbsp;&nbsp;W25Q_WaitBusy
<LI><a href="#[65]">&gt;&gt;</a>&nbsp;&nbsp;&nbsp;put_w25q
</UL>

<P><STRONG><a name="[42]"></a>W25Q_WaitBusy</STRONG> (Thumb, 22 bytes, Stack size 8 bytes, w25q.o(i.W25Q_WaitBusy))
<BR><BR>[Stack]<UL><LI>Max Depth = 24<LI>Call Chain = W25Q_WaitBusy &rArr; W25Q_Read_StatusReg
</UL>
<BR>[Calls]<UL><LI><a href="#[46]">&gt;&gt;</a>&nbsp;&nbsp;&nbsp;W25Q_Read_StatusReg
</UL>
<BR>[Called By]<UL><LI><a href="#[c8]">&gt;&gt;</a>&nbsp;&nbsp;&nbsp;program_manager
<LI><a href="#[41]">&gt;&gt;</a>&nbsp;&nbsp;&nbsp;W25Q_EraseSector4KB
</UL>

<P><STRONG><a name="[47]"></a>W25Q_WritePage_start</STRONG> (Thumb, 46 bytes, Stack size 8 bytes, w25q.o(i.W25Q_WritePage_start))
<BR><BR>[Stack]<UL><LI>Max Depth = 24<LI>Call Chain = W25Q_WritePage_start &rArr; W25Q_Enable_Write
</UL>
<BR>[Calls]<UL><LI><a href="#[40]">&gt;&gt;</a>&nbsp;&nbsp;&nbsp;SPI_w25q
<LI><a href="#[3f]">&gt;&gt;</a>&nbsp;&nbsp;&nbsp;W25Q_Enable_Write
</UL>
<BR>[Called By]<UL><LI><a href="#[c8]">&gt;&gt;</a>&nbsp;&nbsp;&nbsp;program_manager
<LI><a href="#[58]">&gt;&gt;</a>&nbsp;&nbsp;&nbsp;debuge_uart
</UL>

<P><STRONG><a name="[48]"></a>W25Q_ini</STRONG> (Thumb, 92 bytes, Stack size 48 bytes, w25q.o(i.W25Q_ini))
<BR><BR>[Stack]<UL><LI>Max Depth = 68<LI>Call Chain = W25Q_ini &rArr; LL_GPIO_Init
</UL>
<BR>[Calls]<UL><LI><a href="#[3e]">&gt;&gt;</a>&nbsp;&nbsp;&nbsp;LL_GPIO_Init
<LI><a href="#[3d]">&gt;&gt;</a>&nbsp;&nbsp;&nbsp;__aeabi_memclr4
</UL>
<BR>[Called By]<UL><LI><a href="#[68]">&gt;&gt;</a>&nbsp;&nbsp;&nbsp;hard_ini
</UL>

<P><STRONG><a name="[49]"></a>__0printf$8</STRONG> (Thumb, 24 bytes, Stack size 24 bytes, printf8.o(i.__0printf$8), UNUSED)
<BR><BR>[Calls]<UL><LI><a href="#[4a]">&gt;&gt;</a>&nbsp;&nbsp;&nbsp;_printf_core
</UL>

<P><STRONG><a name="[de]"></a>__1printf$8</STRONG> (Thumb, 0 bytes, Stack size 24 bytes, printf8.o(i.__0printf$8), UNUSED)

<P><STRONG><a name="[60]"></a>__2printf</STRONG> (Thumb, 0 bytes, Stack size 24 bytes, printf8.o(i.__0printf$8))
<BR><BR>[Stack]<UL><LI>Max Depth = 24<LI>Call Chain = __2printf
</UL>
<BR>[Called By]<UL><LI><a href="#[5e]">&gt;&gt;</a>&nbsp;&nbsp;&nbsp;lfs_unmount
<LI><a href="#[5c]">&gt;&gt;</a>&nbsp;&nbsp;&nbsp;lfs_file_write
<LI><a href="#[5b]">&gt;&gt;</a>&nbsp;&nbsp;&nbsp;lfs_file_rewind
<LI><a href="#[62]">&gt;&gt;</a>&nbsp;&nbsp;&nbsp;lfs_file_read
<LI><a href="#[5a]">&gt;&gt;</a>&nbsp;&nbsp;&nbsp;lfs_file_open
<LI><a href="#[5d]">&gt;&gt;</a>&nbsp;&nbsp;&nbsp;lfs_file_close
<LI><a href="#[65]">&gt;&gt;</a>&nbsp;&nbsp;&nbsp;put_w25q
<LI><a href="#[64]">&gt;&gt;</a>&nbsp;&nbsp;&nbsp;put_help
<LI><a href="#[58]">&gt;&gt;</a>&nbsp;&nbsp;&nbsp;debuge_uart
<LI><a href="#[1a]">&gt;&gt;</a>&nbsp;&nbsp;&nbsp;main
<LI><a href="#[9f]">&gt;&gt;</a>&nbsp;&nbsp;&nbsp;lfs_fs_relocate
<LI><a href="#[b9]">&gt;&gt;</a>&nbsp;&nbsp;&nbsp;lfs_fs_deorphan
<LI><a href="#[b6]">&gt;&gt;</a>&nbsp;&nbsp;&nbsp;lfs_fs_demove
<LI><a href="#[ae]">&gt;&gt;</a>&nbsp;&nbsp;&nbsp;lfs_file_relocate
<LI><a href="#[89]">&gt;&gt;</a>&nbsp;&nbsp;&nbsp;lfs_file_flush
<LI><a href="#[a0]">&gt;&gt;</a>&nbsp;&nbsp;&nbsp;lfs_dir_fetchmatch
<LI><a href="#[96]">&gt;&gt;</a>&nbsp;&nbsp;&nbsp;lfs_dir_compact
<LI><a href="#[7c]">&gt;&gt;</a>&nbsp;&nbsp;&nbsp;lfs_ctz_extend
<LI><a href="#[6f]">&gt;&gt;</a>&nbsp;&nbsp;&nbsp;lfs_alloc
</UL>

<P><STRONG><a name="[7b]"></a>__ARM_clz</STRONG> (Thumb, 46 bytes, Stack size 0 bytes, lfs.o(i.__ARM_clz))
<BR><BR>[Called By]<UL><LI><a href="#[81]">&gt;&gt;</a>&nbsp;&nbsp;&nbsp;lfs_ctz_find
<LI><a href="#[7a]">&gt;&gt;</a>&nbsp;&nbsp;&nbsp;lfs_ctz
</UL>

<P><STRONG><a name="[df]"></a>__scatterload_copy</STRONG> (Thumb, 14 bytes, Stack size unknown bytes, handlers.o(i.__scatterload_copy), UNUSED)

<P><STRONG><a name="[e0]"></a>__scatterload_null</STRONG> (Thumb, 2 bytes, Stack size unknown bytes, handlers.o(i.__scatterload_null), UNUSED)

<P><STRONG><a name="[e1]"></a>__scatterload_zeroinit</STRONG> (Thumb, 14 bytes, Stack size unknown bytes, handlers.o(i.__scatterload_zeroinit), UNUSED)

<P><STRONG><a name="[4b]"></a>_nlcdCmd1616</STRONG> (Thumb, 52 bytes, Stack size 12 bytes, nokia1661_lcd_driver.o(i._nlcdCmd1616))
<BR><BR>[Stack]<UL><LI>Max Depth = 28<LI>Call Chain = _nlcdCmd1616 &rArr; _nlcdSend
</UL>
<BR>[Calls]<UL><LI><a href="#[4c]">&gt;&gt;</a>&nbsp;&nbsp;&nbsp;_nlcdSend
</UL>
<BR>[Called By]<UL><LI><a href="#[50]">&gt;&gt;</a>&nbsp;&nbsp;&nbsp;_nlcdSetWindow
</UL>

<P><STRONG><a name="[4d]"></a>_nlcdSenPixels</STRONG> (Thumb, 26 bytes, Stack size 12 bytes, nokia1661_lcd_driver.o(i._nlcdSenPixels))
<BR><BR>[Stack]<UL><LI>Max Depth = 36<LI>Call Chain = _nlcdSenPixels &rArr; _nlcdSendPixel &rArr; _nlcdSend
</UL>
<BR>[Calls]<UL><LI><a href="#[4e]">&gt;&gt;</a>&nbsp;&nbsp;&nbsp;_nlcdSendPixel
</UL>
<BR>[Called By]<UL><LI><a href="#[c1]">&gt;&gt;</a>&nbsp;&nbsp;&nbsp;nlcdClear
</UL>

<P><STRONG><a name="[4c]"></a>_nlcdSend</STRONG> (Thumb, 168 bytes, Stack size 16 bytes, nokia1661_lcd_driver.o(i._nlcdSend))
<BR><BR>[Stack]<UL><LI>Max Depth = 16<LI>Call Chain = _nlcdSend
</UL>
<BR>[Called By]<UL><LI><a href="#[c3]">&gt;&gt;</a>&nbsp;&nbsp;&nbsp;nlcdSetOrientation
<LI><a href="#[bf]">&gt;&gt;</a>&nbsp;&nbsp;&nbsp;nlcdInit
<LI><a href="#[c1]">&gt;&gt;</a>&nbsp;&nbsp;&nbsp;nlcdClear
<LI><a href="#[50]">&gt;&gt;</a>&nbsp;&nbsp;&nbsp;_nlcdSetWindow
<LI><a href="#[4e]">&gt;&gt;</a>&nbsp;&nbsp;&nbsp;_nlcdSendPixel
<LI><a href="#[4f]">&gt;&gt;</a>&nbsp;&nbsp;&nbsp;_nlcdSendCmd
<LI><a href="#[4b]">&gt;&gt;</a>&nbsp;&nbsp;&nbsp;_nlcdCmd1616
</UL>

<P><STRONG><a name="[4f]"></a>_nlcdSendCmd</STRONG> (Thumb, 8 bytes, Stack size 4 bytes, nokia1661_lcd_driver.o(i._nlcdSendCmd))
<BR><BR>[Stack]<UL><LI>Max Depth = 20<LI>Call Chain = _nlcdSendCmd &rArr; _nlcdSend
</UL>
<BR>[Calls]<UL><LI><a href="#[4c]">&gt;&gt;</a>&nbsp;&nbsp;&nbsp;_nlcdSend
</UL>
<BR>[Called By]<UL><LI><a href="#[1a]">&gt;&gt;</a>&nbsp;&nbsp;&nbsp;main
</UL>

<P><STRONG><a name="[4e]"></a>_nlcdSendPixel</STRONG> (Thumb, 26 bytes, Stack size 8 bytes, nokia1661_lcd_driver.o(i._nlcdSendPixel))
<BR><BR>[Stack]<UL><LI>Max Depth = 24<LI>Call Chain = _nlcdSendPixel &rArr; _nlcdSend
</UL>
<BR>[Calls]<UL><LI><a href="#[4c]">&gt;&gt;</a>&nbsp;&nbsp;&nbsp;_nlcdSend
</UL>
<BR>[Called By]<UL><LI><a href="#[1a]">&gt;&gt;</a>&nbsp;&nbsp;&nbsp;main
<LI><a href="#[4d]">&gt;&gt;</a>&nbsp;&nbsp;&nbsp;_nlcdSenPixels
</UL>

<P><STRONG><a name="[50]"></a>_nlcdSetWindow</STRONG> (Thumb, 42 bytes, Stack size 12 bytes, nokia1661_lcd_driver.o(i._nlcdSetWindow))
<BR><BR>[Stack]<UL><LI>Max Depth = 40<LI>Call Chain = _nlcdSetWindow &rArr; _nlcdCmd1616 &rArr; _nlcdSend
</UL>
<BR>[Calls]<UL><LI><a href="#[4c]">&gt;&gt;</a>&nbsp;&nbsp;&nbsp;_nlcdSend
<LI><a href="#[4b]">&gt;&gt;</a>&nbsp;&nbsp;&nbsp;_nlcdCmd1616
</UL>
<BR>[Called By]<UL><LI><a href="#[c1]">&gt;&gt;</a>&nbsp;&nbsp;&nbsp;nlcdClear
<LI><a href="#[1a]">&gt;&gt;</a>&nbsp;&nbsp;&nbsp;main
</UL>

<P><STRONG><a name="[6b]"></a>adc_calibre</STRONG> (Thumb, 18 bytes, Stack size 0 bytes, adc_stm32f030.o(i.adc_calibre))
<BR><BR>[Called By]<UL><LI><a href="#[68]">&gt;&gt;</a>&nbsp;&nbsp;&nbsp;hard_ini
</UL>

<P><STRONG><a name="[53]"></a>adc_ini</STRONG> (Thumb, 100 bytes, Stack size 48 bytes, adc_stm32f030.o(i.adc_ini))
<BR><BR>[Stack]<UL><LI>Max Depth = 68<LI>Call Chain = adc_ini &rArr; LL_GPIO_Init
</UL>
<BR>[Calls]<UL><LI><a href="#[3e]">&gt;&gt;</a>&nbsp;&nbsp;&nbsp;LL_GPIO_Init
<LI><a href="#[3d]">&gt;&gt;</a>&nbsp;&nbsp;&nbsp;__aeabi_memclr4
</UL>
<BR>[Called By]<UL><LI><a href="#[68]">&gt;&gt;</a>&nbsp;&nbsp;&nbsp;hard_ini
</UL>

<P><STRONG><a name="[54]"></a>clock_ini</STRONG> (Thumb, 150 bytes, Stack size 8 bytes, cortex_stm32f030.o(i.clock_ini))
<BR><BR>[Stack]<UL><LI>Max Depth = 28<LI>Call Chain = clock_ini &rArr; LL_Init1msTick &rArr; __aeabi_uidivmod
</UL>
<BR>[Calls]<UL><LI><a href="#[55]">&gt;&gt;</a>&nbsp;&nbsp;&nbsp;LL_SetSystemCoreClock
<LI><a href="#[36]">&gt;&gt;</a>&nbsp;&nbsp;&nbsp;LL_Init1msTick
</UL>
<BR>[Called By]<UL><LI><a href="#[68]">&gt;&gt;</a>&nbsp;&nbsp;&nbsp;hard_ini
</UL>

<P><STRONG><a name="[5f]"></a>clr_str_rx</STRONG> (Thumb, 30 bytes, Stack size 8 bytes, pc_com.o(i.clr_str_rx))
<BR><BR>[Stack]<UL><LI>Max Depth = 8<LI>Call Chain = clr_str_rx
</UL>
<BR>[Called By]<UL><LI><a href="#[58]">&gt;&gt;</a>&nbsp;&nbsp;&nbsp;debuge_uart
</UL>

<P><STRONG><a name="[59]"></a>clr_str_tx</STRONG> (Thumb, 30 bytes, Stack size 8 bytes, pc_com.o(i.clr_str_tx))
<BR><BR>[Stack]<UL><LI>Max Depth = 8<LI>Call Chain = clr_str_tx
</UL>
<BR>[Called By]<UL><LI><a href="#[63]">&gt;&gt;</a>&nbsp;&nbsp;&nbsp;usart_send_str_int
<LI><a href="#[65]">&gt;&gt;</a>&nbsp;&nbsp;&nbsp;put_w25q
<LI><a href="#[64]">&gt;&gt;</a>&nbsp;&nbsp;&nbsp;put_help
<LI><a href="#[58]">&gt;&gt;</a>&nbsp;&nbsp;&nbsp;debuge_uart
</UL>

<P><STRONG><a name="[39]"></a>dac</STRONG> (Thumb, 96 bytes, Stack size 24 bytes, dac.o(i.dac))
<BR><BR>[Stack]<UL><LI>Max Depth = 32<LI>Call Chain = dac &rArr; W25Q_ReadPage_start
</UL>
<BR>[Calls]<UL><LI><a href="#[45]">&gt;&gt;</a>&nbsp;&nbsp;&nbsp;spi_ini
<LI><a href="#[43]">&gt;&gt;</a>&nbsp;&nbsp;&nbsp;W25Q_ReadPage_start
</UL>
<BR>[Called By]<UL><LI><a href="#[14]">&gt;&gt;</a>&nbsp;&nbsp;&nbsp;TIM14_IRQHandler
</UL>

<P><STRONG><a name="[56]"></a>dac_ini</STRONG> (Thumb, 102 bytes, Stack size 48 bytes, dac.o(i.dac_ini))
<BR><BR>[Stack]<UL><LI>Max Depth = 68<LI>Call Chain = dac_ini &rArr; LL_GPIO_Init
</UL>
<BR>[Calls]<UL><LI><a href="#[3e]">&gt;&gt;</a>&nbsp;&nbsp;&nbsp;LL_GPIO_Init
<LI><a href="#[3d]">&gt;&gt;</a>&nbsp;&nbsp;&nbsp;__aeabi_memclr4
</UL>
<BR>[Called By]<UL><LI><a href="#[68]">&gt;&gt;</a>&nbsp;&nbsp;&nbsp;hard_ini
</UL>

<P><STRONG><a name="[57]"></a>dac_start</STRONG> (Thumb, 38 bytes, Stack size 8 bytes, dac.o(i.dac_start))
<BR><BR>[Stack]<UL><LI>Max Depth = 16<LI>Call Chain = dac_start &rArr; W25Q_ReadPage_start
</UL>
<BR>[Calls]<UL><LI><a href="#[45]">&gt;&gt;</a>&nbsp;&nbsp;&nbsp;spi_ini
<LI><a href="#[43]">&gt;&gt;</a>&nbsp;&nbsp;&nbsp;W25Q_ReadPage_start
</UL>
<BR>[Called By]<UL><LI><a href="#[58]">&gt;&gt;</a>&nbsp;&nbsp;&nbsp;debuge_uart
</UL>

<P><STRONG><a name="[58]"></a>debuge_uart</STRONG> (Thumb, 690 bytes, Stack size 24 bytes, pc_com.o(i.debuge_uart))
<BR><BR>[Stack]<UL><LI>Max Depth = 1124<LI>Call Chain = debuge_uart &rArr; lfs_file_open &rArr; lfs_file_rawopencfg &rArr; lfs_fs_forceconsistency &rArr; lfs_fs_deorphan &rArr; lfs_dir_drop &rArr; lfs_dir_commit &rArr;  lfs_dir_drop (Cycle)
</UL>
<BR>[Calls]<UL><LI><a href="#[5e]">&gt;&gt;</a>&nbsp;&nbsp;&nbsp;lfs_unmount
<LI><a href="#[5c]">&gt;&gt;</a>&nbsp;&nbsp;&nbsp;lfs_file_write
<LI><a href="#[5b]">&gt;&gt;</a>&nbsp;&nbsp;&nbsp;lfs_file_rewind
<LI><a href="#[62]">&gt;&gt;</a>&nbsp;&nbsp;&nbsp;lfs_file_read
<LI><a href="#[5a]">&gt;&gt;</a>&nbsp;&nbsp;&nbsp;lfs_file_open
<LI><a href="#[5d]">&gt;&gt;</a>&nbsp;&nbsp;&nbsp;lfs_file_close
<LI><a href="#[57]">&gt;&gt;</a>&nbsp;&nbsp;&nbsp;dac_start
<LI><a href="#[47]">&gt;&gt;</a>&nbsp;&nbsp;&nbsp;W25Q_WritePage_start
<LI><a href="#[63]">&gt;&gt;</a>&nbsp;&nbsp;&nbsp;usart_send_str_int
<LI><a href="#[61]">&gt;&gt;</a>&nbsp;&nbsp;&nbsp;usart_comp_str
<LI><a href="#[65]">&gt;&gt;</a>&nbsp;&nbsp;&nbsp;put_w25q
<LI><a href="#[64]">&gt;&gt;</a>&nbsp;&nbsp;&nbsp;put_help
<LI><a href="#[59]">&gt;&gt;</a>&nbsp;&nbsp;&nbsp;clr_str_tx
<LI><a href="#[5f]">&gt;&gt;</a>&nbsp;&nbsp;&nbsp;clr_str_rx
<LI><a href="#[41]">&gt;&gt;</a>&nbsp;&nbsp;&nbsp;W25Q_EraseSector4KB
<LI><a href="#[60]">&gt;&gt;</a>&nbsp;&nbsp;&nbsp;__2printf
</UL>
<BR>[Called By]<UL><LI><a href="#[1a]">&gt;&gt;</a>&nbsp;&nbsp;&nbsp;main
</UL>

<P><STRONG><a name="[69]"></a>dma_ini</STRONG> (Thumb, 12 bytes, Stack size 0 bytes, cortex_stm32f030.o(i.dma_ini))
<BR><BR>[Called By]<UL><LI><a href="#[68]">&gt;&gt;</a>&nbsp;&nbsp;&nbsp;hard_ini
</UL>

<P><STRONG><a name="[1d]"></a>fputc</STRONG> (Thumb, 20 bytes, Stack size 8 bytes, retarget_io.o(i.fputc))
<BR><BR>[Stack]<UL><LI>Max Depth = 24<LI>Call Chain = fputc &rArr; stdout_putchar &rArr; LL_mDelay
</UL>
<BR>[Calls]<UL><LI><a href="#[66]">&gt;&gt;</a>&nbsp;&nbsp;&nbsp;stdout_putchar
</UL>
<BR>[Address Reference Count : 1]<UL><LI> printf8.o(i.__0printf$8)
</UL>
<P><STRONG><a name="[67]"></a>gpio_ini</STRONG> (Thumb, 170 bytes, Stack size 48 bytes, gpio_stm32f030.o(i.gpio_ini))
<BR><BR>[Stack]<UL><LI>Max Depth = 68<LI>Call Chain = gpio_ini &rArr; LL_GPIO_Init
</UL>
<BR>[Calls]<UL><LI><a href="#[3e]">&gt;&gt;</a>&nbsp;&nbsp;&nbsp;LL_GPIO_Init
<LI><a href="#[3d]">&gt;&gt;</a>&nbsp;&nbsp;&nbsp;__aeabi_memclr4
</UL>
<BR>[Called By]<UL><LI><a href="#[68]">&gt;&gt;</a>&nbsp;&nbsp;&nbsp;hard_ini
</UL>

<P><STRONG><a name="[68]"></a>hard_ini</STRONG> (Thumb, 54 bytes, Stack size 8 bytes, main.o(i.hard_ini))
<BR><BR>[Stack]<UL><LI>Max Depth = 76<LI>Call Chain = hard_ini &rArr; gpio_ini &rArr; LL_GPIO_Init
</UL>
<BR>[Calls]<UL><LI><a href="#[6c]">&gt;&gt;</a>&nbsp;&nbsp;&nbsp;tim14_ini
<LI><a href="#[45]">&gt;&gt;</a>&nbsp;&nbsp;&nbsp;spi_ini
<LI><a href="#[6a]">&gt;&gt;</a>&nbsp;&nbsp;&nbsp;nvic_ini
<LI><a href="#[67]">&gt;&gt;</a>&nbsp;&nbsp;&nbsp;gpio_ini
<LI><a href="#[69]">&gt;&gt;</a>&nbsp;&nbsp;&nbsp;dma_ini
<LI><a href="#[56]">&gt;&gt;</a>&nbsp;&nbsp;&nbsp;dac_ini
<LI><a href="#[54]">&gt;&gt;</a>&nbsp;&nbsp;&nbsp;clock_ini
<LI><a href="#[53]">&gt;&gt;</a>&nbsp;&nbsp;&nbsp;adc_ini
<LI><a href="#[6b]">&gt;&gt;</a>&nbsp;&nbsp;&nbsp;adc_calibre
<LI><a href="#[48]">&gt;&gt;</a>&nbsp;&nbsp;&nbsp;W25Q_ini
<LI><a href="#[3c]">&gt;&gt;</a>&nbsp;&nbsp;&nbsp;USART_ini
<LI><a href="#[30]">&gt;&gt;</a>&nbsp;&nbsp;&nbsp;HAL_Init
</UL>
<BR>[Called By]<UL><LI><a href="#[1a]">&gt;&gt;</a>&nbsp;&nbsp;&nbsp;main
</UL>

<P><STRONG><a name="[ca]"></a>ini_cpu_timer</STRONG> (Thumb, 142 bytes, Stack size 20 bytes, cpu_timer.o(i.ini_cpu_timer))
<BR><BR>[Stack]<UL><LI>Max Depth = 20<LI>Call Chain = ini_cpu_timer
</UL>
<BR>[Called By]<UL><LI><a href="#[be]">&gt;&gt;</a>&nbsp;&nbsp;&nbsp;soft_ini
</UL>

<P><STRONG><a name="[9b]"></a>lfs_crc</STRONG> (Thumb, 44 bytes, Stack size 16 bytes, lfs_util.o(i.lfs_crc))
<BR><BR>[Stack]<UL><LI>Max Depth = 16<LI>Call Chain = lfs_crc
</UL>
<BR>[Called By]<UL><LI><a href="#[a0]">&gt;&gt;</a>&nbsp;&nbsp;&nbsp;lfs_dir_fetchmatch
<LI><a href="#[9a]">&gt;&gt;</a>&nbsp;&nbsp;&nbsp;lfs_dir_commitprog
<LI><a href="#[95]">&gt;&gt;</a>&nbsp;&nbsp;&nbsp;lfs_dir_commitcrc
</UL>

<P><STRONG><a name="[5d]"></a>lfs_file_close</STRONG> (Thumb, 56 bytes, Stack size 24 bytes, lfs.o(i.lfs_file_close))
<BR><BR>[Stack]<UL><LI>Max Depth = 884<LI>Call Chain = lfs_file_close &rArr; lfs_file_rawclose &rArr; lfs_file_rawsync &rArr; lfs_dir_commit &rArr;  lfs_dir_drop (Cycle)
</UL>
<BR>[Calls]<UL><LI><a href="#[ab]">&gt;&gt;</a>&nbsp;&nbsp;&nbsp;lfs_file_rawclose
<LI><a href="#[60]">&gt;&gt;</a>&nbsp;&nbsp;&nbsp;__2printf
</UL>
<BR>[Called By]<UL><LI><a href="#[58]">&gt;&gt;</a>&nbsp;&nbsp;&nbsp;debuge_uart
</UL>

<P><STRONG><a name="[5a]"></a>lfs_file_open</STRONG> (Thumb, 76 bytes, Stack size 40 bytes, lfs.o(i.lfs_file_open))
<BR><BR>[Stack]<UL><LI>Max Depth = 1100<LI>Call Chain = lfs_file_open &rArr; lfs_file_rawopencfg &rArr; lfs_fs_forceconsistency &rArr; lfs_fs_deorphan &rArr; lfs_dir_drop &rArr; lfs_dir_commit &rArr;  lfs_dir_drop (Cycle)
</UL>
<BR>[Calls]<UL><LI><a href="#[af]">&gt;&gt;</a>&nbsp;&nbsp;&nbsp;lfs_file_rawopencfg
<LI><a href="#[60]">&gt;&gt;</a>&nbsp;&nbsp;&nbsp;__2printf
</UL>
<BR>[Called By]<UL><LI><a href="#[58]">&gt;&gt;</a>&nbsp;&nbsp;&nbsp;debuge_uart
</UL>

<P><STRONG><a name="[62]"></a>lfs_file_read</STRONG> (Thumb, 72 bytes, Stack size 40 bytes, lfs.o(i.lfs_file_read))
<BR><BR>[Stack]<UL><LI>Max Depth = 316<LI>Call Chain = lfs_file_read &rArr; lfs_file_rawread &rArr;  lfs_file_flush (Cycle)
</UL>
<BR>[Calls]<UL><LI><a href="#[ac]">&gt;&gt;</a>&nbsp;&nbsp;&nbsp;lfs_file_rawread
<LI><a href="#[60]">&gt;&gt;</a>&nbsp;&nbsp;&nbsp;__2printf
</UL>
<BR>[Called By]<UL><LI><a href="#[58]">&gt;&gt;</a>&nbsp;&nbsp;&nbsp;debuge_uart
</UL>

<P><STRONG><a name="[5b]"></a>lfs_file_rewind</STRONG> (Thumb, 66 bytes, Stack size 24 bytes, lfs.o(i.lfs_file_rewind))
<BR><BR>[Stack]<UL><LI>Max Depth = 596<LI>Call Chain = lfs_file_rewind &rArr; lfs_file_rawseek &rArr; lfs_file_flush &rArr;  lfs_file_rawwrite (Cycle)
</UL>
<BR>[Calls]<UL><LI><a href="#[b4]">&gt;&gt;</a>&nbsp;&nbsp;&nbsp;lfs_file_rawseek
<LI><a href="#[60]">&gt;&gt;</a>&nbsp;&nbsp;&nbsp;__2printf
</UL>
<BR>[Called By]<UL><LI><a href="#[58]">&gt;&gt;</a>&nbsp;&nbsp;&nbsp;debuge_uart
</UL>

<P><STRONG><a name="[5c]"></a>lfs_file_write</STRONG> (Thumb, 72 bytes, Stack size 40 bytes, lfs.o(i.lfs_file_write))
<BR><BR>[Stack]<UL><LI>Max Depth = 660<LI>Call Chain = lfs_file_write &rArr; lfs_file_rawwrite &rArr;  lfs_file_rawwrite (Cycle)
</UL>
<BR>[Calls]<UL><LI><a href="#[ad]">&gt;&gt;</a>&nbsp;&nbsp;&nbsp;lfs_file_rawwrite
<LI><a href="#[60]">&gt;&gt;</a>&nbsp;&nbsp;&nbsp;__2printf
</UL>
<BR>[Called By]<UL><LI><a href="#[58]">&gt;&gt;</a>&nbsp;&nbsp;&nbsp;debuge_uart
</UL>

<P><STRONG><a name="[5e]"></a>lfs_unmount</STRONG> (Thumb, 50 bytes, Stack size 16 bytes, lfs.o(i.lfs_unmount))
<BR><BR>[Stack]<UL><LI>Max Depth = 40<LI>Call Chain = lfs_unmount &rArr; __2printf
</UL>
<BR>[Calls]<UL><LI><a href="#[bc]">&gt;&gt;</a>&nbsp;&nbsp;&nbsp;lfs_rawunmount
<LI><a href="#[60]">&gt;&gt;</a>&nbsp;&nbsp;&nbsp;__2printf
</UL>
<BR>[Called By]<UL><LI><a href="#[58]">&gt;&gt;</a>&nbsp;&nbsp;&nbsp;debuge_uart
</UL>

<P><STRONG><a name="[1a]"></a>main</STRONG> (Thumb, 532 bytes, Stack size 8 bytes, main.o(i.main))
<BR><BR>[Stack]<UL><LI>Max Depth = 1132<LI>Call Chain = main &rArr; debuge_uart &rArr; lfs_file_open &rArr; lfs_file_rawopencfg &rArr; lfs_fs_forceconsistency &rArr; lfs_fs_deorphan &rArr; lfs_dir_drop &rArr; lfs_dir_commit &rArr;  lfs_dir_drop (Cycle)
</UL>
<BR>[Calls]<UL><LI><a href="#[c6]">&gt;&gt;</a>&nbsp;&nbsp;&nbsp;soft_spi_send
<LI><a href="#[c7]">&gt;&gt;</a>&nbsp;&nbsp;&nbsp;read_adc
<LI><a href="#[c8]">&gt;&gt;</a>&nbsp;&nbsp;&nbsp;program_manager
<LI><a href="#[c3]">&gt;&gt;</a>&nbsp;&nbsp;&nbsp;nlcdSetOrientation
<LI><a href="#[c2]">&gt;&gt;</a>&nbsp;&nbsp;&nbsp;nlcdSetFont
<LI><a href="#[c0]">&gt;&gt;</a>&nbsp;&nbsp;&nbsp;nlcdSetBackgroundColor
<LI><a href="#[bf]">&gt;&gt;</a>&nbsp;&nbsp;&nbsp;nlcdInit
<LI><a href="#[c5]">&gt;&gt;</a>&nbsp;&nbsp;&nbsp;nlcdGetWidth
<LI><a href="#[c4]">&gt;&gt;</a>&nbsp;&nbsp;&nbsp;nlcdGetHeight
<LI><a href="#[c1]">&gt;&gt;</a>&nbsp;&nbsp;&nbsp;nlcdClear
<LI><a href="#[58]">&gt;&gt;</a>&nbsp;&nbsp;&nbsp;debuge_uart
<LI><a href="#[50]">&gt;&gt;</a>&nbsp;&nbsp;&nbsp;_nlcdSetWindow
<LI><a href="#[4e]">&gt;&gt;</a>&nbsp;&nbsp;&nbsp;_nlcdSendPixel
<LI><a href="#[4f]">&gt;&gt;</a>&nbsp;&nbsp;&nbsp;_nlcdSendCmd
<LI><a href="#[43]">&gt;&gt;</a>&nbsp;&nbsp;&nbsp;W25Q_ReadPage_start
<LI><a href="#[40]">&gt;&gt;</a>&nbsp;&nbsp;&nbsp;SPI_w25q
<LI><a href="#[be]">&gt;&gt;</a>&nbsp;&nbsp;&nbsp;soft_ini
<LI><a href="#[68]">&gt;&gt;</a>&nbsp;&nbsp;&nbsp;hard_ini
<LI><a href="#[60]">&gt;&gt;</a>&nbsp;&nbsp;&nbsp;__2printf
</UL>
<BR>[Address Reference Count : 1]<UL><LI> entry9a.o(.ARM.Collect$$$$0000000B)
</UL>
<P><STRONG><a name="[c1]"></a>nlcdClear</STRONG> (Thumb, 56 bytes, Stack size 8 bytes, nokia1661_lcd_driver.o(i.nlcdClear))
<BR><BR>[Stack]<UL><LI>Max Depth = 48<LI>Call Chain = nlcdClear &rArr; _nlcdSetWindow &rArr; _nlcdCmd1616 &rArr; _nlcdSend
</UL>
<BR>[Calls]<UL><LI><a href="#[c5]">&gt;&gt;</a>&nbsp;&nbsp;&nbsp;nlcdGetWidth
<LI><a href="#[c4]">&gt;&gt;</a>&nbsp;&nbsp;&nbsp;nlcdGetHeight
<LI><a href="#[50]">&gt;&gt;</a>&nbsp;&nbsp;&nbsp;_nlcdSetWindow
<LI><a href="#[4c]">&gt;&gt;</a>&nbsp;&nbsp;&nbsp;_nlcdSend
<LI><a href="#[4d]">&gt;&gt;</a>&nbsp;&nbsp;&nbsp;_nlcdSenPixels
</UL>
<BR>[Called By]<UL><LI><a href="#[1a]">&gt;&gt;</a>&nbsp;&nbsp;&nbsp;main
</UL>

<P><STRONG><a name="[c4]"></a>nlcdGetHeight</STRONG> (Thumb, 20 bytes, Stack size 0 bytes, nokia1661_lcd_driver.o(i.nlcdGetHeight))
<BR><BR>[Called By]<UL><LI><a href="#[c1]">&gt;&gt;</a>&nbsp;&nbsp;&nbsp;nlcdClear
<LI><a href="#[1a]">&gt;&gt;</a>&nbsp;&nbsp;&nbsp;main
</UL>

<P><STRONG><a name="[c5]"></a>nlcdGetWidth</STRONG> (Thumb, 20 bytes, Stack size 0 bytes, nokia1661_lcd_driver.o(i.nlcdGetWidth))
<BR><BR>[Called By]<UL><LI><a href="#[c1]">&gt;&gt;</a>&nbsp;&nbsp;&nbsp;nlcdClear
<LI><a href="#[1a]">&gt;&gt;</a>&nbsp;&nbsp;&nbsp;main
</UL>

<P><STRONG><a name="[bf]"></a>nlcdInit</STRONG> (Thumb, 190 bytes, Stack size 16 bytes, nokia1661_lcd_driver.o(i.nlcdInit))
<BR><BR>[Stack]<UL><LI>Max Depth = 32<LI>Call Chain = nlcdInit &rArr; _nlcdSend
</UL>
<BR>[Calls]<UL><LI><a href="#[4c]">&gt;&gt;</a>&nbsp;&nbsp;&nbsp;_nlcdSend
<LI><a href="#[c9]">&gt;&gt;</a>&nbsp;&nbsp;&nbsp;LL_mDelay
</UL>
<BR>[Called By]<UL><LI><a href="#[1a]">&gt;&gt;</a>&nbsp;&nbsp;&nbsp;main
</UL>

<P><STRONG><a name="[c0]"></a>nlcdSetBackgroundColor</STRONG> (Thumb, 6 bytes, Stack size 0 bytes, nokia1661_lcd_driver.o(i.nlcdSetBackgroundColor))
<BR><BR>[Called By]<UL><LI><a href="#[1a]">&gt;&gt;</a>&nbsp;&nbsp;&nbsp;main
</UL>

<P><STRONG><a name="[c2]"></a>nlcdSetFont</STRONG> (Thumb, 42 bytes, Stack size 8 bytes, nokia1661_lcd_driver.o(i.nlcdSetFont))
<BR><BR>[Stack]<UL><LI>Max Depth = 8<LI>Call Chain = nlcdSetFont
</UL>
<BR>[Calls]<UL><LI><a href="#[79]">&gt;&gt;</a>&nbsp;&nbsp;&nbsp;__aeabi_memcpy
</UL>
<BR>[Called By]<UL><LI><a href="#[1a]">&gt;&gt;</a>&nbsp;&nbsp;&nbsp;main
</UL>

<P><STRONG><a name="[c3]"></a>nlcdSetOrientation</STRONG> (Thumb, 48 bytes, Stack size 8 bytes, nokia1661_lcd_driver.o(i.nlcdSetOrientation))
<BR><BR>[Stack]<UL><LI>Max Depth = 24<LI>Call Chain = nlcdSetOrientation &rArr; _nlcdSend
</UL>
<BR>[Calls]<UL><LI><a href="#[4c]">&gt;&gt;</a>&nbsp;&nbsp;&nbsp;_nlcdSend
</UL>
<BR>[Called By]<UL><LI><a href="#[1a]">&gt;&gt;</a>&nbsp;&nbsp;&nbsp;main
</UL>

<P><STRONG><a name="[6a]"></a>nvic_ini</STRONG> (Thumb, 20 bytes, Stack size 0 bytes, cortex_stm32f030.o(i.nvic_ini))
<BR><BR>[Called By]<UL><LI><a href="#[68]">&gt;&gt;</a>&nbsp;&nbsp;&nbsp;hard_ini
</UL>

<P><STRONG><a name="[c8]"></a>program_manager</STRONG> (Thumb, 108 bytes, Stack size 16 bytes, pc_com.o(i.program_manager))
<BR><BR>[Stack]<UL><LI>Max Depth = 40<LI>Call Chain = program_manager &rArr; W25Q_WritePage_start &rArr; W25Q_Enable_Write
</UL>
<BR>[Calls]<UL><LI><a href="#[47]">&gt;&gt;</a>&nbsp;&nbsp;&nbsp;W25Q_WritePage_start
<LI><a href="#[42]">&gt;&gt;</a>&nbsp;&nbsp;&nbsp;W25Q_WaitBusy
<LI><a href="#[40]">&gt;&gt;</a>&nbsp;&nbsp;&nbsp;SPI_w25q
</UL>
<BR>[Called By]<UL><LI><a href="#[1a]">&gt;&gt;</a>&nbsp;&nbsp;&nbsp;main
</UL>

<P><STRONG><a name="[64]"></a>put_help</STRONG> (Thumb, 96 bytes, Stack size 8 bytes, pc_com.o(i.put_help))
<BR><BR>[Stack]<UL><LI>Max Depth = 68<LI>Call Chain = put_help &rArr; usart_send_str_int &rArr; __aeabi_idivmod &rArr; __aeabi_uidivmod
</UL>
<BR>[Calls]<UL><LI><a href="#[63]">&gt;&gt;</a>&nbsp;&nbsp;&nbsp;usart_send_str_int
<LI><a href="#[59]">&gt;&gt;</a>&nbsp;&nbsp;&nbsp;clr_str_tx
<LI><a href="#[60]">&gt;&gt;</a>&nbsp;&nbsp;&nbsp;__2printf
</UL>
<BR>[Called By]<UL><LI><a href="#[58]">&gt;&gt;</a>&nbsp;&nbsp;&nbsp;debuge_uart
</UL>

<P><STRONG><a name="[65]"></a>put_w25q</STRONG> (Thumb, 204 bytes, Stack size 16 bytes, pc_com.o(i.put_w25q))
<BR><BR>[Stack]<UL><LI>Max Depth = 76<LI>Call Chain = put_w25q &rArr; usart_send_str_int &rArr; __aeabi_idivmod &rArr; __aeabi_uidivmod
</UL>
<BR>[Calls]<UL><LI><a href="#[46]">&gt;&gt;</a>&nbsp;&nbsp;&nbsp;W25Q_Read_StatusReg
<LI><a href="#[44]">&gt;&gt;</a>&nbsp;&nbsp;&nbsp;W25Q_Read_Manufact_Device_ID
<LI><a href="#[63]">&gt;&gt;</a>&nbsp;&nbsp;&nbsp;usart_send_str_int
<LI><a href="#[59]">&gt;&gt;</a>&nbsp;&nbsp;&nbsp;clr_str_tx
<LI><a href="#[43]">&gt;&gt;</a>&nbsp;&nbsp;&nbsp;W25Q_ReadPage_start
<LI><a href="#[40]">&gt;&gt;</a>&nbsp;&nbsp;&nbsp;SPI_w25q
<LI><a href="#[60]">&gt;&gt;</a>&nbsp;&nbsp;&nbsp;__2printf
</UL>
<BR>[Called By]<UL><LI><a href="#[58]">&gt;&gt;</a>&nbsp;&nbsp;&nbsp;debuge_uart
</UL>

<P><STRONG><a name="[c7]"></a>read_adc</STRONG> (Thumb, 40 bytes, Stack size 0 bytes, adc_stm32f030.o(i.read_adc))
<BR><BR>[Called By]<UL><LI><a href="#[1a]">&gt;&gt;</a>&nbsp;&nbsp;&nbsp;main
</UL>

<P><STRONG><a name="[be]"></a>soft_ini</STRONG> (Thumb, 12 bytes, Stack size 8 bytes, main.o(i.soft_ini))
<BR><BR>[Stack]<UL><LI>Max Depth = 76<LI>Call Chain = soft_ini &rArr; soft_spi_ini &rArr; LL_GPIO_Init
</UL>
<BR>[Calls]<UL><LI><a href="#[cb]">&gt;&gt;</a>&nbsp;&nbsp;&nbsp;soft_spi_ini
<LI><a href="#[ca]">&gt;&gt;</a>&nbsp;&nbsp;&nbsp;ini_cpu_timer
</UL>
<BR>[Called By]<UL><LI><a href="#[1a]">&gt;&gt;</a>&nbsp;&nbsp;&nbsp;main
</UL>

<P><STRONG><a name="[cb]"></a>soft_spi_ini</STRONG> (Thumb, 100 bytes, Stack size 48 bytes, spi_stm32f030.o(i.soft_spi_ini))
<BR><BR>[Stack]<UL><LI>Max Depth = 68<LI>Call Chain = soft_spi_ini &rArr; LL_GPIO_Init
</UL>
<BR>[Calls]<UL><LI><a href="#[3e]">&gt;&gt;</a>&nbsp;&nbsp;&nbsp;LL_GPIO_Init
<LI><a href="#[3d]">&gt;&gt;</a>&nbsp;&nbsp;&nbsp;__aeabi_memclr4
</UL>
<BR>[Called By]<UL><LI><a href="#[be]">&gt;&gt;</a>&nbsp;&nbsp;&nbsp;soft_ini
</UL>

<P><STRONG><a name="[c6]"></a>soft_spi_send</STRONG> (Thumb, 56 bytes, Stack size 20 bytes, spi_stm32f030.o(i.soft_spi_send))
<BR><BR>[Stack]<UL><LI>Max Depth = 20<LI>Call Chain = soft_spi_send
</UL>
<BR>[Called By]<UL><LI><a href="#[1a]">&gt;&gt;</a>&nbsp;&nbsp;&nbsp;main
</UL>

<P><STRONG><a name="[45]"></a>spi_ini</STRONG> (Thumb, 56 bytes, Stack size 0 bytes, spi_stm32f030.o(i.spi_ini))
<BR><BR>[Called By]<UL><LI><a href="#[57]">&gt;&gt;</a>&nbsp;&nbsp;&nbsp;dac_start
<LI><a href="#[44]">&gt;&gt;</a>&nbsp;&nbsp;&nbsp;W25Q_Read_Manufact_Device_ID
<LI><a href="#[39]">&gt;&gt;</a>&nbsp;&nbsp;&nbsp;dac
<LI><a href="#[68]">&gt;&gt;</a>&nbsp;&nbsp;&nbsp;hard_ini
</UL>

<P><STRONG><a name="[66]"></a>stdout_putchar</STRONG> (Thumb, 20 bytes, Stack size 8 bytes, stdout_user.o(i.stdout_putchar))
<BR><BR>[Stack]<UL><LI>Max Depth = 16<LI>Call Chain = stdout_putchar &rArr; LL_mDelay
</UL>
<BR>[Calls]<UL><LI><a href="#[c9]">&gt;&gt;</a>&nbsp;&nbsp;&nbsp;LL_mDelay
</UL>
<BR>[Called By]<UL><LI><a href="#[1d]">&gt;&gt;</a>&nbsp;&nbsp;&nbsp;fputc
</UL>

<P><STRONG><a name="[6c]"></a>tim14_ini</STRONG> (Thumb, 64 bytes, Stack size 0 bytes, timer_stm32f030.o(i.tim14_ini))
<BR><BR>[Called By]<UL><LI><a href="#[68]">&gt;&gt;</a>&nbsp;&nbsp;&nbsp;hard_ini
</UL>

<P><STRONG><a name="[38]"></a>timer_basic_manager</STRONG> (Thumb, 152 bytes, Stack size 20 bytes, cpu_timer.o(i.timer_basic_manager))
<BR><BR>[Stack]<UL><LI>Max Depth = 20<LI>Call Chain = timer_basic_manager
</UL>
<BR>[Called By]<UL><LI><a href="#[5]">&gt;&gt;</a>&nbsp;&nbsp;&nbsp;SysTick_Handler
</UL>

<P><STRONG><a name="[3b]"></a>uart_manager_interupt_rx</STRONG> (Thumb, 62 bytes, Stack size 0 bytes, pc_com.o(i.uart_manager_interupt_rx))
<BR><BR>[Called By]<UL><LI><a href="#[19]">&gt;&gt;</a>&nbsp;&nbsp;&nbsp;USART1_IRQHandler
</UL>

<P><STRONG><a name="[3a]"></a>uart_manager_interupt_tx</STRONG> (Thumb, 48 bytes, Stack size 0 bytes, pc_com.o(i.uart_manager_interupt_tx))
<BR><BR>[Called By]<UL><LI><a href="#[19]">&gt;&gt;</a>&nbsp;&nbsp;&nbsp;USART1_IRQHandler
</UL>

<P><STRONG><a name="[61]"></a>usart_comp_str</STRONG> (Thumb, 46 bytes, Stack size 12 bytes, pc_com.o(i.usart_comp_str))
<BR><BR>[Stack]<UL><LI>Max Depth = 12<LI>Call Chain = usart_comp_str
</UL>
<BR>[Called By]<UL><LI><a href="#[58]">&gt;&gt;</a>&nbsp;&nbsp;&nbsp;debuge_uart
</UL>

<P><STRONG><a name="[63]"></a>usart_send_str_int</STRONG> (Thumb, 174 bytes, Stack size 32 bytes, pc_com.o(i.usart_send_str_int))
<BR><BR>[Stack]<UL><LI>Max Depth = 60<LI>Call Chain = usart_send_str_int &rArr; __aeabi_idivmod &rArr; __aeabi_uidivmod
</UL>
<BR>[Calls]<UL><LI><a href="#[59]">&gt;&gt;</a>&nbsp;&nbsp;&nbsp;clr_str_tx
<LI><a href="#[cc]">&gt;&gt;</a>&nbsp;&nbsp;&nbsp;strcpy
<LI><a href="#[8a]">&gt;&gt;</a>&nbsp;&nbsp;&nbsp;__aeabi_memcpy4
<LI><a href="#[27]">&gt;&gt;</a>&nbsp;&nbsp;&nbsp;__aeabi_idivmod
</UL>
<BR>[Called By]<UL><LI><a href="#[65]">&gt;&gt;</a>&nbsp;&nbsp;&nbsp;put_w25q
<LI><a href="#[64]">&gt;&gt;</a>&nbsp;&nbsp;&nbsp;put_help
<LI><a href="#[58]">&gt;&gt;</a>&nbsp;&nbsp;&nbsp;debuge_uart
</UL>
<P>
<H3>
Local Symbols
</H3>
<P><STRONG><a name="[6d]"></a>lfs_aligndown</STRONG> (Thumb, 12 bytes, Stack size 8 bytes, lfs.o(i.lfs_aligndown))
<BR><BR>[Stack]<UL><LI>Max Depth = 20<LI>Call Chain = lfs_aligndown &rArr; __aeabi_uidivmod
</UL>
<BR>[Calls]<UL><LI><a href="#[28]">&gt;&gt;</a>&nbsp;&nbsp;&nbsp;__aeabi_uidivmod
</UL>
<BR>[Called By]<UL><LI><a href="#[a9]">&gt;&gt;</a>&nbsp;&nbsp;&nbsp;lfs_dir_getread
<LI><a href="#[74]">&gt;&gt;</a>&nbsp;&nbsp;&nbsp;lfs_bd_read
<LI><a href="#[78]">&gt;&gt;</a>&nbsp;&nbsp;&nbsp;lfs_bd_prog
</UL>

<P><STRONG><a name="[6e]"></a>lfs_alignup</STRONG> (Thumb, 16 bytes, Stack size 8 bytes, lfs.o(i.lfs_alignup))
<BR><BR>[Stack]<UL><LI>Max Depth = 20<LI>Call Chain = lfs_alignup &rArr; __aeabi_uidivmod
</UL>
<BR>[Calls]<UL><LI><a href="#[28]">&gt;&gt;</a>&nbsp;&nbsp;&nbsp;__aeabi_uidivmod
</UL>
<BR>[Called By]<UL><LI><a href="#[a9]">&gt;&gt;</a>&nbsp;&nbsp;&nbsp;lfs_dir_getread
<LI><a href="#[96]">&gt;&gt;</a>&nbsp;&nbsp;&nbsp;lfs_dir_compact
<LI><a href="#[95]">&gt;&gt;</a>&nbsp;&nbsp;&nbsp;lfs_dir_commitcrc
<LI><a href="#[85]">&gt;&gt;</a>&nbsp;&nbsp;&nbsp;lfs_dir_alloc
<LI><a href="#[74]">&gt;&gt;</a>&nbsp;&nbsp;&nbsp;lfs_bd_read
<LI><a href="#[76]">&gt;&gt;</a>&nbsp;&nbsp;&nbsp;lfs_bd_flush
</UL>

<P><STRONG><a name="[6f]"></a>lfs_alloc</STRONG> (Thumb, 208 bytes, Stack size 32 bytes, lfs.o(i.lfs_alloc))
<BR><BR>[Stack]<UL><LI>Max Depth = 372<LI>Call Chain = lfs_alloc &rArr; lfs_fs_rawtraverse &rArr; lfs_dir_fetch &rArr; lfs_dir_fetchmatch &rArr; lfs_bd_read &rArr; lfs_alignup &rArr; __aeabi_uidivmod
</UL>
<BR>[Calls]<UL><LI><a href="#[70]">&gt;&gt;</a>&nbsp;&nbsp;&nbsp;lfs_min
<LI><a href="#[71]">&gt;&gt;</a>&nbsp;&nbsp;&nbsp;lfs_fs_rawtraverse
<LI><a href="#[72]">&gt;&gt;</a>&nbsp;&nbsp;&nbsp;lfs_alloc_drop
<LI><a href="#[3d]">&gt;&gt;</a>&nbsp;&nbsp;&nbsp;__aeabi_memclr4
<LI><a href="#[28]">&gt;&gt;</a>&nbsp;&nbsp;&nbsp;__aeabi_uidivmod
<LI><a href="#[60]">&gt;&gt;</a>&nbsp;&nbsp;&nbsp;__2printf
</UL>
<BR>[Called By]<UL><LI><a href="#[ae]">&gt;&gt;</a>&nbsp;&nbsp;&nbsp;lfs_file_relocate
<LI><a href="#[96]">&gt;&gt;</a>&nbsp;&nbsp;&nbsp;lfs_dir_compact
<LI><a href="#[85]">&gt;&gt;</a>&nbsp;&nbsp;&nbsp;lfs_dir_alloc
<LI><a href="#[7c]">&gt;&gt;</a>&nbsp;&nbsp;&nbsp;lfs_ctz_extend
</UL>

<P><STRONG><a name="[72]"></a>lfs_alloc_drop</STRONG> (Thumb, 14 bytes, Stack size 0 bytes, lfs.o(i.lfs_alloc_drop))
<BR><BR>[Called By]<UL><LI><a href="#[6f]">&gt;&gt;</a>&nbsp;&nbsp;&nbsp;lfs_alloc
</UL>

<P><STRONG><a name="[1e]"></a>lfs_alloc_lookahead</STRONG> (Thumb, 48 bytes, Stack size 8 bytes, lfs.o(i.lfs_alloc_lookahead))
<BR><BR>[Stack]<UL><LI>Max Depth = 20<LI>Call Chain = lfs_alloc_lookahead &rArr; __aeabi_uidivmod
</UL>
<BR>[Calls]<UL><LI><a href="#[28]">&gt;&gt;</a>&nbsp;&nbsp;&nbsp;__aeabi_uidivmod
</UL>
<BR>[Address Reference Count : 1]<UL><LI> lfs.o(i.lfs_alloc)
</UL>
<P><STRONG><a name="[73]"></a>lfs_bd_cmp</STRONG> (Thumb, 86 bytes, Stack size 64 bytes, lfs.o(i.lfs_bd_cmp))
<BR><BR>[Stack]<UL><LI>Max Depth = 156<LI>Call Chain = lfs_bd_cmp &rArr; lfs_bd_read &rArr; lfs_alignup &rArr; __aeabi_uidivmod
</UL>
<BR>[Calls]<UL><LI><a href="#[74]">&gt;&gt;</a>&nbsp;&nbsp;&nbsp;lfs_bd_read
<LI><a href="#[75]">&gt;&gt;</a>&nbsp;&nbsp;&nbsp;memcmp
</UL>
<BR>[Called By]<UL><LI><a href="#[21]">&gt;&gt;</a>&nbsp;&nbsp;&nbsp;lfs_dir_find_match
<LI><a href="#[76]">&gt;&gt;</a>&nbsp;&nbsp;&nbsp;lfs_bd_flush
</UL>

<P><STRONG><a name="[7d]"></a>lfs_bd_erase</STRONG> (Thumb, 6 bytes, Stack size 0 bytes, lfs.o(i.lfs_bd_erase))
<BR><BR>[Called By]<UL><LI><a href="#[ae]">&gt;&gt;</a>&nbsp;&nbsp;&nbsp;lfs_file_relocate
<LI><a href="#[96]">&gt;&gt;</a>&nbsp;&nbsp;&nbsp;lfs_dir_compact
<LI><a href="#[7c]">&gt;&gt;</a>&nbsp;&nbsp;&nbsp;lfs_ctz_extend
</UL>

<P><STRONG><a name="[76]"></a>lfs_bd_flush</STRONG> (Thumb, 114 bytes, Stack size 56 bytes, lfs.o(i.lfs_bd_flush))
<BR><BR>[Stack]<UL><LI>Max Depth = 212<LI>Call Chain = lfs_bd_flush &rArr; lfs_bd_cmp &rArr; lfs_bd_read &rArr; lfs_alignup &rArr; __aeabi_uidivmod
</UL>
<BR>[Calls]<UL><LI><a href="#[77]">&gt;&gt;</a>&nbsp;&nbsp;&nbsp;lfs_cache_zero
<LI><a href="#[73]">&gt;&gt;</a>&nbsp;&nbsp;&nbsp;lfs_bd_cmp
<LI><a href="#[6e]">&gt;&gt;</a>&nbsp;&nbsp;&nbsp;lfs_alignup
</UL>
<BR>[Called By]<UL><LI><a href="#[89]">&gt;&gt;</a>&nbsp;&nbsp;&nbsp;lfs_file_flush
<LI><a href="#[95]">&gt;&gt;</a>&nbsp;&nbsp;&nbsp;lfs_dir_commitcrc
<LI><a href="#[78]">&gt;&gt;</a>&nbsp;&nbsp;&nbsp;lfs_bd_prog
</UL>

<P><STRONG><a name="[78]"></a>lfs_bd_prog</STRONG> (Thumb, 152 bytes, Stack size 56 bytes, lfs.o(i.lfs_bd_prog))
<BR><BR>[Stack]<UL><LI>Max Depth = 268<LI>Call Chain = lfs_bd_prog &rArr; lfs_bd_flush &rArr; lfs_bd_cmp &rArr; lfs_bd_read &rArr; lfs_alignup &rArr; __aeabi_uidivmod
</UL>
<BR>[Calls]<UL><LI><a href="#[76]">&gt;&gt;</a>&nbsp;&nbsp;&nbsp;lfs_bd_flush
<LI><a href="#[6d]">&gt;&gt;</a>&nbsp;&nbsp;&nbsp;lfs_aligndown
<LI><a href="#[79]">&gt;&gt;</a>&nbsp;&nbsp;&nbsp;__aeabi_memcpy
</UL>
<BR>[Called By]<UL><LI><a href="#[ae]">&gt;&gt;</a>&nbsp;&nbsp;&nbsp;lfs_file_relocate
<LI><a href="#[ad]">&gt;&gt;</a>&nbsp;&nbsp;&nbsp;lfs_file_rawwrite
<LI><a href="#[9a]">&gt;&gt;</a>&nbsp;&nbsp;&nbsp;lfs_dir_commitprog
<LI><a href="#[95]">&gt;&gt;</a>&nbsp;&nbsp;&nbsp;lfs_dir_commitcrc
<LI><a href="#[7c]">&gt;&gt;</a>&nbsp;&nbsp;&nbsp;lfs_ctz_extend
</UL>

<P><STRONG><a name="[74]"></a>lfs_bd_read</STRONG> (Thumb, 326 bytes, Stack size 72 bytes, lfs.o(i.lfs_bd_read))
<BR><BR>[Stack]<UL><LI>Max Depth = 92<LI>Call Chain = lfs_bd_read &rArr; lfs_alignup &rArr; __aeabi_uidivmod
</UL>
<BR>[Calls]<UL><LI><a href="#[70]">&gt;&gt;</a>&nbsp;&nbsp;&nbsp;lfs_min
<LI><a href="#[6e]">&gt;&gt;</a>&nbsp;&nbsp;&nbsp;lfs_alignup
<LI><a href="#[6d]">&gt;&gt;</a>&nbsp;&nbsp;&nbsp;lfs_aligndown
<LI><a href="#[79]">&gt;&gt;</a>&nbsp;&nbsp;&nbsp;__aeabi_memcpy
<LI><a href="#[28]">&gt;&gt;</a>&nbsp;&nbsp;&nbsp;__aeabi_uidivmod
</UL>
<BR>[Called By]<UL><LI><a href="#[23]">&gt;&gt;</a>&nbsp;&nbsp;&nbsp;lfs_fs_parent_match
<LI><a href="#[ae]">&gt;&gt;</a>&nbsp;&nbsp;&nbsp;lfs_file_relocate
<LI><a href="#[ac]">&gt;&gt;</a>&nbsp;&nbsp;&nbsp;lfs_file_rawread
<LI><a href="#[8f]">&gt;&gt;</a>&nbsp;&nbsp;&nbsp;lfs_dir_traverse
<LI><a href="#[a8]">&gt;&gt;</a>&nbsp;&nbsp;&nbsp;lfs_dir_getslice
<LI><a href="#[a0]">&gt;&gt;</a>&nbsp;&nbsp;&nbsp;lfs_dir_fetchmatch
<LI><a href="#[95]">&gt;&gt;</a>&nbsp;&nbsp;&nbsp;lfs_dir_commitcrc
<LI><a href="#[94]">&gt;&gt;</a>&nbsp;&nbsp;&nbsp;lfs_dir_commitattr
<LI><a href="#[85]">&gt;&gt;</a>&nbsp;&nbsp;&nbsp;lfs_dir_alloc
<LI><a href="#[84]">&gt;&gt;</a>&nbsp;&nbsp;&nbsp;lfs_ctz_traverse
<LI><a href="#[81]">&gt;&gt;</a>&nbsp;&nbsp;&nbsp;lfs_ctz_find
<LI><a href="#[7c]">&gt;&gt;</a>&nbsp;&nbsp;&nbsp;lfs_ctz_extend
<LI><a href="#[73]">&gt;&gt;</a>&nbsp;&nbsp;&nbsp;lfs_bd_cmp
</UL>

<P><STRONG><a name="[77]"></a>lfs_cache_zero</STRONG> (Thumb, 24 bytes, Stack size 8 bytes, lfs.o(i.lfs_cache_zero))
<BR><BR>[Stack]<UL><LI>Max Depth = 8<LI>Call Chain = lfs_cache_zero
</UL>
<BR>[Calls]<UL><LI><a href="#[2d]">&gt;&gt;</a>&nbsp;&nbsp;&nbsp;__aeabi_memset
</UL>
<BR>[Called By]<UL><LI><a href="#[ae]">&gt;&gt;</a>&nbsp;&nbsp;&nbsp;lfs_file_relocate
<LI><a href="#[ad]">&gt;&gt;</a>&nbsp;&nbsp;&nbsp;lfs_file_rawwrite
<LI><a href="#[af]">&gt;&gt;</a>&nbsp;&nbsp;&nbsp;lfs_file_rawopencfg
<LI><a href="#[76]">&gt;&gt;</a>&nbsp;&nbsp;&nbsp;lfs_bd_flush
</UL>

<P><STRONG><a name="[7a]"></a>lfs_ctz</STRONG> (Thumb, 16 bytes, Stack size 8 bytes, lfs.o(i.lfs_ctz))
<BR><BR>[Stack]<UL><LI>Max Depth = 8<LI>Call Chain = lfs_ctz
</UL>
<BR>[Calls]<UL><LI><a href="#[7b]">&gt;&gt;</a>&nbsp;&nbsp;&nbsp;__ARM_clz
</UL>
<BR>[Called By]<UL><LI><a href="#[81]">&gt;&gt;</a>&nbsp;&nbsp;&nbsp;lfs_ctz_find
<LI><a href="#[7c]">&gt;&gt;</a>&nbsp;&nbsp;&nbsp;lfs_ctz_extend
</UL>

<P><STRONG><a name="[7c]"></a>lfs_ctz_extend</STRONG> (Thumb, 318 bytes, Stack size 80 bytes, lfs.o(i.lfs_ctz_extend))
<BR><BR>[Stack]<UL><LI>Max Depth = 452<LI>Call Chain = lfs_ctz_extend &rArr; lfs_alloc &rArr; lfs_fs_rawtraverse &rArr; lfs_dir_fetch &rArr; lfs_dir_fetchmatch &rArr; lfs_bd_read &rArr; lfs_alignup &rArr; __aeabi_uidivmod
</UL>
<BR>[Calls]<UL><LI><a href="#[7f]">&gt;&gt;</a>&nbsp;&nbsp;&nbsp;lfs_tole32
<LI><a href="#[80]">&gt;&gt;</a>&nbsp;&nbsp;&nbsp;lfs_fromle32
<LI><a href="#[7e]">&gt;&gt;</a>&nbsp;&nbsp;&nbsp;lfs_ctz_index
<LI><a href="#[7a]">&gt;&gt;</a>&nbsp;&nbsp;&nbsp;lfs_ctz
<LI><a href="#[74]">&gt;&gt;</a>&nbsp;&nbsp;&nbsp;lfs_bd_read
<LI><a href="#[78]">&gt;&gt;</a>&nbsp;&nbsp;&nbsp;lfs_bd_prog
<LI><a href="#[7d]">&gt;&gt;</a>&nbsp;&nbsp;&nbsp;lfs_bd_erase
<LI><a href="#[6f]">&gt;&gt;</a>&nbsp;&nbsp;&nbsp;lfs_alloc
<LI><a href="#[60]">&gt;&gt;</a>&nbsp;&nbsp;&nbsp;__2printf
</UL>
<BR>[Called By]<UL><LI><a href="#[ad]">&gt;&gt;</a>&nbsp;&nbsp;&nbsp;lfs_file_rawwrite
</UL>

<P><STRONG><a name="[81]"></a>lfs_ctz_find</STRONG> (Thumb, 142 bytes, Stack size 56 bytes, lfs.o(i.lfs_ctz_find))
<BR><BR>[Stack]<UL><LI>Max Depth = 148<LI>Call Chain = lfs_ctz_find &rArr; lfs_bd_read &rArr; lfs_alignup &rArr; __aeabi_uidivmod
</UL>
<BR>[Calls]<UL><LI><a href="#[7b]">&gt;&gt;</a>&nbsp;&nbsp;&nbsp;__ARM_clz
<LI><a href="#[70]">&gt;&gt;</a>&nbsp;&nbsp;&nbsp;lfs_min
<LI><a href="#[80]">&gt;&gt;</a>&nbsp;&nbsp;&nbsp;lfs_fromle32
<LI><a href="#[7e]">&gt;&gt;</a>&nbsp;&nbsp;&nbsp;lfs_ctz_index
<LI><a href="#[7a]">&gt;&gt;</a>&nbsp;&nbsp;&nbsp;lfs_ctz
<LI><a href="#[74]">&gt;&gt;</a>&nbsp;&nbsp;&nbsp;lfs_bd_read
</UL>
<BR>[Called By]<UL><LI><a href="#[ad]">&gt;&gt;</a>&nbsp;&nbsp;&nbsp;lfs_file_rawwrite
<LI><a href="#[ac]">&gt;&gt;</a>&nbsp;&nbsp;&nbsp;lfs_file_rawread
</UL>

<P><STRONG><a name="[82]"></a>lfs_ctz_fromle32</STRONG> (Thumb, 22 bytes, Stack size 8 bytes, lfs.o(i.lfs_ctz_fromle32))
<BR><BR>[Stack]<UL><LI>Max Depth = 16<LI>Call Chain = lfs_ctz_fromle32 &rArr; lfs_fromle32
</UL>
<BR>[Calls]<UL><LI><a href="#[80]">&gt;&gt;</a>&nbsp;&nbsp;&nbsp;lfs_fromle32
</UL>
<BR>[Called By]<UL><LI><a href="#[71]">&gt;&gt;</a>&nbsp;&nbsp;&nbsp;lfs_fs_rawtraverse
<LI><a href="#[af]">&gt;&gt;</a>&nbsp;&nbsp;&nbsp;lfs_file_rawopencfg
</UL>

<P><STRONG><a name="[7e]"></a>lfs_ctz_index</STRONG> (Thumb, 62 bytes, Stack size 24 bytes, lfs.o(i.lfs_ctz_index))
<BR><BR>[Stack]<UL><LI>Max Depth = 36<LI>Call Chain = lfs_ctz_index &rArr; __aeabi_uidivmod
</UL>
<BR>[Calls]<UL><LI><a href="#[83]">&gt;&gt;</a>&nbsp;&nbsp;&nbsp;lfs_popc
<LI><a href="#[28]">&gt;&gt;</a>&nbsp;&nbsp;&nbsp;__aeabi_uidivmod
</UL>
<BR>[Called By]<UL><LI><a href="#[84]">&gt;&gt;</a>&nbsp;&nbsp;&nbsp;lfs_ctz_traverse
<LI><a href="#[81]">&gt;&gt;</a>&nbsp;&nbsp;&nbsp;lfs_ctz_find
<LI><a href="#[7c]">&gt;&gt;</a>&nbsp;&nbsp;&nbsp;lfs_ctz_extend
</UL>

<P><STRONG><a name="[84]"></a>lfs_ctz_traverse</STRONG> (Thumb, 152 bytes, Stack size 80 bytes, lfs.o(i.lfs_ctz_traverse))
<BR><BR>[Stack]<UL><LI>Max Depth = 172<LI>Call Chain = lfs_ctz_traverse &rArr; lfs_bd_read &rArr; lfs_alignup &rArr; __aeabi_uidivmod
</UL>
<BR>[Calls]<UL><LI><a href="#[80]">&gt;&gt;</a>&nbsp;&nbsp;&nbsp;lfs_fromle32
<LI><a href="#[7e]">&gt;&gt;</a>&nbsp;&nbsp;&nbsp;lfs_ctz_index
<LI><a href="#[74]">&gt;&gt;</a>&nbsp;&nbsp;&nbsp;lfs_bd_read
</UL>
<BR>[Called By]<UL><LI><a href="#[71]">&gt;&gt;</a>&nbsp;&nbsp;&nbsp;lfs_fs_rawtraverse
</UL>

<P><STRONG><a name="[bd]"></a>lfs_deinit</STRONG> (Thumb, 4 bytes, Stack size 0 bytes, lfs.o(i.lfs_deinit))
<BR><BR>[Called By]<UL><LI><a href="#[bc]">&gt;&gt;</a>&nbsp;&nbsp;&nbsp;lfs_rawunmount
</UL>

<P><STRONG><a name="[85]"></a>lfs_dir_alloc</STRONG> (Thumb, 142 bytes, Stack size 48 bytes, lfs.o(i.lfs_dir_alloc))
<BR><BR>[Stack]<UL><LI>Max Depth = 420<LI>Call Chain = lfs_dir_alloc &rArr; lfs_alloc &rArr; lfs_fs_rawtraverse &rArr; lfs_dir_fetch &rArr; lfs_dir_fetchmatch &rArr; lfs_bd_read &rArr; lfs_alignup &rArr; __aeabi_uidivmod
</UL>
<BR>[Calls]<UL><LI><a href="#[80]">&gt;&gt;</a>&nbsp;&nbsp;&nbsp;lfs_fromle32
<LI><a href="#[74]">&gt;&gt;</a>&nbsp;&nbsp;&nbsp;lfs_bd_read
<LI><a href="#[6f]">&gt;&gt;</a>&nbsp;&nbsp;&nbsp;lfs_alloc
<LI><a href="#[6e]">&gt;&gt;</a>&nbsp;&nbsp;&nbsp;lfs_alignup
</UL>
<BR>[Called By]<UL><LI><a href="#[9c]">&gt;&gt;</a>&nbsp;&nbsp;&nbsp;lfs_dir_split
</UL>

<P><STRONG><a name="[86]"></a>lfs_dir_commit</STRONG> (Thumb, 800 bytes, Stack size 160 bytes, lfs.o(i.lfs_dir_commit))
<BR><BR>[Stack]<UL><LI>Max Depth = 796 + In Cycle
<LI>Call Chain = lfs_dir_commit &rArr;  lfs_dir_drop (Cycle)
</UL>
<BR>[Calls]<UL><LI><a href="#[8e]">&gt;&gt;</a>&nbsp;&nbsp;&nbsp;lfs_pair_tole32
<LI><a href="#[8b]">&gt;&gt;</a>&nbsp;&nbsp;&nbsp;lfs_pair_fromle32
<LI><a href="#[87]">&gt;&gt;</a>&nbsp;&nbsp;&nbsp;lfs_pair_cmp
<LI><a href="#[90]">&gt;&gt;</a>&nbsp;&nbsp;&nbsp;lfs_gstate_xor
<LI><a href="#[93]">&gt;&gt;</a>&nbsp;&nbsp;&nbsp;lfs_gstate_tole32
<LI><a href="#[91]">&gt;&gt;</a>&nbsp;&nbsp;&nbsp;lfs_gstate_iszero
<LI><a href="#[8c]">&gt;&gt;</a>&nbsp;&nbsp;&nbsp;lfs_fs_pred
<LI><a href="#[88]">&gt;&gt;</a>&nbsp;&nbsp;&nbsp;lfs_file_outline
<LI><a href="#[89]">&gt;&gt;</a>&nbsp;&nbsp;&nbsp;lfs_file_flush
<LI><a href="#[8f]">&gt;&gt;</a>&nbsp;&nbsp;&nbsp;lfs_dir_traverse
<LI><a href="#[92]">&gt;&gt;</a>&nbsp;&nbsp;&nbsp;lfs_dir_getgstate
<LI><a href="#[97]">&gt;&gt;</a>&nbsp;&nbsp;&nbsp;lfs_dir_fetch
<LI><a href="#[8d]">&gt;&gt;</a>&nbsp;&nbsp;&nbsp;lfs_dir_drop
<LI><a href="#[96]">&gt;&gt;</a>&nbsp;&nbsp;&nbsp;lfs_dir_compact
<LI><a href="#[95]">&gt;&gt;</a>&nbsp;&nbsp;&nbsp;lfs_dir_commitcrc
<LI><a href="#[94]">&gt;&gt;</a>&nbsp;&nbsp;&nbsp;lfs_dir_commitattr
<LI><a href="#[8a]">&gt;&gt;</a>&nbsp;&nbsp;&nbsp;__aeabi_memcpy4
</UL>
<BR>[Called By]<UL><LI><a href="#[9f]">&gt;&gt;</a>&nbsp;&nbsp;&nbsp;lfs_fs_relocate
<LI><a href="#[b9]">&gt;&gt;</a>&nbsp;&nbsp;&nbsp;lfs_fs_deorphan
<LI><a href="#[b6]">&gt;&gt;</a>&nbsp;&nbsp;&nbsp;lfs_fs_demove
<LI><a href="#[b0]">&gt;&gt;</a>&nbsp;&nbsp;&nbsp;lfs_file_rawsync
<LI><a href="#[af]">&gt;&gt;</a>&nbsp;&nbsp;&nbsp;lfs_file_rawopencfg
<LI><a href="#[8d]">&gt;&gt;</a>&nbsp;&nbsp;&nbsp;lfs_dir_drop
</UL>

<P><STRONG><a name="[1f]"></a>lfs_dir_commit_commit</STRONG> (Thumb, 16 bytes, Stack size 8 bytes, lfs.o(i.lfs_dir_commit_commit))
<BR><BR>[Stack]<UL><LI>Max Depth = 380<LI>Call Chain = lfs_dir_commit_commit &rArr; lfs_dir_commitattr &rArr; lfs_dir_commitprog &rArr; lfs_bd_prog &rArr; lfs_bd_flush &rArr; lfs_bd_cmp &rArr; lfs_bd_read &rArr; lfs_alignup &rArr; __aeabi_uidivmod
</UL>
<BR>[Calls]<UL><LI><a href="#[94]">&gt;&gt;</a>&nbsp;&nbsp;&nbsp;lfs_dir_commitattr
</UL>
<BR>[Address Reference Count : 2]<UL><LI> lfs.o(i.lfs_dir_commit)
<LI> lfs.o(i.lfs_dir_compact)
</UL>
<P><STRONG><a name="[20]"></a>lfs_dir_commit_size</STRONG> (Thumb, 20 bytes, Stack size 8 bytes, lfs.o(i.lfs_dir_commit_size))
<BR><BR>[Stack]<UL><LI>Max Depth = 16<LI>Call Chain = lfs_dir_commit_size &rArr; lfs_tag_dsize
</UL>
<BR>[Calls]<UL><LI><a href="#[98]">&gt;&gt;</a>&nbsp;&nbsp;&nbsp;lfs_tag_dsize
</UL>
<BR>[Address Reference Count : 1]<UL><LI> lfs.o(i.lfs_dir_compact)
</UL>
<P><STRONG><a name="[94]"></a>lfs_dir_commitattr</STRONG> (Thumb, 166 bytes, Stack size 72 bytes, lfs.o(i.lfs_dir_commitattr))
<BR><BR>[Stack]<UL><LI>Max Depth = 372<LI>Call Chain = lfs_dir_commitattr &rArr; lfs_dir_commitprog &rArr; lfs_bd_prog &rArr; lfs_bd_flush &rArr; lfs_bd_cmp &rArr; lfs_bd_read &rArr; lfs_alignup &rArr; __aeabi_uidivmod
</UL>
<BR>[Calls]<UL><LI><a href="#[98]">&gt;&gt;</a>&nbsp;&nbsp;&nbsp;lfs_tag_dsize
<LI><a href="#[99]">&gt;&gt;</a>&nbsp;&nbsp;&nbsp;lfs_frombe32
<LI><a href="#[9a]">&gt;&gt;</a>&nbsp;&nbsp;&nbsp;lfs_dir_commitprog
<LI><a href="#[74]">&gt;&gt;</a>&nbsp;&nbsp;&nbsp;lfs_bd_read
</UL>
<BR>[Called By]<UL><LI><a href="#[96]">&gt;&gt;</a>&nbsp;&nbsp;&nbsp;lfs_dir_compact
<LI><a href="#[1f]">&gt;&gt;</a>&nbsp;&nbsp;&nbsp;lfs_dir_commit_commit
<LI><a href="#[86]">&gt;&gt;</a>&nbsp;&nbsp;&nbsp;lfs_dir_commit
</UL>

<P><STRONG><a name="[95]"></a>lfs_dir_commitcrc</STRONG> (Thumb, 426 bytes, Stack size 88 bytes, lfs.o(i.lfs_dir_commitcrc))
<BR><BR>[Stack]<UL><LI>Max Depth = 356<LI>Call Chain = lfs_dir_commitcrc &rArr; lfs_bd_prog &rArr; lfs_bd_flush &rArr; lfs_bd_cmp &rArr; lfs_bd_read &rArr; lfs_alignup &rArr; __aeabi_uidivmod
</UL>
<BR>[Calls]<UL><LI><a href="#[9b]">&gt;&gt;</a>&nbsp;&nbsp;&nbsp;lfs_crc
<LI><a href="#[7f]">&gt;&gt;</a>&nbsp;&nbsp;&nbsp;lfs_tole32
<LI><a href="#[99]">&gt;&gt;</a>&nbsp;&nbsp;&nbsp;lfs_frombe32
<LI><a href="#[74]">&gt;&gt;</a>&nbsp;&nbsp;&nbsp;lfs_bd_read
<LI><a href="#[78]">&gt;&gt;</a>&nbsp;&nbsp;&nbsp;lfs_bd_prog
<LI><a href="#[76]">&gt;&gt;</a>&nbsp;&nbsp;&nbsp;lfs_bd_flush
<LI><a href="#[6e]">&gt;&gt;</a>&nbsp;&nbsp;&nbsp;lfs_alignup
</UL>
<BR>[Called By]<UL><LI><a href="#[96]">&gt;&gt;</a>&nbsp;&nbsp;&nbsp;lfs_dir_compact
<LI><a href="#[86]">&gt;&gt;</a>&nbsp;&nbsp;&nbsp;lfs_dir_commit
</UL>

<P><STRONG><a name="[9a]"></a>lfs_dir_commitprog</STRONG> (Thumb, 60 bytes, Stack size 32 bytes, lfs.o(i.lfs_dir_commitprog))
<BR><BR>[Stack]<UL><LI>Max Depth = 300<LI>Call Chain = lfs_dir_commitprog &rArr; lfs_bd_prog &rArr; lfs_bd_flush &rArr; lfs_bd_cmp &rArr; lfs_bd_read &rArr; lfs_alignup &rArr; __aeabi_uidivmod
</UL>
<BR>[Calls]<UL><LI><a href="#[9b]">&gt;&gt;</a>&nbsp;&nbsp;&nbsp;lfs_crc
<LI><a href="#[78]">&gt;&gt;</a>&nbsp;&nbsp;&nbsp;lfs_bd_prog
</UL>
<BR>[Called By]<UL><LI><a href="#[96]">&gt;&gt;</a>&nbsp;&nbsp;&nbsp;lfs_dir_compact
<LI><a href="#[94]">&gt;&gt;</a>&nbsp;&nbsp;&nbsp;lfs_dir_commitattr
</UL>

<P><STRONG><a name="[96]"></a>lfs_dir_compact</STRONG> (Thumb, 852 bytes, Stack size 136 bytes, lfs.o(i.lfs_dir_compact))
<BR><BR>[Stack]<UL><LI>Max Depth = 636<LI>Call Chain = lfs_dir_compact &rArr; lfs_dir_split &rArr;  lfs_dir_compact (Cycle)
</UL>
<BR>[Calls]<UL><LI><a href="#[7f]">&gt;&gt;</a>&nbsp;&nbsp;&nbsp;lfs_tole32
<LI><a href="#[8e]">&gt;&gt;</a>&nbsp;&nbsp;&nbsp;lfs_pair_tole32
<LI><a href="#[9e]">&gt;&gt;</a>&nbsp;&nbsp;&nbsp;lfs_pair_isnull
<LI><a href="#[8b]">&gt;&gt;</a>&nbsp;&nbsp;&nbsp;lfs_pair_fromle32
<LI><a href="#[87]">&gt;&gt;</a>&nbsp;&nbsp;&nbsp;lfs_pair_cmp
<LI><a href="#[70]">&gt;&gt;</a>&nbsp;&nbsp;&nbsp;lfs_min
<LI><a href="#[90]">&gt;&gt;</a>&nbsp;&nbsp;&nbsp;lfs_gstate_xor
<LI><a href="#[93]">&gt;&gt;</a>&nbsp;&nbsp;&nbsp;lfs_gstate_tole32
<LI><a href="#[91]">&gt;&gt;</a>&nbsp;&nbsp;&nbsp;lfs_gstate_iszero
<LI><a href="#[9f]">&gt;&gt;</a>&nbsp;&nbsp;&nbsp;lfs_fs_relocate
<LI><a href="#[9d]">&gt;&gt;</a>&nbsp;&nbsp;&nbsp;lfs_fs_rawsize
<LI><a href="#[80]">&gt;&gt;</a>&nbsp;&nbsp;&nbsp;lfs_fromle32
<LI><a href="#[8f]">&gt;&gt;</a>&nbsp;&nbsp;&nbsp;lfs_dir_traverse
<LI><a href="#[9c]">&gt;&gt;</a>&nbsp;&nbsp;&nbsp;lfs_dir_split
<LI><a href="#[92]">&gt;&gt;</a>&nbsp;&nbsp;&nbsp;lfs_dir_getgstate
<LI><a href="#[9a]">&gt;&gt;</a>&nbsp;&nbsp;&nbsp;lfs_dir_commitprog
<LI><a href="#[95]">&gt;&gt;</a>&nbsp;&nbsp;&nbsp;lfs_dir_commitcrc
<LI><a href="#[94]">&gt;&gt;</a>&nbsp;&nbsp;&nbsp;lfs_dir_commitattr
<LI><a href="#[7d]">&gt;&gt;</a>&nbsp;&nbsp;&nbsp;lfs_bd_erase
<LI><a href="#[6f]">&gt;&gt;</a>&nbsp;&nbsp;&nbsp;lfs_alloc
<LI><a href="#[6e]">&gt;&gt;</a>&nbsp;&nbsp;&nbsp;lfs_alignup
<LI><a href="#[8a]">&gt;&gt;</a>&nbsp;&nbsp;&nbsp;__aeabi_memcpy4
<LI><a href="#[28]">&gt;&gt;</a>&nbsp;&nbsp;&nbsp;__aeabi_uidivmod
<LI><a href="#[60]">&gt;&gt;</a>&nbsp;&nbsp;&nbsp;__2printf
</UL>
<BR>[Called By]<UL><LI><a href="#[9c]">&gt;&gt;</a>&nbsp;&nbsp;&nbsp;lfs_dir_split
<LI><a href="#[86]">&gt;&gt;</a>&nbsp;&nbsp;&nbsp;lfs_dir_commit
</UL>

<P><STRONG><a name="[8d]"></a>lfs_dir_drop</STRONG> (Thumb, 68 bytes, Stack size 32 bytes, lfs.o(i.lfs_dir_drop))
<BR><BR>[Stack]<UL><LI>Max Depth = 828<LI>Call Chain = lfs_dir_drop &rArr; lfs_dir_commit &rArr;  lfs_dir_drop (Cycle)
</UL>
<BR>[Calls]<UL><LI><a href="#[8e]">&gt;&gt;</a>&nbsp;&nbsp;&nbsp;lfs_pair_tole32
<LI><a href="#[8b]">&gt;&gt;</a>&nbsp;&nbsp;&nbsp;lfs_pair_fromle32
<LI><a href="#[92]">&gt;&gt;</a>&nbsp;&nbsp;&nbsp;lfs_dir_getgstate
<LI><a href="#[86]">&gt;&gt;</a>&nbsp;&nbsp;&nbsp;lfs_dir_commit
</UL>
<BR>[Called By]<UL><LI><a href="#[b9]">&gt;&gt;</a>&nbsp;&nbsp;&nbsp;lfs_fs_deorphan
<LI><a href="#[86]">&gt;&gt;</a>&nbsp;&nbsp;&nbsp;lfs_dir_commit
</UL>

<P><STRONG><a name="[97]"></a>lfs_dir_fetch</STRONG> (Thumb, 22 bytes, Stack size 24 bytes, lfs.o(i.lfs_dir_fetch))
<BR><BR>[Stack]<UL><LI>Max Depth = 244<LI>Call Chain = lfs_dir_fetch &rArr; lfs_dir_fetchmatch &rArr; lfs_bd_read &rArr; lfs_alignup &rArr; __aeabi_uidivmod
</UL>
<BR>[Calls]<UL><LI><a href="#[a0]">&gt;&gt;</a>&nbsp;&nbsp;&nbsp;lfs_dir_fetchmatch
</UL>
<BR>[Called By]<UL><LI><a href="#[71]">&gt;&gt;</a>&nbsp;&nbsp;&nbsp;lfs_fs_rawtraverse
<LI><a href="#[8c]">&gt;&gt;</a>&nbsp;&nbsp;&nbsp;lfs_fs_pred
<LI><a href="#[b9]">&gt;&gt;</a>&nbsp;&nbsp;&nbsp;lfs_fs_deorphan
<LI><a href="#[b6]">&gt;&gt;</a>&nbsp;&nbsp;&nbsp;lfs_fs_demove
<LI><a href="#[86]">&gt;&gt;</a>&nbsp;&nbsp;&nbsp;lfs_dir_commit
</UL>

<P><STRONG><a name="[a0]"></a>lfs_dir_fetchmatch</STRONG> (Thumb, 1020 bytes, Stack size 128 bytes, lfs.o(i.lfs_dir_fetchmatch))
<BR><BR>[Stack]<UL><LI>Max Depth = 220<LI>Call Chain = lfs_dir_fetchmatch &rArr; lfs_bd_read &rArr; lfs_alignup &rArr; __aeabi_uidivmod
</UL>
<BR>[Calls]<UL><LI><a href="#[9b]">&gt;&gt;</a>&nbsp;&nbsp;&nbsp;lfs_crc
<LI><a href="#[7f]">&gt;&gt;</a>&nbsp;&nbsp;&nbsp;lfs_tole32
<LI><a href="#[a1]">&gt;&gt;</a>&nbsp;&nbsp;&nbsp;lfs_tag_type1
<LI><a href="#[98]">&gt;&gt;</a>&nbsp;&nbsp;&nbsp;lfs_tag_dsize
<LI><a href="#[8b]">&gt;&gt;</a>&nbsp;&nbsp;&nbsp;lfs_pair_fromle32
<LI><a href="#[70]">&gt;&gt;</a>&nbsp;&nbsp;&nbsp;lfs_min
<LI><a href="#[a2]">&gt;&gt;</a>&nbsp;&nbsp;&nbsp;lfs_gstate_hasmovehere
<LI><a href="#[80]">&gt;&gt;</a>&nbsp;&nbsp;&nbsp;lfs_fromle32
<LI><a href="#[99]">&gt;&gt;</a>&nbsp;&nbsp;&nbsp;lfs_frombe32
<LI><a href="#[74]">&gt;&gt;</a>&nbsp;&nbsp;&nbsp;lfs_bd_read
<LI><a href="#[28]">&gt;&gt;</a>&nbsp;&nbsp;&nbsp;__aeabi_uidivmod
<LI><a href="#[60]">&gt;&gt;</a>&nbsp;&nbsp;&nbsp;__2printf
</UL>
<BR>[Called By]<UL><LI><a href="#[ba]">&gt;&gt;</a>&nbsp;&nbsp;&nbsp;lfs_fs_parent
<LI><a href="#[a3]">&gt;&gt;</a>&nbsp;&nbsp;&nbsp;lfs_dir_find
<LI><a href="#[97]">&gt;&gt;</a>&nbsp;&nbsp;&nbsp;lfs_dir_fetch
</UL>

<P><STRONG><a name="[a3]"></a>lfs_dir_find</STRONG> (Thumb, 314 bytes, Stack size 80 bytes, lfs.o(i.lfs_dir_find))
<BR><BR>[Stack]<UL><LI>Max Depth = 300<LI>Call Chain = lfs_dir_find &rArr; lfs_dir_fetchmatch &rArr; lfs_bd_read &rArr; lfs_alignup &rArr; __aeabi_uidivmod
</UL>
<BR>[Calls]<UL><LI><a href="#[8b]">&gt;&gt;</a>&nbsp;&nbsp;&nbsp;lfs_pair_fromle32
<LI><a href="#[a6]">&gt;&gt;</a>&nbsp;&nbsp;&nbsp;lfs_dir_get
<LI><a href="#[a0]">&gt;&gt;</a>&nbsp;&nbsp;&nbsp;lfs_dir_fetchmatch
[...]
<LI><a href="#[78]">&gt;&gt;</a>&nbsp;&nbsp;&nbsp;lfs_bd_prog
</UL>
<BR>[Called By]<UL><LI><a href="#[5c]">&gt;&gt;</a>&nbsp;&nbsp;&nbsp;lfs_file_write
<LI><a href="#[ad]">&gt;&gt;</a>&nbsp;&nbsp;&nbsp;lfs_file_rawwrite
<LI><a href="#[89]">&gt;&gt;</a>&nbsp;&nbsp;&nbsp;lfs_file_flush
</UL>

<P><STRONG><a name="[ae]"></a>lfs_file_relocate</STRONG> (Thumb, 238 bytes, Stack size 64 bytes, lfs.o(i.lfs_file_relocate))
<BR><BR>[Stack]<UL><LI>Max Depth = 436<LI>Call Chain = lfs_file_relocate &rArr; lfs_alloc &rArr; lfs_fs_rawtraverse &rArr; lfs_dir_fetch &rArr; lfs_dir_fetchmatch &rArr; lfs_bd_read &rArr; lfs_alignup &rArr; __aeabi_uidivmod
</UL>
<BR>[Calls]<UL><LI><a href="#[a9]">&gt;&gt;</a>&nbsp;&nbsp;&nbsp;lfs_dir_getread
<LI><a href="#[77]">&gt;&gt;</a>&nbsp;&nbsp;&nbsp;lfs_cache_zero
<LI><a href="#[74]">&gt;&gt;</a>&nbsp;&nbsp;&nbsp;lfs_bd_read
<LI><a href="#[78]">&gt;&gt;</a>&nbsp;&nbsp;&nbsp;lfs_bd_prog
<LI><a href="#[7d]">&gt;&gt;</a>&nbsp;&nbsp;&nbsp;lfs_bd_erase
<LI><a href="#[6f]">&gt;&gt;</a>&nbsp;&nbsp;&nbsp;lfs_alloc
<LI><a href="#[79]">&gt;&gt;</a>&nbsp;&nbsp;&nbsp;__aeabi_memcpy
<LI><a href="#[60]">&gt;&gt;</a>&nbsp;&nbsp;&nbsp;__2printf
</UL>
<BR>[Called By]<UL><LI><a href="#[ad]">&gt;&gt;</a>&nbsp;&nbsp;&nbsp;lfs_file_rawwrite
<LI><a href="#[88]">&gt;&gt;</a>&nbsp;&nbsp;&nbsp;lfs_file_outline
<LI><a href="#[89]">&gt;&gt;</a>&nbsp;&nbsp;&nbsp;lfs_file_flush
</UL>

<P><STRONG><a name="[99]"></a>lfs_frombe32</STRONG> (Thumb, 18 bytes, Stack size 8 bytes, lfs.o(i.lfs_frombe32))
<BR><BR>[Stack]<UL><LI>Max Depth = 8<LI>Call Chain = lfs_frombe32
</UL>
<BR>[Called By]<UL><LI><a href="#[8f]">&gt;&gt;</a>&nbsp;&nbsp;&nbsp;lfs_dir_traverse
<LI><a href="#[a8]">&gt;&gt;</a>&nbsp;&nbsp;&nbsp;lfs_dir_getslice
<LI><a href="#[a0]">&gt;&gt;</a>&nbsp;&nbsp;&nbsp;lfs_dir_fetchmatch
<LI><a href="#[95]">&gt;&gt;</a>&nbsp;&nbsp;&nbsp;lfs_dir_commitcrc
<LI><a href="#[94]">&gt;&gt;</a>&nbsp;&nbsp;&nbsp;lfs_dir_commitattr
</UL>

<P><STRONG><a name="[80]"></a>lfs_fromle32</STRONG> (Thumb, 18 bytes, Stack size 8 bytes, lfs.o(i.lfs_fromle32))
<BR><BR>[Stack]<UL><LI>Max Depth = 8<LI>Call Chain = lfs_fromle32
</UL>
<BR>[Called By]<UL><LI><a href="#[7f]">&gt;&gt;</a>&nbsp;&nbsp;&nbsp;lfs_tole32
<LI><a href="#[8b]">&gt;&gt;</a>&nbsp;&nbsp;&nbsp;lfs_pair_fromle32
<LI><a href="#[92]">&gt;&gt;</a>&nbsp;&nbsp;&nbsp;lfs_dir_getgstate
<LI><a href="#[a0]">&gt;&gt;</a>&nbsp;&nbsp;&nbsp;lfs_dir_fetchmatch
<LI><a href="#[96]">&gt;&gt;</a>&nbsp;&nbsp;&nbsp;lfs_dir_compact
<LI><a href="#[85]">&gt;&gt;</a>&nbsp;&nbsp;&nbsp;lfs_dir_alloc
<LI><a href="#[84]">&gt;&gt;</a>&nbsp;&nbsp;&nbsp;lfs_ctz_traverse
<LI><a href="#[82]">&gt;&gt;</a>&nbsp;&nbsp;&nbsp;lfs_ctz_fromle32
<LI><a href="#[81]">&gt;&gt;</a>&nbsp;&nbsp;&nbsp;lfs_ctz_find
<LI><a href="#[7c]">&gt;&gt;</a>&nbsp;&nbsp;&nbsp;lfs_ctz_extend
</UL>

<P><STRONG><a name="[b6]"></a>lfs_fs_demove</STRONG> (Thumb, 104 bytes, Stack size 64 bytes, lfs.o(i.lfs_fs_demove))
<BR><BR>[Stack]<UL><LI>Max Depth = 860<LI>Call Chain = lfs_fs_demove &rArr; lfs_dir_commit &rArr;  lfs_dir_drop (Cycle)
</UL>
<BR>[Calls]<UL><LI><a href="#[b7]">&gt;&gt;</a>&nbsp;&nbsp;&nbsp;lfs_gstate_hasmove
<LI><a href="#[b8]">&gt;&gt;</a>&nbsp;&nbsp;&nbsp;lfs_fs_prepmove
<LI><a href="#[97]">&gt;&gt;</a>&nbsp;&nbsp;&nbsp;lfs_dir_fetch
<LI><a href="#[86]">&gt;&gt;</a>&nbsp;&nbsp;&nbsp;lfs_dir_commit
<LI><a href="#[60]">&gt;&gt;</a>&nbsp;&nbsp;&nbsp;__2printf
</UL>
<BR>[Called By]<UL><LI><a href="#[b2]">&gt;&gt;</a>&nbsp;&nbsp;&nbsp;lfs_fs_forceconsistency
</UL>

<P><STRONG><a name="[b9]"></a>lfs_fs_deorphan</STRONG> (Thumb, 270 bytes, Stack size 152 bytes, lfs.o(i.lfs_fs_deorphan))
<BR><BR>[Stack]<UL><LI>Max Depth = 980<LI>Call Chain = lfs_fs_deorphan &rArr; lfs_dir_drop &rArr; lfs_dir_commit &rArr;  lfs_dir_drop (Cycle)
</UL>
<BR>[Calls]<UL><LI><a href="#[8e]">&gt;&gt;</a>&nbsp;&nbsp;&nbsp;lfs_pair_tole32
<LI><a href="#[9e]">&gt;&gt;</a>&nbsp;&nbsp;&nbsp;lfs_pair_isnull
<LI><a href="#[8b]">&gt;&gt;</a>&nbsp;&nbsp;&nbsp;lfs_pair_fromle32
<LI><a href="#[bb]">&gt;&gt;</a>&nbsp;&nbsp;&nbsp;lfs_fs_preporphans
<LI><a href="#[ba]">&gt;&gt;</a>&nbsp;&nbsp;&nbsp;lfs_fs_parent
<LI><a href="#[a6]">&gt;&gt;</a>&nbsp;&nbsp;&nbsp;lfs_dir_get
<LI><a href="#[97]">&gt;&gt;</a>&nbsp;&nbsp;&nbsp;lfs_dir_fetch
<LI><a href="#[8d]">&gt;&gt;</a>&nbsp;&nbsp;&nbsp;lfs_dir_drop
<LI><a href="#[86]">&gt;&gt;</a>&nbsp;&nbsp;&nbsp;lfs_dir_commit
<LI><a href="#[8a]">&gt;&gt;</a>&nbsp;&nbsp;&nbsp;__aeabi_memcpy4
<LI><a href="#[60]">&gt;&gt;</a>&nbsp;&nbsp;&nbsp;__2printf
</UL>
<BR>[Called By]<UL><LI><a href="#[b2]">&gt;&gt;</a>&nbsp;&nbsp;&nbsp;lfs_fs_forceconsistency
</UL>

<P><STRONG><a name="[b2]"></a>lfs_fs_forceconsistency</STRONG> (Thumb, 20 bytes, Stack size 8 bytes, lfs.o(i.lfs_fs_forceconsistency))
<BR><BR>[Stack]<UL><LI>Max Depth = 988<LI>Call Chain = lfs_fs_forceconsistency &rArr; lfs_fs_deorphan &rArr; lfs_dir_drop &rArr; lfs_dir_commit &rArr;  lfs_dir_drop (Cycle)
</UL>
<BR>[Calls]<UL><LI><a href="#[b9]">&gt;&gt;</a>&nbsp;&nbsp;&nbsp;lfs_fs_deorphan
<LI><a href="#[b6]">&gt;&gt;</a>&nbsp;&nbsp;&nbsp;lfs_fs_demove
</UL>
<BR>[Called By]<UL><LI><a href="#[af]">&gt;&gt;</a>&nbsp;&nbsp;&nbsp;lfs_file_rawopencfg
</UL>

<P><STRONG><a name="[ba]"></a>lfs_fs_parent</STRONG> (Thumb, 110 bytes, Stack size 64 bytes, lfs.o(i.lfs_fs_parent))
<BR><BR>[Stack]<UL><LI>Max Depth = 284<LI>Call Chain = lfs_fs_parent &rArr; lfs_dir_fetchmatch &rArr; lfs_bd_read &rArr; lfs_alignup &rArr; __aeabi_uidivmod
</UL>
<BR>[Calls]<UL><LI><a href="#[9e]">&gt;&gt;</a>&nbsp;&nbsp;&nbsp;lfs_pair_isnull
<LI><a href="#[a0]">&gt;&gt;</a>&nbsp;&nbsp;&nbsp;lfs_dir_fetchmatch
</UL>
<BR>[Called By]<UL><LI><a href="#[9f]">&gt;&gt;</a>&nbsp;&nbsp;&nbsp;lfs_fs_relocate
<LI><a href="#[b9]">&gt;&gt;</a>&nbsp;&nbsp;&nbsp;lfs_fs_deorphan
</UL>

<P><STRONG><a name="[23]"></a>lfs_fs_parent_match</STRONG> (Thumb, 64 bytes, Stack size 40 bytes, lfs.o(i.lfs_fs_parent_match))
<BR><BR>[Stack]<UL><LI>Max Depth = 132<LI>Call Chain = lfs_fs_parent_match &rArr; lfs_bd_read &rArr; lfs_alignup &rArr; __aeabi_uidivmod
</UL>
<BR>[Calls]<UL><LI><a href="#[8b]">&gt;&gt;</a>&nbsp;&nbsp;&nbsp;lfs_pair_fromle32
<LI><a href="#[87]">&gt;&gt;</a>&nbsp;&nbsp;&nbsp;lfs_pair_cmp
<LI><a href="#[74]">&gt;&gt;</a>&nbsp;&nbsp;&nbsp;lfs_bd_read
</UL>
<BR>[Address Reference Count : 1]<UL><LI> lfs.o(i.lfs_fs_parent)
</UL>
<P><STRONG><a name="[8c]"></a>lfs_fs_pred</STRONG> (Thumb, 82 bytes, Stack size 32 bytes, lfs.o(i.lfs_fs_pred))
<BR><BR>[Stack]<UL><LI>Max Depth = 276<LI>Call Chain = lfs_fs_pred &rArr; lfs_dir_fetch &rArr; lfs_dir_fetchmatch &rArr; lfs_bd_read &rArr; lfs_alignup &rArr; __aeabi_uidivmod
</UL>
<BR>[Calls]<UL><LI><a href="#[9e]">&gt;&gt;</a>&nbsp;&nbsp;&nbsp;lfs_pair_isnull
<LI><a href="#[87]">&gt;&gt;</a>&nbsp;&nbsp;&nbsp;lfs_pair_cmp
<LI><a href="#[97]">&gt;&gt;</a>&nbsp;&nbsp;&nbsp;lfs_dir_fetch
</UL>
<BR>[Called By]<UL><LI><a href="#[9f]">&gt;&gt;</a>&nbsp;&nbsp;&nbsp;lfs_fs_relocate
<LI><a href="#[86]">&gt;&gt;</a>&nbsp;&nbsp;&nbsp;lfs_dir_commit
</UL>

<P><STRONG><a name="[b8]"></a>lfs_fs_prepmove</STRONG> (Thumb, 48 bytes, Stack size 16 bytes, lfs.o(i.lfs_fs_prepmove))
<BR><BR>[Stack]<UL><LI>Max Depth = 16<LI>Call Chain = lfs_fs_prepmove
</UL>
<BR>[Called By]<UL><LI><a href="#[9f]">&gt;&gt;</a>&nbsp;&nbsp;&nbsp;lfs_fs_relocate
<LI><a href="#[b6]">&gt;&gt;</a>&nbsp;&nbsp;&nbsp;lfs_fs_demove
</UL>

<P><STRONG><a name="[bb]"></a>lfs_fs_preporphans</STRONG> (Thumb, 26 bytes, Stack size 0 bytes, lfs.o(i.lfs_fs_preporphans))
<BR><BR>[Called By]<UL><LI><a href="#[9f]">&gt;&gt;</a>&nbsp;&nbsp;&nbsp;lfs_fs_relocate
<LI><a href="#[b9]">&gt;&gt;</a>&nbsp;&nbsp;&nbsp;lfs_fs_deorphan
</UL>

<P><STRONG><a name="[9d]"></a>lfs_fs_rawsize</STRONG> (Thumb, 24 bytes, Stack size 8 bytes, lfs.o(i.lfs_fs_rawsize))
<BR><BR>[Stack]<UL><LI>Max Depth = 348<LI>Call Chain = lfs_fs_rawsize &rArr; lfs_fs_rawtraverse &rArr; lfs_dir_fetch &rArr; lfs_dir_fetchmatch &rArr; lfs_bd_read &rArr; lfs_alignup &rArr; __aeabi_uidivmod
</UL>
<BR>[Calls]<UL><LI><a href="#[71]">&gt;&gt;</a>&nbsp;&nbsp;&nbsp;lfs_fs_rawtraverse
</UL>
<BR>[Called By]<UL><LI><a href="#[96]">&gt;&gt;</a>&nbsp;&nbsp;&nbsp;lfs_dir_compact
</UL>

<P><STRONG><a name="[71]"></a>lfs_fs_rawtraverse</STRONG> (Thumb, 322 bytes, Stack size 96 bytes, lfs.o(i.lfs_fs_rawtraverse))
<BR><BR>[Stack]<UL><LI>Max Depth = 340<LI>Call Chain = lfs_fs_rawtraverse &rArr; lfs_dir_fetch &rArr; lfs_dir_fetchmatch &rArr; lfs_bd_read &rArr; lfs_alignup &rArr; __aeabi_uidivmod
</UL>
<BR>[Calls]<UL><LI><a href="#[9e]">&gt;&gt;</a>&nbsp;&nbsp;&nbsp;lfs_pair_isnull
<LI><a href="#[a6]">&gt;&gt;</a>&nbsp;&nbsp;&nbsp;lfs_dir_get
<LI><a href="#[97]">&gt;&gt;</a>&nbsp;&nbsp;&nbsp;lfs_dir_fetch
<LI><a href="#[84]">&gt;&gt;</a>&nbsp;&nbsp;&nbsp;lfs_ctz_traverse
<LI><a href="#[82]">&gt;&gt;</a>&nbsp;&nbsp;&nbsp;lfs_ctz_fromle32
<LI><a href="#[8a]">&gt;&gt;</a>&nbsp;&nbsp;&nbsp;__aeabi_memcpy4
</UL>
<BR>[Called By]<UL><LI><a href="#[9d]">&gt;&gt;</a>&nbsp;&nbsp;&nbsp;lfs_fs_rawsize
<LI><a href="#[6f]">&gt;&gt;</a>&nbsp;&nbsp;&nbsp;lfs_alloc
</UL>

<P><STRONG><a name="[9f]"></a>lfs_fs_relocate</STRONG> (Thumb, 436 bytes, Stack size 96 bytes, lfs.o(i.lfs_fs_relocate))
<BR><BR>[Stack]<UL><LI>Max Depth = 380 + In Cycle
<LI>Call Chain = lfs_fs_relocate &rArr;  lfs_dir_commit (Cycle)
</UL>
<BR>[Calls]<UL><LI><a href="#[8e]">&gt;&gt;</a>&nbsp;&nbsp;&nbsp;lfs_pair_tole32
<LI><a href="#[8b]">&gt;&gt;</a>&nbsp;&nbsp;&nbsp;lfs_pair_fromle32
<LI><a href="#[87]">&gt;&gt;</a>&nbsp;&nbsp;&nbsp;lfs_pair_cmp
<LI><a href="#[a2]">&gt;&gt;</a>&nbsp;&nbsp;&nbsp;lfs_gstate_hasmovehere
<LI><a href="#[bb]">&gt;&gt;</a>&nbsp;&nbsp;&nbsp;lfs_fs_preporphans
<LI><a href="#[b8]">&gt;&gt;</a>&nbsp;&nbsp;&nbsp;lfs_fs_prepmove
<LI><a href="#[8c]">&gt;&gt;</a>&nbsp;&nbsp;&nbsp;lfs_fs_pred
<LI><a href="#[ba]">&gt;&gt;</a>&nbsp;&nbsp;&nbsp;lfs_fs_parent
<LI><a href="#[86]">&gt;&gt;</a>&nbsp;&nbsp;&nbsp;lfs_dir_commit
<LI><a href="#[60]">&gt;&gt;</a>&nbsp;&nbsp;&nbsp;__2printf
</UL>
<BR>[Called By]<UL><LI><a href="#[96]">&gt;&gt;</a>&nbsp;&nbsp;&nbsp;lfs_dir_compact
</UL>

<P><STRONG><a name="[24]"></a>lfs_fs_size_count</STRONG> (Thumb, 10 bytes, Stack size 0 bytes, lfs.o(i.lfs_fs_size_count))
<BR>[Address Reference Count : 1]<UL><LI> lfs.o(i.lfs_fs_rawsize)
</UL>
<P><STRONG><a name="[b7]"></a>lfs_gstate_hasmove</STRONG> (Thumb, 12 bytes, Stack size 0 bytes, lfs.o(i.lfs_gstate_hasmove))
<BR><BR>[Called By]<UL><LI><a href="#[b6]">&gt;&gt;</a>&nbsp;&nbsp;&nbsp;lfs_fs_demove
</UL>

<P><STRONG><a name="[a2]"></a>lfs_gstate_hasmovehere</STRONG> (Thumb, 36 bytes, Stack size 16 bytes, lfs.o(i.lfs_gstate_hasmovehere))
<BR><BR>[Stack]<UL><LI>Max Depth = 16<LI>Call Chain = lfs_gstate_hasmovehere
</UL>
<BR>[Calls]<UL><LI><a href="#[a1]">&gt;&gt;</a>&nbsp;&nbsp;&nbsp;lfs_tag_type1
<LI><a href="#[87]">&gt;&gt;</a>&nbsp;&nbsp;&nbsp;lfs_pair_cmp
</UL>
<BR>[Called By]<UL><LI><a href="#[9f]">&gt;&gt;</a>&nbsp;&nbsp;&nbsp;lfs_fs_relocate
<LI><a href="#[a8]">&gt;&gt;</a>&nbsp;&nbsp;&nbsp;lfs_dir_getslice
<LI><a href="#[a0]">&gt;&gt;</a>&nbsp;&nbsp;&nbsp;lfs_dir_fetchmatch
</UL>

<P><STRONG><a name="[91]"></a>lfs_gstate_iszero</STRONG> (Thumb, 24 bytes, Stack size 0 bytes, lfs.o(i.lfs_gstate_iszero))
<BR><BR>[Called By]<UL><LI><a href="#[96]">&gt;&gt;</a>&nbsp;&nbsp;&nbsp;lfs_dir_compact
<LI><a href="#[86]">&gt;&gt;</a>&nbsp;&nbsp;&nbsp;lfs_dir_commit
</UL>

<P><STRONG><a name="[93]"></a>lfs_gstate_tole32</STRONG> (Thumb, 30 bytes, Stack size 8 bytes, lfs.o(i.lfs_gstate_tole32))
<BR><BR>[Stack]<UL><LI>Max Depth = 24<LI>Call Chain = lfs_gstate_tole32 &rArr; lfs_tole32 &rArr; lfs_fromle32
</UL>
<BR>[Calls]<UL><LI><a href="#[7f]">&gt;&gt;</a>&nbsp;&nbsp;&nbsp;lfs_tole32
</UL>
<BR>[Called By]<UL><LI><a href="#[96]">&gt;&gt;</a>&nbsp;&nbsp;&nbsp;lfs_dir_compact
<LI><a href="#[86]">&gt;&gt;</a>&nbsp;&nbsp;&nbsp;lfs_dir_commit
</UL>

<P><STRONG><a name="[90]"></a>lfs_gstate_xor</STRONG> (Thumb, 22 bytes, Stack size 12 bytes, lfs.o(i.lfs_gstate_xor))
<BR><BR>[Stack]<UL><LI>Max Depth = 12<LI>Call Chain = lfs_gstate_xor
</UL>
<BR>[Called By]<UL><LI><a href="#[92]">&gt;&gt;</a>&nbsp;&nbsp;&nbsp;lfs_dir_getgstate
<LI><a href="#[96]">&gt;&gt;</a>&nbsp;&nbsp;&nbsp;lfs_dir_compact
<LI><a href="#[86]">&gt;&gt;</a>&nbsp;&nbsp;&nbsp;lfs_dir_commit
</UL>

<P><STRONG><a name="[70]"></a>lfs_min</STRONG> (Thumb, 8 bytes, Stack size 0 bytes, lfs.o(i.lfs_min))
<BR><BR>[Called By]<UL><LI><a href="#[ad]">&gt;&gt;</a>&nbsp;&nbsp;&nbsp;lfs_file_rawwrite
<LI><a href="#[af]">&gt;&gt;</a>&nbsp;&nbsp;&nbsp;lfs_file_rawopencfg
<LI><a href="#[a8]">&gt;&gt;</a>&nbsp;&nbsp;&nbsp;lfs_dir_getslice
<LI><a href="#[a9]">&gt;&gt;</a>&nbsp;&nbsp;&nbsp;lfs_dir_getread
<LI><a href="#[21]">&gt;&gt;</a>&nbsp;&nbsp;&nbsp;lfs_dir_find_match
<LI><a href="#[a0]">&gt;&gt;</a>&nbsp;&nbsp;&nbsp;lfs_dir_fetchmatch
<LI><a href="#[96]">&gt;&gt;</a>&nbsp;&nbsp;&nbsp;lfs_dir_compact
<LI><a href="#[81]">&gt;&gt;</a>&nbsp;&nbsp;&nbsp;lfs_ctz_find
<LI><a href="#[74]">&gt;&gt;</a>&nbsp;&nbsp;&nbsp;lfs_bd_read
<LI><a href="#[6f]">&gt;&gt;</a>&nbsp;&nbsp;&nbsp;lfs_alloc
</UL>

<P><STRONG><a name="[b1]"></a>lfs_mlist_remove</STRONG> (Thumb, 24 bytes, Stack size 0 bytes, lfs.o(i.lfs_mlist_remove))
<BR><BR>[Called By]<UL><LI><a href="#[ab]">&gt;&gt;</a>&nbsp;&nbsp;&nbsp;lfs_file_rawclose
</UL>

<P><STRONG><a name="[87]"></a>lfs_pair_cmp</STRONG> (Thumb, 32 bytes, Stack size 0 bytes, lfs.o(i.lfs_pair_cmp))
<BR><BR>[Called By]<UL><LI><a href="#[a2]">&gt;&gt;</a>&nbsp;&nbsp;&nbsp;lfs_gstate_hasmovehere
<LI><a href="#[9f]">&gt;&gt;</a>&nbsp;&nbsp;&nbsp;lfs_fs_relocate
<LI><a href="#[8c]">&gt;&gt;</a>&nbsp;&nbsp;&nbsp;lfs_fs_pred
<LI><a href="#[23]">&gt;&gt;</a>&nbsp;&nbsp;&nbsp;lfs_fs_parent_match
<LI><a href="#[9c]">&gt;&gt;</a>&nbsp;&nbsp;&nbsp;lfs_dir_split
<LI><a href="#[96]">&gt;&gt;</a>&nbsp;&nbsp;&nbsp;lfs_dir_compact
<LI><a href="#[86]">&gt;&gt;</a>&nbsp;&nbsp;&nbsp;lfs_dir_commit
</UL>

<P><STRONG><a name="[8b]"></a>lfs_pair_fromle32</STRONG> (Thumb, 22 bytes, Stack size 8 bytes, lfs.o(i.lfs_pair_fromle32))
<BR><BR>[Stack]<UL><LI>Max Depth = 16<LI>Call Chain = lfs_pair_fromle32 &rArr; lfs_fromle32
</UL>
<BR>[Calls]<UL><LI><a href="#[80]">&gt;&gt;</a>&nbsp;&nbsp;&nbsp;lfs_fromle32
</UL>
<BR>[Called By]<UL><LI><a href="#[9f]">&gt;&gt;</a>&nbsp;&nbsp;&nbsp;lfs_fs_relocate
<LI><a href="#[23]">&gt;&gt;</a>&nbsp;&nbsp;&nbsp;lfs_fs_parent_match
<LI><a href="#[b9]">&gt;&gt;</a>&nbsp;&nbsp;&nbsp;lfs_fs_deorphan
<LI><a href="#[a3]">&gt;&gt;</a>&nbsp;&nbsp;&nbsp;lfs_dir_find
<LI><a href="#[a0]">&gt;&gt;</a>&nbsp;&nbsp;&nbsp;lfs_dir_fetchmatch
<LI><a href="#[8d]">&gt;&gt;</a>&nbsp;&nbsp;&nbsp;lfs_dir_drop
<LI><a href="#[96]">&gt;&gt;</a>&nbsp;&nbsp;&nbsp;lfs_dir_compact
<LI><a href="#[86]">&gt;&gt;</a>&nbsp;&nbsp;&nbsp;lfs_dir_commit
</UL>

<P><STRONG><a name="[9e]"></a>lfs_pair_isnull</STRONG> (Thumb, 20 bytes, Stack size 0 bytes, lfs.o(i.lfs_pair_isnull))
<BR><BR>[Called By]<UL><LI><a href="#[71]">&gt;&gt;</a>&nbsp;&nbsp;&nbsp;lfs_fs_rawtraverse
<LI><a href="#[8c]">&gt;&gt;</a>&nbsp;&nbsp;&nbsp;lfs_fs_pred
<LI><a href="#[ba]">&gt;&gt;</a>&nbsp;&nbsp;&nbsp;lfs_fs_parent
<LI><a href="#[b9]">&gt;&gt;</a>&nbsp;&nbsp;&nbsp;lfs_fs_deorphan
<LI><a href="#[b0]">&gt;&gt;</a>&nbsp;&nbsp;&nbsp;lfs_file_rawsync
<LI><a href="#[96]">&gt;&gt;</a>&nbsp;&nbsp;&nbsp;lfs_dir_compact
</UL>

<P><STRONG><a name="[8e]"></a>lfs_pair_tole32</STRONG> (Thumb, 22 bytes, Stack size 8 bytes, lfs.o(i.lfs_pair_tole32))
<BR><BR>[Stack]<UL><LI>Max Depth = 24<LI>Call Chain = lfs_pair_tole32 &rArr; lfs_tole32 &rArr; lfs_fromle32
</UL>
<BR>[Calls]<UL><LI><a href="#[7f]">&gt;&gt;</a>&nbsp;&nbsp;&nbsp;lfs_tole32
</UL>
<BR>[Called By]<UL><LI><a href="#[9f]">&gt;&gt;</a>&nbsp;&nbsp;&nbsp;lfs_fs_relocate
<LI><a href="#[b9]">&gt;&gt;</a>&nbsp;&nbsp;&nbsp;lfs_fs_deorphan
<LI><a href="#[8d]">&gt;&gt;</a>&nbsp;&nbsp;&nbsp;lfs_dir_drop
<LI><a href="#[96]">&gt;&gt;</a>&nbsp;&nbsp;&nbsp;lfs_dir_compact
<LI><a href="#[86]">&gt;&gt;</a>&nbsp;&nbsp;&nbsp;lfs_dir_commit
</UL>

<P><STRONG><a name="[83]"></a>lfs_popc</STRONG> (Thumb, 42 bytes, Stack size 0 bytes, lfs.o(i.lfs_popc))
<BR><BR>[Called By]<UL><LI><a href="#[7e]">&gt;&gt;</a>&nbsp;&nbsp;&nbsp;lfs_ctz_index
</UL>

<P><STRONG><a name="[bc]"></a>lfs_rawunmount</STRONG> (Thumb, 8 bytes, Stack size 8 bytes, lfs.o(i.lfs_rawunmount))
<BR><BR>[Stack]<UL><LI>Max Depth = 8<LI>Call Chain = lfs_rawunmount
</UL>
<BR>[Calls]<UL><LI><a href="#[bd]">&gt;&gt;</a>&nbsp;&nbsp;&nbsp;lfs_deinit
</UL>
<BR>[Called By]<UL><LI><a href="#[5e]">&gt;&gt;</a>&nbsp;&nbsp;&nbsp;lfs_unmount
</UL>

<P><STRONG><a name="[98]"></a>lfs_tag_dsize</STRONG> (Thumb, 18 bytes, Stack size 8 bytes, lfs.o(i.lfs_tag_dsize))
<BR><BR>[Stack]<UL><LI>Max Depth = 8<LI>Call Chain = lfs_tag_dsize
</UL>
<BR>[Calls]<UL><LI><a href="#[aa]">&gt;&gt;</a>&nbsp;&nbsp;&nbsp;lfs_tag_isdelete
</UL>
<BR>[Called By]<UL><LI><a href="#[8f]">&gt;&gt;</a>&nbsp;&nbsp;&nbsp;lfs_dir_traverse
<LI><a href="#[a8]">&gt;&gt;</a>&nbsp;&nbsp;&nbsp;lfs_dir_getslice
<LI><a href="#[a0]">&gt;&gt;</a>&nbsp;&nbsp;&nbsp;lfs_dir_fetchmatch
<LI><a href="#[94]">&gt;&gt;</a>&nbsp;&nbsp;&nbsp;lfs_dir_commitattr
<LI><a href="#[20]">&gt;&gt;</a>&nbsp;&nbsp;&nbsp;lfs_dir_commit_size
</UL>

<P><STRONG><a name="[aa]"></a>lfs_tag_isdelete</STRONG> (Thumb, 16 bytes, Stack size 0 bytes, lfs.o(i.lfs_tag_isdelete))
<BR><BR>[Called By]<UL><LI><a href="#[98]">&gt;&gt;</a>&nbsp;&nbsp;&nbsp;lfs_tag_dsize
<LI><a href="#[22]">&gt;&gt;</a>&nbsp;&nbsp;&nbsp;lfs_dir_traverse_filter
<LI><a href="#[a8]">&gt;&gt;</a>&nbsp;&nbsp;&nbsp;lfs_dir_getslice
</UL>

<P><STRONG><a name="[a1]"></a>lfs_tag_type1</STRONG> (Thumb, 10 bytes, Stack size 0 bytes, lfs.o(i.lfs_tag_type1))
<BR><BR>[Called By]<UL><LI><a href="#[a2]">&gt;&gt;</a>&nbsp;&nbsp;&nbsp;lfs_gstate_hasmovehere
<LI><a href="#[22]">&gt;&gt;</a>&nbsp;&nbsp;&nbsp;lfs_dir_traverse_filter
<LI><a href="#[a8]">&gt;&gt;</a>&nbsp;&nbsp;&nbsp;lfs_dir_getslice
<LI><a href="#[a0]">&gt;&gt;</a>&nbsp;&nbsp;&nbsp;lfs_dir_fetchmatch
</UL>

<P><STRONG><a name="[7f]"></a>lfs_tole32</STRONG> (Thumb, 8 bytes, Stack size 8 bytes, lfs.o(i.lfs_tole32))
<BR><BR>[Stack]<UL><LI>Max Depth = 16<LI>Call Chain = lfs_tole32 &rArr; lfs_fromle32
</UL>
<BR>[Calls]<UL><LI><a href="#[80]">&gt;&gt;</a>&nbsp;&nbsp;&nbsp;lfs_fromle32
</UL>
<BR>[Called By]<UL><LI><a href="#[8e]">&gt;&gt;</a>&nbsp;&nbsp;&nbsp;lfs_pair_tole32
<LI><a href="#[93]">&gt;&gt;</a>&nbsp;&nbsp;&nbsp;lfs_gstate_tole32
<LI><a href="#[b0]">&gt;&gt;</a>&nbsp;&nbsp;&nbsp;lfs_file_rawsync
<LI><a href="#[a0]">&gt;&gt;</a>&nbsp;&nbsp;&nbsp;lfs_dir_fetchmatch
<LI><a href="#[96]">&gt;&gt;</a>&nbsp;&nbsp;&nbsp;lfs_dir_compact
<LI><a href="#[95]">&gt;&gt;</a>&nbsp;&nbsp;&nbsp;lfs_dir_commitcrc
<LI><a href="#[7c]">&gt;&gt;</a>&nbsp;&nbsp;&nbsp;lfs_ctz_extend
</UL>

<P><STRONG><a name="[35]"></a>__NVIC_SetPriority</STRONG> (Thumb, 60 bytes, Stack size 0 bytes, stm32f0xx_hal_cortex.o(i.__NVIC_SetPriority))
<BR><BR>[Called By]<UL><LI><a href="#[33]">&gt;&gt;</a>&nbsp;&nbsp;&nbsp;HAL_SYSTICK_Config
<LI><a href="#[34]">&gt;&gt;</a>&nbsp;&nbsp;&nbsp;HAL_NVIC_SetPriority
</UL>

<P><STRONG><a name="[4a]"></a>_printf_core</STRONG> (Thumb, 1020 bytes, Stack size 104 bytes, printf8.o(i._printf_core), UNUSED)
<BR><BR>[Calls]<UL><LI><a href="#[29]">&gt;&gt;</a>&nbsp;&nbsp;&nbsp;__aeabi_uldivmod
<LI><a href="#[51]">&gt;&gt;</a>&nbsp;&nbsp;&nbsp;_printf_pre_padding
<LI><a href="#[52]">&gt;&gt;</a>&nbsp;&nbsp;&nbsp;_printf_post_padding
</UL>
<BR>[Called By]<UL><LI><a href="#[49]">&gt;&gt;</a>&nbsp;&nbsp;&nbsp;__0printf$8
</UL>

<P><STRONG><a name="[52]"></a>_printf_post_padding</STRONG> (Thumb, 32 bytes, Stack size 24 bytes, printf8.o(i._printf_post_padding), UNUSED)
<BR><BR>[Called By]<UL><LI><a href="#[4a]">&gt;&gt;</a>&nbsp;&nbsp;&nbsp;_printf_core
</UL>

<P><STRONG><a name="[51]"></a>_printf_pre_padding</STRONG> (Thumb, 44 bytes, Stack size 40 bytes, printf8.o(i._printf_pre_padding), UNUSED)
<BR><BR>[Called By]<UL><LI><a href="#[4a]">&gt;&gt;</a>&nbsp;&nbsp;&nbsp;_printf_core
</UL>
<P>
<H3>
Undefined Global Symbols
</H3><HR></body></html>
