Component: ARM Compiler 5.06 update 6 (build 750) Tool: armlink [4d35ed]

==============================================================================

Section Cross References

    startup_stm32f030x6.o(RESET) refers to startup_stm32f030x6.o(STACK) for __initial_sp
    startup_stm32f030x6.o(RESET) refers to startup_stm32f030x6.o(.text) for Reset_Handler
    startup_stm32f030x6.o(RESET) refers to stm32f0xx_it.o(i.NMI_Handler) for NMI_Handler
    startup_stm32f030x6.o(RESET) refers to stm32f0xx_it.o(i.HardFault_Handler) for HardFault_Handler
    startup_stm32f030x6.o(RESET) refers to stm32f0xx_it.o(i.SVC_Handler) for SVC_Handler
    startup_stm32f030x6.o(RESET) refers to stm32f0xx_it.o(i.PendSV_Handler) for PendSV_Handler
    startup_stm32f030x6.o(RESET) refers to stm32f0xx_it.o(i.SysTick_Handler) for SysTick_Handler
    startup_stm32f030x6.o(RESET) refers to stm32f0xx_it.o(i.DMA1_Channel2_3_IRQHandler) for DMA1_Channel2_3_IRQHandler
    startup_stm32f030x6.o(RESET) refers to stm32f0xx_it.o(i.TIM14_IRQHandler) for TIM14_IRQHandler
    startup_stm32f030x6.o(RESET) refers to stm32f0xx_it.o(i.USART1_IRQHandler) for USART1_IRQHandler
    startup_stm32f030x6.o(.text) refers to system_stm32f0xx.o(i.SystemInit) for SystemInit
    startup_stm32f030x6.o(.text) refers to entry.o(.ARM.Collect$$$$00000000) for __main
    main.o(i.hard_ini) refers to cortex_stm32f030.o(i.clock_ini) for clock_ini
    main.o(i.hard_ini) refers to cortex_stm32f030.o(i.dma_ini) for dma_ini
    main.o(i.hard_ini) refers to cortex_stm32f030.o(i.nvic_ini) for nvic_ini
    main.o(i.hard_ini) refers to stm32f0xx_hal.o(i.HAL_Init) for HAL_Init
    main.o(i.hard_ini) refers to gpio_stm32f030.o(i.gpio_ini) for gpio_ini
    main.o(i.hard_ini) refers to usart_stm32f030.o(i.USART_ini) for USART_ini
    main.o(i.hard_ini) refers to adc_stm32f030.o(i.adc_calibre) for adc_calibre
    main.o(i.hard_ini) refers to adc_stm32f030.o(i.adc_ini) for adc_ini
    main.o(i.hard_ini) refers to timer_stm32f030.o(i.tim14_ini) for tim14_ini
    main.o(i.hard_ini) refers to spi_stm32f030.o(i.spi_ini) for spi_ini
    main.o(i.hard_ini) refers to w25q.o(i.W25Q_ini) for W25Q_ini
    main.o(i.hard_ini) refers to touch_bs813.o(i.init_touch_led) for init_touch_led
    main.o(i.hard_ini) refers to usart_stm32f030.o(i.soft_uart_ini) for soft_uart_ini
    main.o(i.main) refers to main.o(i.hard_ini) for hard_ini
    main.o(i.main) refers to main.o(i.soft_ini) for soft_ini
    main.o(i.main) refers to bms_termostat.o(i.startup_lcd_picture) for startup_lcd_picture
    main.o(i.main) refers to bms_termostat.o(i.BMS_TERMOSTAT_INI) for BMS_TERMOSTAT_INI
    main.o(i.main) refers to usart_stm32f030.o(i.soft_uart_rx_check) for soft_uart_rx_check
    main.o(i.main) refers to bms_termostat.o(i.seting_set_point) for seting_set_point
    main.o(i.main) refers to bms_termostat.o(i.dark_mode_manage) for dark_mode_manage
    main.o(i.main) refers to pc_com_lcd.o(i.debuge_uart) for debuge_uart
    main.o(i.main) refers to main_esp.o(i.interupt_soft_uart) for interupt_soft_uart
    main.o(i.main) refers to main_esp.o(i.ESP_main) for ESP_main
    main.o(i.main) refers to main_esp.o(i.ESP_timer) for ESP_timer
    main.o(i.main) refers to main_esp.o(i.ESP_ini) for ESP_ini
    main.o(i.main) refers to main.o(.bss) for .bss
    main.o(i.soft_ini) refers to cpu_timer.o(i.ini_cpu_timer) for ini_cpu_timer
    main.o(i.soft_ini) refers to nokia1661_lcd_driver.o(i.nlcdInit) for nlcdInit
    main.o(i.user_provided_block_device_erase) refers to w25q.o(i.W25Q_EraseSector4KB) for W25Q_EraseSector4KB
    main.o(i.user_provided_block_device_prog) refers to w25q.o(i.W25Q_WritePage) for W25Q_WritePage
    main.o(i.user_provided_block_device_read) refers to w25q.o(i.W25Q_ReadPage) for W25Q_ReadPage
    main.o(.constdata) refers to main.o(i.user_provided_block_device_read) for user_provided_block_device_read
    main.o(.constdata) refers to main.o(i.user_provided_block_device_prog) for user_provided_block_device_prog
    main.o(.constdata) refers to main.o(i.user_provided_block_device_erase) for user_provided_block_device_erase
    main.o(.constdata) refers to main.o(i.user_provided_block_device_sync) for user_provided_block_device_sync
    main.o(.constdata) refers to main.o(.bss) for lfs_read_cache_buf
    main.o(.constdata) refers to main.o(.bss) for lfs_prog_cache_buf
    main.o(.constdata) refers to main.o(.bss) for lfs_lookahead_buf
    stm32f0xx_it.o(i.HardFault_Handler) refers to printfa.o(i.__0printf) for __2printf
    stm32f0xx_it.o(i.SysTick_Handler) refers to stm32f0xx_hal.o(i.HAL_IncTick) for HAL_IncTick
    stm32f0xx_it.o(i.SysTick_Handler) refers to cpu_timer.o(i.timer_basic_manager) for timer_basic_manager
    stm32f0xx_it.o(i.TIM14_IRQHandler) refers to cpu_timer.o(i.timer_second_manager) for timer_second_manager
    stm32f0xx_it.o(i.USART1_IRQHandler) refers to pc_com_lcd.o(i.uart_manager_interupt_rx) for uart_manager_interupt_rx
[...]
    Removing stm32f0xx_hal_i2c.o(i.I2C_ITListenCplt), (104 bytes).
    Removing stm32f0xx_hal_i2c.o(i.I2C_ITMasterCplt), (216 bytes).
    Removing stm32f0xx_hal_i2c.o(i.I2C_ITMasterSeqCplt), (70 bytes).
    Removing stm32f0xx_hal_i2c.o(i.I2C_ITSlaveCplt), (316 bytes).
    Removing stm32f0xx_hal_i2c.o(i.I2C_ITSlaveSeqCplt), (106 bytes).
    Removing stm32f0xx_hal_i2c.o(i.I2C_IsAcknowledgeFailed), (136 bytes).
    Removing stm32f0xx_hal_i2c.o(i.I2C_Master_ISR_DMA), (268 bytes).
    Removing stm32f0xx_hal_i2c.o(i.I2C_Master_ISR_IT), (304 bytes).
    Removing stm32f0xx_hal_i2c.o(i.I2C_RequestMemoryRead), (96 bytes).
    Removing stm32f0xx_hal_i2c.o(i.I2C_RequestMemoryWrite), (96 bytes).
    Removing stm32f0xx_hal_i2c.o(i.I2C_Slave_ISR_DMA), (274 bytes).
    Removing stm32f0xx_hal_i2c.o(i.I2C_Slave_ISR_IT), (304 bytes).
    Removing stm32f0xx_hal_i2c.o(i.I2C_TransferConfig), (40 bytes).
    Removing stm32f0xx_hal_i2c.o(i.I2C_TreatErrorCallback), (38 bytes).
    Removing stm32f0xx_hal_i2c.o(i.I2C_WaitOnFlagUntilTimeout), (78 bytes).
    Removing stm32f0xx_hal_i2c.o(i.I2C_WaitOnRXNEFlagUntilTimeout), (128 bytes).
    Removing stm32f0xx_hal_i2c.o(i.I2C_WaitOnSTOPFlagUntilTimeout), (76 bytes).
    Removing stm32f0xx_hal_i2c.o(i.I2C_WaitOnTXISFlagUntilTimeout), (80 bytes).
    Removing stm32f0xx_hal_i2c_ex.o(.rev16_text), (4 bytes).
    Removing stm32f0xx_hal_i2c_ex.o(.revsh_text), (4 bytes).
    Removing stm32f0xx_hal_i2c_ex.o(i.HAL_I2CEx_ConfigAnalogFilter), (74 bytes).
    Removing stm32f0xx_hal_i2c_ex.o(i.HAL_I2CEx_ConfigDigitalFilter), (72 bytes).
    Removing stm32f0xx_hal_i2c_ex.o(i.HAL_I2CEx_DisableFastModePlus), (36 bytes).
    Removing stm32f0xx_hal_i2c_ex.o(i.HAL_I2CEx_EnableFastModePlus), (36 bytes).
    Removing stm32f0xx_hal_gpio.o(.rev16_text), (4 bytes).
    Removing stm32f0xx_hal_gpio.o(.revsh_text), (4 bytes).
    Removing stm32f0xx_hal_gpio.o(i.HAL_GPIO_DeInit), (212 bytes).
    Removing stm32f0xx_hal_gpio.o(i.HAL_GPIO_EXTI_Callback), (2 bytes).
    Removing stm32f0xx_hal_gpio.o(i.HAL_GPIO_EXTI_IRQHandler), (24 bytes).
    Removing stm32f0xx_hal_gpio.o(i.HAL_GPIO_Init), (420 bytes).
    Removing stm32f0xx_hal_gpio.o(i.HAL_GPIO_LockPin), (36 bytes).
    Removing stm32f0xx_hal_gpio.o(i.HAL_GPIO_ReadPin), (10 bytes).
    Removing stm32f0xx_hal_gpio.o(i.HAL_GPIO_TogglePin), (16 bytes).
    Removing stm32f0xx_hal_gpio.o(i.HAL_GPIO_WritePin), (12 bytes).
    Removing stm32f0xx_hal_dma.o(.rev16_text), (4 bytes).
    Removing stm32f0xx_hal_dma.o(.revsh_text), (4 bytes).
    Removing stm32f0xx_hal_dma.o(i.DMA_CalcBaseAndBitshift), (36 bytes).
    Removing stm32f0xx_hal_dma.o(i.DMA_SetConfig), (40 bytes).
    Removing stm32f0xx_hal_dma.o(i.HAL_DMA_Abort), (64 bytes).
    Removing stm32f0xx_hal_dma.o(i.HAL_DMA_Abort_IT), (72 bytes).
    Removing stm32f0xx_hal_dma.o(i.HAL_DMA_DeInit), (74 bytes).
    Removing stm32f0xx_hal_dma.o(i.HAL_DMA_GetError), (4 bytes).
    Removing stm32f0xx_hal_dma.o(i.HAL_DMA_GetState), (6 bytes).
    Removing stm32f0xx_hal_dma.o(i.HAL_DMA_IRQHandler), (156 bytes).
    Removing stm32f0xx_hal_dma.o(i.HAL_DMA_Init), (84 bytes).
    Removing stm32f0xx_hal_dma.o(i.HAL_DMA_PollForTransfer), (176 bytes).
    Removing stm32f0xx_hal_dma.o(i.HAL_DMA_RegisterCallback), (72 bytes).
    Removing stm32f0xx_hal_dma.o(i.HAL_DMA_Start), (74 bytes).
    Removing stm32f0xx_hal_dma.o(i.HAL_DMA_Start_IT), (106 bytes).
    Removing stm32f0xx_hal_dma.o(i.HAL_DMA_UnRegisterCallback), (78 bytes).
    Removing stm32f0xx_hal_cortex.o(.rev16_text), (4 bytes).
    Removing stm32f0xx_hal_cortex.o(.revsh_text), (4 bytes).
    Removing stm32f0xx_hal_cortex.o(i.HAL_NVIC_ClearPendingIRQ), (24 bytes).
    Removing stm32f0xx_hal_cortex.o(i.HAL_NVIC_DisableIRQ), (32 bytes).
    Removing stm32f0xx_hal_cortex.o(i.HAL_NVIC_EnableIRQ), (24 bytes).
    Removing stm32f0xx_hal_cortex.o(i.HAL_NVIC_GetPendingIRQ), (32 bytes).
    Removing stm32f0xx_hal_cortex.o(i.HAL_NVIC_GetPriority), (52 bytes).
    Removing stm32f0xx_hal_cortex.o(i.HAL_NVIC_SetPendingIRQ), (24 bytes).
    Removing stm32f0xx_hal_cortex.o(i.HAL_NVIC_SystemReset), (28 bytes).
    Removing stm32f0xx_hal_cortex.o(i.HAL_SYSTICK_CLKSourceConfig), (24 bytes).
    Removing stm32f0xx_hal_cortex.o(i.HAL_SYSTICK_Callback), (2 bytes).
    Removing stm32f0xx_hal_cortex.o(i.HAL_SYSTICK_IRQHandler), (8 bytes).
    Removing stm32f0xx_hal_pwr.o(.rev16_text), (4 bytes).
    Removing stm32f0xx_hal_pwr.o(.revsh_text), (4 bytes).
    Removing stm32f0xx_hal_pwr.o(i.HAL_PWR_DeInit), (24 bytes).
    Removing stm32f0xx_hal_pwr.o(i.HAL_PWR_DisableBkUpAccess), (16 bytes).
    Removing stm32f0xx_hal_pwr.o(i.HAL_PWR_DisableSEVOnPend), (16 bytes).
    Removing stm32f0xx_hal_pwr.o(i.HAL_PWR_DisableSleepOnExit), (16 bytes).
    Removing stm32f0xx_hal_pwr.o(i.HAL_PWR_DisableWakeUpPin), (16 bytes).
    Removing stm32f0xx_hal_pwr.o(i.HAL_PWR_EnableBkUpAccess), (16 bytes).
    Removing stm32f0xx_hal_pwr.o(i.HAL_PWR_EnableSEVOnPend), (16 bytes).
    Removing stm32f0xx_hal_pwr.o(i.HAL_PWR_EnableSleepOnExit), (16 bytes).
    Removing stm32f0xx_hal_pwr.o(i.HAL_PWR_EnableWakeUpPin), (16 bytes).
    Removing stm32f0xx_hal_pwr.o(i.HAL_PWR_EnterSLEEPMode), (32 bytes).
    Removing stm32f0xx_hal_pwr.o(i.HAL_PWR_EnterSTANDBYMode), (32 bytes).
    Removing stm32f0xx_hal_pwr.o(i.HAL_PWR_EnterSTOPMode), (52 bytes).
    Removing stm32f0xx_hal_pwr_ex.o(.rev16_text), (4 bytes).
    Removing stm32f0xx_hal_pwr_ex.o(.revsh_text), (4 bytes).
    Removing stm32f0xx_hal_flash.o(.rev16_text), (4 bytes).
    Removing stm32f0xx_hal_flash.o(.revsh_text), (4 bytes).
    Removing stm32f0xx_hal_flash.o(i.FLASH_Program_HalfWord), (32 bytes).
    Removing stm32f0xx_hal_flash.o(i.FLASH_SetErrorCode), (56 bytes).
    Removing stm32f0xx_hal_flash.o(i.FLASH_WaitForLastOperation), (80 bytes).
    Removing stm32f0xx_hal_flash.o(i.HAL_FLASH_EndOfOperationCallback), (2 bytes).
    Removing stm32f0xx_hal_flash.o(i.HAL_FLASH_GetError), (12 bytes).
    Removing stm32f0xx_hal_flash.o(i.HAL_FLASH_IRQHandler), (268 bytes).
    Removing stm32f0xx_hal_flash.o(i.HAL_FLASH_Lock), (20 bytes).
    Removing stm32f0xx_hal_flash.o(i.HAL_FLASH_OB_Launch), (32 bytes).
    Removing stm32f0xx_hal_flash.o(i.HAL_FLASH_OB_Lock), (20 bytes).
    Removing stm32f0xx_hal_flash.o(i.HAL_FLASH_OB_Unlock), (36 bytes).
    Removing stm32f0xx_hal_flash.o(i.HAL_FLASH_OperationErrorCallback), (2 bytes).
    Removing stm32f0xx_hal_flash.o(i.HAL_FLASH_Program), (124 bytes).
    Removing stm32f0xx_hal_flash.o(i.HAL_FLASH_Program_IT), (100 bytes).
    Removing stm32f0xx_hal_flash.o(i.HAL_FLASH_Unlock), (40 bytes).
    Removing stm32f0xx_hal_flash.o(.bss), (32 bytes).
    Removing stm32f0xx_hal_flash_ex.o(.rev16_text), (4 bytes).
    Removing stm32f0xx_hal_flash_ex.o(.revsh_text), (4 bytes).
    Removing stm32f0xx_hal_flash_ex.o(i.FLASH_MassErase), (36 bytes).
    Removing stm32f0xx_hal_flash_ex.o(i.FLASH_OB_GetRDP), (32 bytes).
    Removing stm32f0xx_hal_flash_ex.o(i.FLASH_OB_RDP_LevelConfig), (96 bytes).
    Removing stm32f0xx_hal_flash_ex.o(i.FLASH_PageErase), (36 bytes).
    Removing stm32f0xx_hal_flash_ex.o(i.HAL_FLASHEx_Erase), (160 bytes).
    Removing stm32f0xx_hal_flash_ex.o(i.HAL_FLASHEx_Erase_IT), (88 bytes).
    Removing stm32f0xx_hal_flash_ex.o(i.HAL_FLASHEx_OBErase), (80 bytes).
    Removing stm32f0xx_hal_flash_ex.o(i.HAL_FLASHEx_OBGetConfig), (36 bytes).
    Removing stm32f0xx_hal_flash_ex.o(i.HAL_FLASHEx_OBGetUserData), (28 bytes).
    Removing stm32f0xx_hal_flash_ex.o(i.HAL_FLASHEx_OBProgram), (328 bytes).
    Removing stm32f0xx_hal_exti.o(.rev16_text), (4 bytes).
    Removing stm32f0xx_hal_exti.o(.revsh_text), (4 bytes).
    Removing stm32f0xx_hal_exti.o(i.HAL_EXTI_ClearConfigLine), (100 bytes).
    Removing stm32f0xx_hal_exti.o(i.HAL_EXTI_ClearPending), (20 bytes).
    Removing stm32f0xx_hal_exti.o(i.HAL_EXTI_GenerateSWI), (20 bytes).
    Removing stm32f0xx_hal_exti.o(i.HAL_EXTI_GetConfigLine), (136 bytes).
    Removing stm32f0xx_hal_exti.o(i.HAL_EXTI_GetHandle), (14 bytes).
    Removing stm32f0xx_hal_exti.o(i.HAL_EXTI_GetPending), (24 bytes).
    Removing stm32f0xx_hal_exti.o(i.HAL_EXTI_IRQHandler), (36 bytes).
    Removing stm32f0xx_hal_exti.o(i.HAL_EXTI_RegisterCallback), (16 bytes).
    Removing stm32f0xx_hal_exti.o(i.HAL_EXTI_SetConfigLine), (148 bytes).
    Removing system_stm32f0xx.o(.rev16_text), (4 bytes).
    Removing system_stm32f0xx.o(.revsh_text), (4 bytes).
    Removing system_stm32f0xx.o(i.SystemCoreClockUpdate), (108 bytes).
    Removing system_stm32f0xx.o(.constdata), (16 bytes).
    Removing system_stm32f0xx.o(.constdata), (8 bytes).
    Removing stm32f0xx_ll_gpio_2.o(.rev16_text), (4 bytes).
    Removing stm32f0xx_ll_gpio_2.o(.revsh_text), (4 bytes).
    Removing stm32f0xx_ll_gpio_2.o(i.LL_AHB1_GRP1_ForceReset), (16 bytes).
    Removing stm32f0xx_ll_gpio_2.o(i.LL_AHB1_GRP1_ReleaseReset), (16 bytes).
    Removing stm32f0xx_ll_gpio_2.o(i.LL_GPIO_DeInit), (96 bytes).
    Removing stm32f0xx_ll_gpio_2.o(i.LL_GPIO_StructInit), (24 bytes).
    Removing stm32f0xx_ll_utils_1.o(.rev16_text), (4 bytes).
    Removing stm32f0xx_ll_utils_1.o(.revsh_text), (4 bytes).
    Removing stm32f0xx_ll_utils_1.o(i.LL_PLL_ConfigSystemClock_HSE), (104 bytes).
    Removing stm32f0xx_ll_utils_1.o(i.LL_PLL_ConfigSystemClock_HSI), (84 bytes).
    Removing stm32f0xx_ll_utils_1.o(i.LL_RCC_PLL_ConfigDomain_SYS), (44 bytes).
    Removing stm32f0xx_ll_utils_1.o(i.LL_SetFlashLatency), (68 bytes).
    Removing stm32f0xx_ll_utils_1.o(i.UTILS_EnablePLLAndSwitchSystem), (152 bytes).
    Removing stm32f0xx_ll_utils_1.o(i.UTILS_GetPLLOutputFrequency), (24 bytes).
    Removing stm32f0xx_ll_utils_1.o(i.UTILS_PLL_IsBusy), (20 bytes).
    Removing retarget_io.o(i.__aeabi_assert), (140 bytes).
    Removing retarget_io.o(i.__backspace), (6 bytes).
    Removing retarget_io.o(i.abort), (2 bytes).
    Removing retarget_io.o(i.fgetc), (6 bytes).
    Removing stm32f0xx_hal_rcc.o(i.__ARM_common_ll_muluu), (48 bytes).
    Removing stm32f0xx_hal_dma.o(i.__ARM_common_switch8), (26 bytes).

540 unused section(s) (total 54181 bytes) removed from the image.

==============================================================================

Image Symbol Table

    Local Symbols

    Symbol Name                              Value     Ov Type        Size  Object(Section)

    ../Core/Src/main.c                       0x00000000   Number         0  main.o ABSOLUTE
    ../Core/Src/stm32f0xx_it.c               0x00000000   Number         0  stm32f0xx_it.o ABSOLUTE
    ../Core/Src/system_stm32f0xx.c           0x00000000   Number         0  system_stm32f0xx.o ABSOLUTE
    ../Drivers/STM32F0xx_HAL_Driver/Src/stm32f0xx_hal.c 0x00000000   Number         0  stm32f0xx_hal.o ABSOLUTE
    ../Drivers/STM32F0xx_HAL_Driver/Src/stm32f0xx_hal_cortex.c 0x00000000   Number         0  stm32f0xx_hal_cortex.o ABSOLUTE
    ../Drivers/STM32F0xx_HAL_Driver/Src/stm32f0xx_hal_dma.c 0x00000000   Number         0  stm32f0xx_hal_dma.o ABSOLUTE
    ../Drivers/STM32F0xx_HAL_Driver/Src/stm32f0xx_hal_exti.c 0x00000000   Number         0  stm32f0xx_hal_exti.o ABSOLUTE
    ../Drivers/STM32F0xx_HAL_Driver/Src/stm32f0xx_hal_flash.c 0x00000000   Number         0  stm32f0xx_hal_flash.o ABSOLUTE
    ../Drivers/STM32F0xx_HAL_Driver/Src/stm32f0xx_hal_flash_ex.c 0x00000000   Number         0  stm32f0xx_hal_flash_ex.o ABSOLUTE
    ../Drivers/STM32F0xx_HAL_Driver/Src/stm32f0xx_hal_gpio.c 0x00000000   Number         0  stm32f0xx_hal_gpio.o ABSOLUTE
    ../Drivers/STM32F0xx_HAL_Driver/Src/stm32f0xx_hal_i2c.c 0x00000000   Number         0  stm32f0xx_hal_i2c.o ABSOLUTE
    ../Drivers/STM32F0xx_HAL_Driver/Src/stm32f0xx_hal_i2c_ex.c 0x00000000   Number         0  stm32f0xx_hal_i2c_ex.o ABSOLUTE
    ../Drivers/STM32F0xx_HAL_Driver/Src/stm32f0xx_hal_pwr.c 0x00000000   Number         0  stm32f0xx_hal_pwr.o ABSOLUTE
    ../Drivers/STM32F0xx_HAL_Driver/Src/stm32f0xx_hal_pwr_ex.c 0x00000000   Number         0  stm32f0xx_hal_pwr_ex.o ABSOLUTE
    ../Drivers/STM32F0xx_HAL_Driver/Src/stm32f0xx_hal_rcc.c 0x00000000   Number         0  stm32f0xx_hal_rcc.o ABSOLUTE
    ../Drivers/STM32F0xx_HAL_Driver/Src/stm32f0xx_hal_rcc_ex.c 0x00000000   Number         0  stm32f0xx_hal_rcc_ex.o ABSOLUTE
    ../Drivers/STM32F0xx_HAL_Driver/Src/stm32f0xx_hal_tim.c 0x00000000   Number         0  stm32f0xx_hal_tim.o ABSOLUTE
    ../Drivers/STM32F0xx_HAL_Driver/Src/stm32f0xx_hal_tim_ex.c 0x00000000   Number         0  stm32f0xx_hal_tim_ex.o ABSOLUTE
    ../Drivers/STM32F0xx_HAL_Driver/Src/stm32f0xx_hal_uart.c 0x00000000   Number         0  stm32f0xx_hal_uart.o ABSOLUTE
    ../Drivers/STM32F0xx_HAL_Driver/Src/stm32f0xx_hal_uart_ex.c 0x00000000   Number         0  stm32f0xx_hal_uart_ex.o ABSOLUTE
    ../clib/microlib/ctype/ctype.c           0x00000000   Number         0  isupper_o.o ABSOLUTE
    ../clib/microlib/ctype/ctype.c           0x00000000   Number         0  isxdigit_o.o ABSOLUTE
    ../clib/microlib/ctype/ctype.c           0x00000000   Number         0  ispunct_o.o ABSOLUTE
    ../clib/microlib/ctype/ctype.c           0x00000000   Number         0  isprint_o.o ABSOLUTE
    ../clib/microlib/ctype/ctype.c           0x00000000   Number         0  islower_o.o ABSOLUTE
    ../clib/microlib/ctype/ctype.c           0x00000000   Number         0  isgraph_o.o ABSOLUTE
    ../clib/microlib/ctype/ctype.c           0x00000000   Number         0  isdigit_o.o ABSOLUTE
    ../clib/microlib/ctype/ctype.c           0x00000000   Number         0  iscntrl_o.o ABSOLUTE
    ../clib/microlib/ctype/ctype.c           0x00000000   Number         0  isblank_o.o ABSOLUTE
    ../clib/microlib/ctype/ctype.c           0x00000000   Number         0  isalpha_o.o ABSOLUTE
    ../clib/microlib/ctype/ctype.c           0x00000000   Number         0  isalnum_o.o ABSOLUTE
    ../clib/microlib/ctype/ctype.c           0x00000000   Number         0  ctype_o.o ABSOLUTE
    ../clib/microlib/ctype/ctype.c           0x00000000   Number         0  isspace_o.o ABSOLUTE
    ../clib/microlib/division.c              0x00000000   Number         0  idiv.o ABSOLUTE
    ../clib/microlib/division.c              0x00000000   Number         0  uidiv.o ABSOLUTE
    ../clib/microlib/division.c              0x00000000   Number         0  uldiv.o ABSOLUTE
    ../clib/microlib/errno.c                 0x00000000   Number         0  errno.o ABSOLUTE
    ../clib/microlib/init/entry.s            0x00000000   Number         0  entry.o ABSOLUTE
    ../clib/microlib/init/entry.s            0x00000000   Number         0  entry8b.o ABSOLUTE
    ../clib/microlib/init/entry.s            0x00000000   Number         0  entry8a.o ABSOLUTE
    ../clib/microlib/init/entry.s            0x00000000   Number         0  entry7a.o ABSOLUTE
    ../clib/microlib/init/entry.s            0x00000000   Number         0  entry5.o ABSOLUTE
    ../clib/microlib/init/entry.s            0x00000000   Number         0  entry2.o ABSOLUTE
    ../clib/microlib/init/entry.s            0x00000000   Number         0  entry7b.o ABSOLUTE
    ../clib/microlib/init/entry.s            0x00000000   Number         0  entry11b.o ABSOLUTE
    ../clib/microlib/init/entry.s            0x00000000   Number         0  entry11a.o ABSOLUTE
    ../clib/microlib/init/entry.s            0x00000000   Number         0  entry10b.o ABSOLUTE
    ../clib/microlib/init/entry.s            0x00000000   Number         0  entry10a.o ABSOLUTE
    ../clib/microlib/init/entry.s            0x00000000   Number         0  entry9b.o ABSOLUTE
    ../clib/microlib/init/entry.s            0x00000000   Number         0  entry9a.o ABSOLUTE
    ../clib/microlib/longlong.c              0x00000000   Number         0  llsshr.o ABSOLUTE
    ../clib/microlib/longlong.c              0x00000000   Number         0  llushr.o ABSOLUTE
    ../clib/microlib/longlong.c              0x00000000   Number         0  llshl.o ABSOLUTE
    ../clib/microlib/printf/printf.c         0x00000000   Number         0  printf5.o ABSOLUTE
    ../clib/microlib/printf/printf.c         0x00000000   Number         0  printf2.o ABSOLUTE
    ../clib/microlib/printf/printf.c         0x00000000   Number         0  printfa.o ABSOLUTE
    ../clib/microlib/printf/printf.c         0x00000000   Number         0  printf3.o ABSOLUTE
    ../clib/microlib/printf/printf.c         0x00000000   Number         0  printf4.o ABSOLUTE
    ../clib/microlib/printf/printf.c         0x00000000   Number         0  printf6.o ABSOLUTE
    ../clib/microlib/printf/printf.c         0x00000000   Number         0  printfb.o ABSOLUTE
    ../clib/microlib/printf/printf.c         0x00000000   Number         0  printf0.o ABSOLUTE
    ../clib/microlib/printf/printf.c         0x00000000   Number         0  printf7.o ABSOLUTE
    ../clib/microlib/printf/printf.c         0x00000000   Number         0  printf8.o ABSOLUTE
    ../clib/microlib/printf/printf.c         0x00000000   Number         0  printf1.o ABSOLUTE
    ../clib/microlib/printf/stubs.s          0x00000000   Number         0  stubs.o ABSOLUTE
    ../clib/microlib/stdio/fputs.c           0x00000000   Number         0  fputs_e.o ABSOLUTE
    ../clib/microlib/stdio/fputs.c           0x00000000   Number         0  fputs.o ABSOLUTE
    ../clib/microlib/stdio/streams.c         0x00000000   Number         0  stdout.o ABSOLUTE
    ../clib/microlib/stdio/streams.c         0x00000000   Number         0  stderr.o ABSOLUTE
    ../clib/microlib/string/memcmp.c         0x00000000   Number         0  memcmp.o ABSOLUTE
    ../clib/microlib/string/memcpy.c         0x00000000   Number         0  memcpya.o ABSOLUTE
    ../clib/microlib/string/memcpy.c         0x00000000   Number         0  memcpyb.o ABSOLUTE
    ../clib/microlib/string/memset.c         0x00000000   Number         0  memseta.o ABSOLUTE
    ../clib/microlib/string/strchr.c         0x00000000   Number         0  strchr.o ABSOLUTE
    ../clib/microlib/string/strcmp.c         0x00000000   Number         0  strcmp.o ABSOLUTE
    ../clib/microlib/string/strcpy.c         0x00000000   Number         0  strcpy.o ABSOLUTE
    ../clib/microlib/string/strcspn.c        0x00000000   Number         0  strcspn.o ABSOLUTE
    ../clib/microlib/string/strlen.c         0x00000000   Number         0  strlen.o ABSOLUTE
    ../clib/microlib/string/strspn.c         0x00000000   Number         0  strspn.o ABSOLUTE
    ../clib/microlib/stubs.s                 0x00000000   Number         0  iusefp.o ABSOLUTE
    ../clib/scanf.c                          0x00000000   Number         0  _chval.o ABSOLUTE
    ../clib/scanf.c                          0x00000000   Number         0  atoi.o ABSOLUTE
    ../clib/scanf.c                          0x00000000   Number         0  strtol.o ABSOLUTE
    ../clib/scanf.c                          0x00000000   Number         0  _strtoul.o ABSOLUTE
    ../fplib/microlib/fpadd.c                0x00000000   Number         0  dadd.o ABSOLUTE
    ../fplib/microlib/fpdiv.c                0x00000000   Number         0  ddiv.o ABSOLUTE
    ../fplib/microlib/fpepilogue.c           0x00000000   Number         0  depilogue.o ABSOLUTE
    ../fplib/microlib/fpfix.c                0x00000000   Number         0  dfixul.o ABSOLUTE
    ../fplib/microlib/fpmul.c                0x00000000   Number         0  dmul.o ABSOLUTE
    ..\Core\LIB\ESP\main_ESP.C               0x00000000   Number         0  main_esp.o ABSOLUTE
    ..\Core\LIB\FUN\BMS_TERMOSTAT.C          0x00000000   Number         0  bms_termostat.o ABSOLUTE
    ..\Core\LIB\FUN\CPU_TIMER.C              0x00000000   Number         0  cpu_timer.o ABSOLUTE
    ..\Core\LIB\FUN\LCD_NOKIA1616_MY_FUN.C   0x00000000   Number         0  lcd_nokia1616_my_fun.o ABSOLUTE
    ..\Core\LIB\FUN\PC_COM_LCD.C             0x00000000   Number         0  pc_com_lcd.o ABSOLUTE
    ..\Core\LIB\FUN\TOUCH_BS813.C            0x00000000   Number         0  touch_bs813.o ABSOLUTE
    ..\Core\LIB\FUN\W25Q.C                   0x00000000   Number         0  w25q.o ABSOLUTE
    ..\Core\LIB\NokiaTFTLib\nokia1661_lcd_driver.c 0x00000000   Number         0  nokia1661_lcd_driver.o ABSOLUTE
    ..\Core\LIB\SYSTEM\ADC_STM32F030.c       0x00000000   Number         0  adc_stm32f030.o ABSOLUTE
    ..\Core\LIB\SYSTEM\CORTEX_STM32F030.c    0x00000000   Number         0  cortex_stm32f030.o ABSOLUTE
    ..\Core\LIB\SYSTEM\GPIO_STM32F030.c      0x00000000   Number         0  gpio_stm32f030.o ABSOLUTE
    ..\Core\LIB\SYSTEM\SPI_STM32F030.c       0x00000000   Number         0  spi_stm32f030.o ABSOLUTE
    ..\Core\LIB\SYSTEM\TIMER_STM32F030.c     0x00000000   Number         0  timer_stm32f030.o ABSOLUTE
    ..\Core\LIB\SYSTEM\USART_STM32F030.c     0x00000000   Number         0  usart_stm32f030.o ABSOLUTE
    ..\Core\LIB\littlefs\lfs.c               0x00000000   Number         0  lfs.o ABSOLUTE
    ..\Core\LIB\littlefs\lfs_port.c          0x00000000   Number         0  lfs_port.o ABSOLUTE
    ..\Core\LIB\littlefs\lfs_util.c          0x00000000   Number         0  lfs_util.o ABSOLUTE
    ..\Core\Src\main.c                       0x00000000   Number         0  main.o ABSOLUTE
    ..\Core\Src\stm32f0xx_it.c               0x00000000   Number         0  stm32f0xx_it.o ABSOLUTE
    ..\Core\Src\system_stm32f0xx.c           0x00000000   Number         0  system_stm32f0xx.o ABSOLUTE
    ..\Drivers\STM32F0xx_HAL_Driver\Src\stm32f0xx_hal.c 0x00000000   Number         0  stm32f0xx_hal.o ABSOLUTE
    ..\Drivers\STM32F0xx_HAL_Driver\Src\stm32f0xx_hal_cortex.c 0x00000000   Number         0  stm32f0xx_hal_cortex.o ABSOLUTE
    ..\Drivers\STM32F0xx_HAL_Driver\Src\stm32f0xx_hal_dma.c 0x00000000   Number         0  stm32f0xx_hal_dma.o ABSOLUTE
    ..\Drivers\STM32F0xx_HAL_Driver\Src\stm32f0xx_hal_exti.c 0x00000000   Number         0  stm32f0xx_hal_exti.o ABSOLUTE
    ..\Drivers\STM32F0xx_HAL_Driver\Src\stm32f0xx_hal_flash.c 0x00000000   Number         0  stm32f0xx_hal_flash.o ABSOLUTE
    ..\Drivers\STM32F0xx_HAL_Driver\Src\stm32f0xx_hal_flash_ex.c 0x00000000   Number         0  stm32f0xx_hal_flash_ex.o ABSOLUTE
    ..\Drivers\STM32F0xx_HAL_Driver\Src\stm32f0xx_hal_gpio.c 0x00000000   Number         0  stm32f0xx_hal_gpio.o ABSOLUTE
    ..\Drivers\STM32F0xx_HAL_Driver\Src\stm32f0xx_hal_i2c.c 0x00000000   Number         0  stm32f0xx_hal_i2c.o ABSOLUTE
    ..\Drivers\STM32F0xx_HAL_Driver\Src\stm32f0xx_hal_i2c_ex.c 0x00000000   Number         0  stm32f0xx_hal_i2c_ex.o ABSOLUTE
    ..\Drivers\STM32F0xx_HAL_Driver\Src\stm32f0xx_hal_pwr.c 0x00000000   Number         0  stm32f0xx_hal_pwr.o ABSOLUTE
    ..\Drivers\STM32F0xx_HAL_Driver\Src\stm32f0xx_hal_pwr_ex.c 0x00000000   Number         0  stm32f0xx_hal_pwr_ex.o ABSOLUTE
    ..\Drivers\STM32F0xx_HAL_Driver\Src\stm32f0xx_hal_rcc.c 0x00000000   Number         0  stm32f0xx_hal_rcc.o ABSOLUTE
    ..\Drivers\STM32F0xx_HAL_Driver\Src\stm32f0xx_hal_rcc_ex.c 0x00000000   Number         0  stm32f0xx_hal_rcc_ex.o ABSOLUTE
    ..\Drivers\STM32F0xx_HAL_Driver\Src\stm32f0xx_hal_tim.c 0x00000000   Number         0  stm32f0xx_hal_tim.o ABSOLUTE
    ..\Drivers\STM32F0xx_HAL_Driver\Src\stm32f0xx_hal_tim_ex.c 0x00000000   Number         0  stm32f0xx_hal_tim_ex.o ABSOLUTE
    ..\Drivers\STM32F0xx_HAL_Driver\Src\stm32f0xx_hal_uart.c 0x00000000   Number         0  stm32f0xx_hal_uart.o ABSOLUTE
    ..\Drivers\STM32F0xx_HAL_Driver\Src\stm32f0xx_hal_uart_ex.c 0x00000000   Number         0  stm32f0xx_hal_uart_ex.o ABSOLUTE
    ..\Drivers\STM32F0xx_HAL_Driver\Src\stm32f0xx_ll_dma.c 0x00000000   Number         0  stm32f0xx_ll_dma_1.o ABSOLUTE
    ..\Drivers\STM32F0xx_HAL_Driver\Src\stm32f0xx_ll_exti.c 0x00000000   Number         0  stm32f0xx_ll_exti_1.o ABSOLUTE
    ..\Drivers\STM32F0xx_HAL_Driver\Src\stm32f0xx_ll_gpio.c 0x00000000   Number         0  stm32f0xx_ll_gpio_2.o ABSOLUTE
    ..\Drivers\STM32F0xx_HAL_Driver\Src\stm32f0xx_ll_i2c.c 0x00000000   Number         0  stm32f0xx_ll_i2c_1.o ABSOLUTE
    ..\Drivers\STM32F0xx_HAL_Driver\Src\stm32f0xx_ll_pwr.c 0x00000000   Number         0  stm32f0xx_ll_pwr_1.o ABSOLUTE
    ..\Drivers\STM32F0xx_HAL_Driver\Src\stm32f0xx_ll_rcc.c 0x00000000   Number         0  stm32f0xx_ll_rcc_1.o ABSOLUTE
    ..\Drivers\STM32F0xx_HAL_Driver\Src\stm32f0xx_ll_spi.c 0x00000000   Number         0  stm32f0xx_ll_spi_1.o ABSOLUTE
    ..\Drivers\STM32F0xx_HAL_Driver\Src\stm32f0xx_ll_utils.c 0x00000000   Number         0  stm32f0xx_ll_utils_1.o ABSOLUTE
    ..\\Core\\LIB\\ESP\\main_ESP.C           0x00000000   Number         0  main_esp.o ABSOLUTE
    ..\\Core\\LIB\\FUN\\BMS_TERMOSTAT.C      0x00000000   Number         0  bms_termostat.o ABSOLUTE
    ..\\Core\\LIB\\FUN\\LCD_NOKIA1616_MY_FUN.C 0x00000000   Number         0  lcd_nokia1616_my_fun.o ABSOLUTE
    ..\\Core\\LIB\\FUN\\PC_COM_LCD.C         0x00000000   Number         0  pc_com_lcd.o ABSOLUTE
    ..\\Core\\LIB\\FUN\\TOUCH_BS813.C        0x00000000   Number         0  touch_bs813.o ABSOLUTE
    ..\\Core\\LIB\\FUN\\W25Q.C               0x00000000   Number         0  w25q.o ABSOLUTE
    ..\\Core\\LIB\\NokiaTFTLib\\nokia1661_lcd_driver.c 0x00000000   Number         0  nokia1661_lcd_driver.o ABSOLUTE
    ..\\Core\\LIB\\SYSTEM\\ADC_STM32F030.c   0x00000000   Number         0  adc_stm32f030.o ABSOLUTE
    ..\\Core\\LIB\\SYSTEM\\CORTEX_STM32F030.c 0x00000000   Number         0  cortex_stm32f030.o ABSOLUTE
    ..\\Core\\LIB\\SYSTEM\\GPIO_STM32F030.c  0x00000000   Number         0  gpio_stm32f030.o ABSOLUTE
    ..\\Core\\LIB\\SYSTEM\\SPI_STM32F030.c   0x00000000   Number         0  spi_stm32f030.o ABSOLUTE
    ..\\Core\\LIB\\SYSTEM\\TIMER_STM32F030.c 0x00000000   Number         0  timer_stm32f030.o ABSOLUTE
    ..\\Core\\LIB\\SYSTEM\\USART_STM32F030.c 0x00000000   Number         0  usart_stm32f030.o ABSOLUTE
    ..\\Core\\LIB\\littlefs\\lfs.c           0x00000000   Number         0  lfs.o ABSOLUTE
    ..\\Core\\LIB\\littlefs\\lfs_port.c      0x00000000   Number         0  lfs_port.o ABSOLUTE
    ..\\Core\\LIB\\littlefs\\lfs_util.c      0x00000000   Number         0  lfs_util.o ABSOLUTE
    ..\\Drivers\\STM32F0xx_HAL_Driver\\Src\\stm32f0xx_ll_gpio.c 0x00000000   Number         0  stm32f0xx_ll_gpio_2.o ABSOLUTE
    ..\\Drivers\\STM32F0xx_HAL_Driver\\Src\\stm32f0xx_ll_utils.c 0x00000000   Number         0  stm32f0xx_ll_utils_1.o ABSOLUTE
    C:\Users\barby\AppData\Local\Arm\Packs\Keil\ARM_Compiler\1.6.3\Source\retarget_io.c 0x00000000   Number         0  retarget_io.o ABSOLUTE
    cdrcmple.s                               0x00000000   Number         0  cdrcmple.o ABSOLUTE
    dc.s                                     0x00000000   Number         0  dc.o ABSOLUTE
    handlers.s                               0x00000000   Number         0  handlers.o ABSOLUTE
    init.s                                   0x00000000   Number         0  init.o ABSOLUTE
    startup_stm32f030x6.s                    0x00000000   Number         0  startup_stm32f030x6.o ABSOLUTE
    stdout_user.c                            0x00000000   Number         0  stdout_user.o ABSOLUTE
    stdout_user.c                            0x00000000   Number         0  stdout_user.o ABSOLUTE
    RESET                                    0x08000000   Section      176  startup_stm32f030x6.o(RESET)
    .ARM.Collect$$$$00000000                 0x080000b0   Section        0  entry.o(.ARM.Collect$$$$00000000)
    .ARM.Collect$$$$00000001                 0x080000b0   Section        4  entry2.o(.ARM.Collect$$$$00000001)
    .ARM.Collect$$$$00000004                 0x080000b4   Section        4  entry5.o(.ARM.Collect$$$$00000004)
    .ARM.Collect$$$$00000008                 0x080000b8   Section        0  entry7b.o(.ARM.Collect$$$$00000008)
    .ARM.Collect$$$$0000000A                 0x080000b8   Section        0  entry8b.o(.ARM.Collect$$$$0000000A)
    .ARM.Collect$$$$0000000B                 0x080000b8   Section        8  entry9a.o(.ARM.Collect$$$$0000000B)
    .ARM.Collect$$$$0000000D                 0x080000c0   Section        0  entry10a.o(.ARM.Collect$$$$0000000D)
    .ARM.Collect$$$$0000000F                 0x080000c0   Section        0  entry11a.o(.ARM.Collect$$$$0000000F)
    .ARM.Collect$$$$00002712                 0x080000c0   Section        4  entry2.o(.ARM.Collect$$$$00002712)
    __lit__00000000                          0x080000c0   Data           4  entry2.o(.ARM.Collect$$$$00002712)
    .text                                    0x080000c4   Section       28  startup_stm32f030x6.o(.text)
    .text                                    0x080000e0   Section        0  uidiv.o(.text)
    .text                                    0x0800010c   Section        0  idiv.o(.text)
    .text                                    0x08000134   Section        0  uldiv.o(.text)
    .text                                    0x08000194   Section        0  llushr.o(.text)
    .text                                    0x080001b6   Section        0  memseta.o(.text)
    .text                                    0x080001da   Section        0  strcmp.o(.text)
    .text                                    0x080001f6   Section        0  atoi.o(.text)
    .text                                    0x08000210   Section        0  llshl.o(.text)
    .text                                    0x08000230   Section        0  strtol.o(.text)
    .text                                    0x080002a0   Section        0  dadd.o(.text)
    .text                                    0x080002a0   Section        0  iusefp.o(.text)
    .text                                    0x08000404   Section        0  dmul.o(.text)
    .text                                    0x080004d4   Section        0  ddiv.o(.text)
    .text                                    0x080005c4   Section        0  dfixul.o(.text)
    .text                                    0x08000604   Section       40  cdrcmple.o(.text)
    .text                                    0x0800062c   Section       36  init.o(.text)
    .text                                    0x08000650   Section        0  llsshr.o(.text)
    .text                                    0x08000678   Section        0  ctype_o.o(.text)
    .text                                    0x08000680   Section        0  _strtoul.o(.text)
    .text                                    0x08000726   Section        0  depilogue.o(.text)
    .text                                    0x080007e4   Section        0  _chval.o(.text)
    i.BMS_TERMOSTAT_INI                      0x08000804   Section        0  bms_termostat.o(i.BMS_TERMOSTAT_INI)
    i.DMA1_Channel2_3_IRQHandler             0x08000850   Section        0  stm32f0xx_it.o(i.DMA1_Channel2_3_IRQHandler)
    i.ESP_ini                                0x08000854   Section        0  main_esp.o(i.ESP_ini)
    i.ESP_main                               0x0800088c   Section        0  main_esp.o(i.ESP_main)
    i.ESP_timer                              0x080008c8   Section        0  main_esp.o(i.ESP_timer)
    i.HAL_IncTick                            0x0800091c   Section        0  stm32f0xx_hal.o(i.HAL_IncTick)
    i.HAL_Init                               0x0800092c   Section        0  stm32f0xx_hal.o(i.HAL_Init)
    i.HAL_InitTick                           0x0800094c   Section        0  stm32f0xx_hal.o(i.HAL_InitTick)
    i.HAL_MspInit                            0x08000990   Section        0  stm32f0xx_hal.o(i.HAL_MspInit)
    i.HAL_NVIC_SetPriority                   0x08000992   Section        0  stm32f0xx_hal_cortex.o(i.HAL_NVIC_SetPriority)
    i.HAL_SYSTICK_Config                     0x0800099c   Section        0  stm32f0xx_hal_cortex.o(i.HAL_SYSTICK_Config)
    i.HardFault_Handler                      0x080009cc   Section        0  stm32f0xx_it.o(i.HardFault_Handler)
    i.LL_GPIO_Init                           0x080009ec   Section        0  stm32f0xx_ll_gpio_2.o(i.LL_GPIO_Init)
    i.LL_Init1msTick                         0x08000a9c   Section        0  stm32f0xx_ll_utils_1.o(i.LL_Init1msTick)
    i.LL_SetSystemCoreClock                  0x08000abc   Section        0  stm32f0xx_ll_utils_1.o(i.LL_SetSystemCoreClock)
    i.LL_mDelay                              0x08000ac8   Section        0  stm32f0xx_ll_utils_1.o(i.LL_mDelay)
    i.NMI_Handler                            0x08000ae8   Section        0  stm32f0xx_it.o(i.NMI_Handler)
    i.PendSV_Handler                         0x08000aea   Section        0  stm32f0xx_it.o(i.PendSV_Handler)
    i.SPI_w25q                               0x08000aec   Section        0  spi_stm32f030.o(i.SPI_w25q)
    i.SVC_Handler                            0x08000b18   Section        0  stm32f0xx_it.o(i.SVC_Handler)
    i.Square                                 0x08000b1a   Section        0  lcd_nokia1616_my_fun.o(i.Square)
    i.SysTick_Handler                        0x08000b52   Section        0  stm32f0xx_it.o(i.SysTick_Handler)
    i.SystemInit                             0x08000b5e   Section        0  system_stm32f0xx.o(i.SystemInit)
    i.TIM14_IRQHandler                       0x08000b60   Section        0  stm32f0xx_it.o(i.TIM14_IRQHandler)
    i.USART1_IRQHandler                      0x08000b78   Section        0  stm32f0xx_it.o(i.USART1_IRQHandler)
    i.USART_ini                              0x08000ba8   Section        0  usart_stm32f030.o(i.USART_ini)
    i.W25Q_Enable_Write                      0x08000c44   Section        0  w25q.o(i.W25Q_Enable_Write)
    i.W25Q_EraseSector4KB                    0x08000c58   Section        0  w25q.o(i.W25Q_EraseSector4KB)
    i.W25Q_ReadPage                          0x08000c9c   Section        0  w25q.o(i.W25Q_ReadPage)
    i.W25Q_ReadPage_start                    0x08000ce0   Section        0  w25q.o(i.W25Q_ReadPage_start)
    i.W25Q_Read_Manufact_Device_ID           0x08000d0c   Section        0  w25q.o(i.W25Q_Read_Manufact_Device_ID)
    i.W25Q_Read_StatusReg                    0x08000d50   Section        0  w25q.o(i.W25Q_Read_StatusReg)
    i.W25Q_WaitBusy                          0x08000d84   Section        0  w25q.o(i.W25Q_WaitBusy)
    i.W25Q_WritePage                         0x08000da0   Section        0  w25q.o(i.W25Q_WritePage)
    i.W25Q_WritePage_start                   0x08000dea   Section        0  w25q.o(i.W25Q_WritePage_start)
    i.W25Q_ini                               0x08000e18   Section        0  w25q.o(i.W25Q_ini)
    i.__0printf                              0x08000e74   Section        0  printfa.o(i.__0printf)
    i.__ARM_clz                              0x08000e94   Section        0  lfs.o(i.__ARM_clz)
    i.__NVIC_SetPriority                     0x08000ec4   Section        0  stm32f0xx_hal_cortex.o(i.__NVIC_SetPriority)
    __NVIC_SetPriority                       0x08000ec5   Thumb Code    60  stm32f0xx_hal_cortex.o(i.__NVIC_SetPriority)
    i.__aeabi_errno_addr                     0x08000f08   Section        0  errno.o(i.__aeabi_errno_addr)
    i.__scatterload_copy                     0x08000f10   Section       14  handlers.o(i.__scatterload_copy)
    i.__scatterload_null                     0x08000f1e   Section        2  handlers.o(i.__scatterload_null)
    i.__scatterload_zeroinit                 0x08000f20   Section       14  handlers.o(i.__scatterload_zeroinit)
    i._fp_digits                             0x08000f30   Section        0  printfa.o(i._fp_digits)
    _fp_digits                               0x08000f31   Thumb Code   344  printfa.o(i._fp_digits)
    i._nlcdCmd1616                           0x080010a4   Section        0  nokia1661_lcd_driver.o(i._nlcdCmd1616)
    i._nlcdSend                              0x080010d8   Section        0  nokia1661_lcd_driver.o(i._nlcdSend)
    i._nlcdSendCmd                           0x08001188   Section        0  nokia1661_lcd_driver.o(i._nlcdSendCmd)
    i._nlcdSetWindow                         0x08001190   Section        0  nokia1661_lcd_driver.o(i._nlcdSetWindow)
    i._printf_core                           0x080011bc   Section        0  printfa.o(i._printf_core)
    _printf_core                             0x080011bd   Thumb Code  1754  printfa.o(i._printf_core)
    i._printf_post_padding                   0x080018a8   Section        0  printfa.o(i._printf_post_padding)
    _printf_post_padding                     0x080018a9   Thumb Code    32  printfa.o(i._printf_post_padding)
    i._printf_pre_padding                    0x080018c8   Section        0  printfa.o(i._printf_pre_padding)
    _printf_pre_padding                      0x080018c9   Thumb Code    44  printfa.o(i._printf_pre_padding)
    i.adc_calibre                            0x080018f4   Section        0  adc_stm32f030.o(i.adc_calibre)
    i.adc_ini                                0x0800190c   Section        0  adc_stm32f030.o(i.adc_ini)
    i.clear_temp_ram                         0x08001980   Section        0  pc_com_lcd.o(i.clear_temp_ram)
    i.clock_ini                              0x080019a8   Section        0  cortex_stm32f030.o(i.clock_ini)
    i.clr_str_rx                             0x08001a4c   Section        0  pc_com_lcd.o(i.clr_str_rx)
    i.dark_mode_manage                       0x08001a78   Section        0  bms_termostat.o(i.dark_mode_manage)
    i.debuge_uart                            0x08001ae4   Section        0  pc_com_lcd.o(i.debuge_uart)
    i.dma_ini                                0x08001b44   Section        0  cortex_stm32f030.o(i.dma_ini)
    i.fputc                                  0x08001b54   Section        0  retarget_io.o(i.fputc)
    i.gpio_ini                               0x08001b6c   Section        0  gpio_stm32f030.o(i.gpio_ini)
    i.hard_ini                               0x08001c00   Section        0  main.o(i.hard_ini)
    i.help                                   0x08001c3c   Section        0  pc_com_lcd.o(i.help)
    i.ini_cpu_timer                          0x08001d14   Section        0  cpu_timer.o(i.ini_cpu_timer)
    i.init_touch_led                         0x08001dc0   Section        0  touch_bs813.o(i.init_touch_led)
    i.interupt_soft_uart                     0x08001e80   Section        0  main_esp.o(i.interupt_soft_uart)
    i.lcd_put_number                         0x08001eb0   Section        0  lcd_nokia1616_my_fun.o(i.lcd_put_number)
    i.lcd_put_picture                        0x08001f20   Section        0  pc_com_lcd.o(i.lcd_put_picture)
    i.main                                   0x08002070   Section        0  main.o(i.main)
    i.nlcdGetHeight                          0x080020e0   Section        0  nokia1661_lcd_driver.o(i.nlcdGetHeight)
    i.nlcdGetWidth                           0x080020f8   Section        0  nokia1661_lcd_driver.o(i.nlcdGetWidth)
    i.nlcdInit                               0x08002110   Section        0  nokia1661_lcd_driver.o(i.nlcdInit)
    i.nlcdPixel                              0x080021d8   Section        0  nokia1661_lcd_driver.o(i.nlcdPixel)
    i.nlcdSetOrientation                     0x08002210   Section        0  nokia1661_lcd_driver.o(i.nlcdSetOrientation)
    i.nvic_ini                               0x08002244   Section        0  cortex_stm32f030.o(i.nvic_ini)
    i.put_char                               0x08002260   Section        0  lcd_nokia1616_my_fun.o(i.put_char)
    i.put_picture_from_spi_flash             0x0800230c   Section        0  lcd_nokia1616_my_fun.o(i.put_picture_from_spi_flash)
    i.put_w25q_register                      0x08002400   Section        0  pc_com_lcd.o(i.put_w25q_register)
    i.read_gpio                              0x080024ac   Section        0  main.o(i.read_gpio)
    i.read_touch                             0x080024bc   Section        0  touch_bs813.o(i.read_touch)
    i.scan_uart_get_int                      0x080025bc   Section        0  pc_com_lcd.o(i.scan_uart_get_int)
    i.seting_set_point                       0x080025f8   Section        0  bms_termostat.o(i.seting_set_point)
    i.soft_ini                               0x08002814   Section        0  main.o(i.soft_ini)
    i.soft_uart_get_byte                     0x08002820   Section        0  usart_stm32f030.o(i.soft_uart_get_byte)
    i.soft_uart_ini                          0x08002860   Section        0  usart_stm32f030.o(i.soft_uart_ini)
    i.soft_uart_rx_check                     0x080028a0   Section        0  usart_stm32f030.o(i.soft_uart_rx_check)
    i.soft_uart_rx_str_clear                 0x08002900   Section        0  usart_stm32f030.o(i.soft_uart_rx_str_clear)
    i.soft_uart_send_byte                    0x08002920   Section        0  usart_stm32f030.o(i.soft_uart_send_byte)
    i.spi_ini                                0x0800295c   Section        0  spi_stm32f030.o(i.spi_ini)
    i.startup_lcd_picture                    0x08002998   Section        0  bms_termostat.o(i.startup_lcd_picture)
    i.stdout_putchar                         0x080029cc   Section        0  stdout_user.o(i.stdout_putchar)
    i.tim14_ini                              0x08002a00   Section        0  timer_stm32f030.o(i.tim14_ini)
    i.timer_basic_manager                    0x08002a58   Section        0  cpu_timer.o(i.timer_basic_manager)
    i.timer_second_manager                   0x08002b00   Section        0  cpu_timer.o(i.timer_second_manager)
    i.uart_delay                             0x08002b6c   Section        0  usart_stm32f030.o(i.uart_delay)
    i.uart_manager_interupt_rx               0x08002b78   Section        0  pc_com_lcd.o(i.uart_manager_interupt_rx)
    i.w25q                                   0x08002bd4   Section        0  pc_com_lcd.o(i.w25q)
    i.w25q_put_page                          0x08003078   Section        0  pc_com_lcd.o(i.w25q_put_page)
    .constdata                               0x08003104   Section       12  nokia1661_lcd_driver.o(.constdata)
    .constdata                               0x08003110   Section      807  lcd_nokia1616_my_fun.o(.constdata)
    .constdata                               0x08003437   Section      129  ctype_o.o(.constdata)
    .constdata                               0x080034b8   Section        4  ctype_o.o(.constdata)
    table                                    0x080034b8   Data           4  ctype_o.o(.constdata)
    .conststring                             0x080034bc   Section      142  pc_com_lcd.o(.conststring)
    .data                                    0x20000000   Section        1  main.o(.data)
    .data                                    0x20000004   Section        8  main.o(.data)
    .data                                    0x2000000c   Section        8  main.o(.data)
    .data                                    0x20000014   Section        1  stm32f0xx_it.o(.data)
    .data                                    0x20000015   Section        9  w25q.o(.data)
    Data1                                    0x20000015   Data           1  w25q.o(.data)
    Data2                                    0x20000016   Data           1  w25q.o(.data)
    Data3                                    0x20000017   Data           1  w25q.o(.data)
    Data1                                    0x20000018   Data           1  w25q.o(.data)
    Data2                                    0x20000019   Data           1  w25q.o(.data)
    Data3                                    0x2000001a   Data           1  w25q.o(.data)
    Data1                                    0x2000001b   Data           1  w25q.o(.data)
    Data2                                    0x2000001c   Data           1  w25q.o(.data)
    Data3                                    0x2000001d   Data           1  w25q.o(.data)
    .data                                    0x2000001e   Section       18  nokia1661_lcd_driver.o(.data)
    ShiftBit                                 0x2000001e   Data          18  nokia1661_lcd_driver.o(.data)
    .data                                    0x20000030   Section        1  pc_com_lcd.o(.data)
    .data                                    0x20000031   Section        1  bms_termostat.o(.data)
    .data                                    0x20000034   Section       12  stm32f0xx_hal.o(.data)
    .data                                    0x20000040   Section        4  system_stm32f0xx.o(.data)
    .data                                    0x20000044   Section        4  stdout.o(.data)
    .data                                    0x20000048   Section        4  errno.o(.data)
    _errno                                   0x20000048   Data           4  errno.o(.data)
    .bss                                     0x2000004c   Section       64  main.o(.bss)
    .bss                                     0x2000008c   Section       40  main.o(.bss)
    .bss                                     0x200000b4   Section       40  main.o(.bss)
    .bss                                     0x200000dc   Section       16  main.o(.bss)
    .bss                                     0x200000ec   Section       20  main.o(.bss)
    .bss                                     0x20000100   Section       16  main.o(.bss)
    .bss                                     0x20000110   Section      512  main.o(.bss)
    .bss                                     0x20000310   Section      512  main.o(.bss)
    .bss                                     0x20000510   Section       20  nokia1661_lcd_driver.o(.bss)
    .bss                                     0x20000524   Section       21  pc_com_lcd.o(.bss)
    .bss                                     0x20000539   Section       10  bms_termostat.o(.bss)
    STACK                                    0x20000548   Section     1024  startup_stm32f030x6.o(STACK)

    Global Symbols

    Symbol Name                              Value     Ov Type        Size  Object(Section)

    BuildAttributes$$THM_ISAv3M$S$PE$A:L22$X:L11$S22$IEEE1$IW$USESV6$~STKCKD$USESV7$~SHL$OSPACE$ROPI$EBA8$MICROLIB$REQ8$PRES8$EABIv2 0x00000000   Number         0  anon$$obj.o ABSOLUTE
    __ARM_use_no_argv                        0x00000000   Number         0  main.o ABSOLUTE
    _printf_a                                0x00000000   Number         0  stubs.o ABSOLUTE
    _printf_c                                0x00000000   Number         0  stubs.o ABSOLUTE
    _printf_charcount                        0x00000000   Number         0  stubs.o ABSOLUTE
    _printf_d                                0x00000000   Number         0  stubs.o ABSOLUTE
    _printf_e                                0x00000000   Number         0  stubs.o ABSOLUTE
    _printf_f                                0x00000000   Number         0  stubs.o ABSOLUTE
    _printf_flags                            0x00000000   Number         0  stubs.o ABSOLUTE
    _printf_fp_dec                           0x00000000   Number         0  stubs.o ABSOLUTE
    _printf_fp_hex                           0x00000000   Number         0  stubs.o ABSOLUTE
    _printf_g                                0x00000000   Number         0  stubs.o ABSOLUTE
    _printf_i                                0x00000000   Number         0  stubs.o ABSOLUTE
    _printf_int_dec                          0x00000000   Number         0  stubs.o ABSOLUTE
    _printf_l                                0x00000000   Number         0  stubs.o ABSOLUTE
    _printf_lc                               0x00000000   Number         0  stubs.o ABSOLUTE
    _printf_ll                               0x00000000   Number         0  stubs.o ABSOLUTE
    _printf_lld                              0x00000000   Number         0  stubs.o ABSOLUTE
    _printf_lli                              0x00000000   Number         0  stubs.o ABSOLUTE
    _printf_llo                              0x00000000   Number         0  stubs.o ABSOLUTE
    _printf_llu                              0x00000000   Number         0  stubs.o ABSOLUTE
    _printf_llx                              0x00000000   Number         0  stubs.o ABSOLUTE
    _printf_longlong_dec                     0x00000000   Number         0  stubs.o ABSOLUTE
    _printf_longlong_hex                     0x00000000   Number         0  stubs.o ABSOLUTE
    _printf_longlong_oct                     0x00000000   Number         0  stubs.o ABSOLUTE
    _printf_ls                               0x00000000   Number         0  stubs.o ABSOLUTE
    _printf_mbtowc                           0x00000000   Number         0  stubs.o ABSOLUTE
    _printf_n                                0x00000000   Number         0  stubs.o ABSOLUTE
    _printf_o                                0x00000000   Number         0  stubs.o ABSOLUTE
    _printf_p                                0x00000000   Number         0  stubs.o ABSOLUTE
    _printf_percent                          0x00000000   Number         0  stubs.o ABSOLUTE
    _printf_pre_padding                      0x00000000   Number         0  stubs.o ABSOLUTE
    _printf_return_value                     0x00000000   Number         0  stubs.o ABSOLUTE
    _printf_s                                0x00000000   Number         0  stubs.o ABSOLUTE
    _printf_sizespec                         0x00000000   Number         0  stubs.o ABSOLUTE
    _printf_str                              0x00000000   Number         0  stubs.o ABSOLUTE
    _printf_truncate_signed                  0x00000000   Number         0  stubs.o ABSOLUTE
    _printf_truncate_unsigned                0x00000000   Number         0  stubs.o ABSOLUTE
    _printf_u                                0x00000000   Number         0  stubs.o ABSOLUTE
    _printf_wc                               0x00000000   Number         0  stubs.o ABSOLUTE
    _printf_wctomb                           0x00000000   Number         0  stubs.o ABSOLUTE
    _printf_widthprec                        0x00000000   Number         0  stubs.o ABSOLUTE
    _printf_x                                0x00000000   Number         0  stubs.o ABSOLUTE
    __cpp_initialize__aeabi_                  - Undefined Weak Reference
    __cxa_finalize                            - Undefined Weak Reference
    __decompress                              - Undefined Weak Reference
    _clock_init                               - Undefined Weak Reference
    _microlib_exit                            - Undefined Weak Reference
    __Vectors_Size                           0x000000b0   Number         0  startup_stm32f030x6.o ABSOLUTE
    __Vectors                                0x08000000   Data           4  startup_stm32f030x6.o(RESET)
    __Vectors_End                            0x080000b0   Data           0  startup_stm32f030x6.o(RESET)
    __main                                   0x080000b1   Thumb Code     0  entry.o(.ARM.Collect$$$$00000000)
    _main_stk                                0x080000b1   Thumb Code     0  entry2.o(.ARM.Collect$$$$00000001)
    _main_scatterload                        0x080000b5   Thumb Code     0  entry5.o(.ARM.Collect$$$$00000004)
    __main_after_scatterload                 0x080000b9   Thumb Code     0  entry5.o(.ARM.Collect$$$$00000004)
    _main_clock                              0x080000b9   Thumb Code     0  entry7b.o(.ARM.Collect$$$$00000008)
    _main_cpp_init                           0x080000b9   Thumb Code     0  entry8b.o(.ARM.Collect$$$$0000000A)
    _main_init                               0x080000b9   Thumb Code     0  entry9a.o(.ARM.Collect$$$$0000000B)
    __rt_final_cpp                           0x080000c1   Thumb Code     0  entry10a.o(.ARM.Collect$$$$0000000D)
    __rt_final_exit                          0x080000c1   Thumb Code     0  entry11a.o(.ARM.Collect$$$$0000000F)
    Reset_Handler                            0x080000c5   Thumb Code     8  startup_stm32f030x6.o(.text)
    ADC1_IRQHandler                          0x080000d7   Thumb Code     0  startup_stm32f030x6.o(.text)
    DMA1_Channel1_IRQHandler                 0x080000d7   Thumb Code     0  startup_stm32f030x6.o(.text)
    DMA1_Channel4_5_IRQHandler               0x080000d7   Thumb Code     0  startup_stm32f030x6.o(.text)
    EXTI0_1_IRQHandler                       0x080000d7   Thumb Code     0  startup_stm32f030x6.o(.text)
    EXTI2_3_IRQHandler                       0x080000d7   Thumb Code     0  startup_stm32f030x6.o(.text)
    EXTI4_15_IRQHandler                      0x080000d7   Thumb Code     0  startup_stm32f030x6.o(.text)
    FLASH_IRQHandler                         0x080000d7   Thumb Code     0  startup_stm32f030x6.o(.text)
    I2C1_IRQHandler                          0x080000d7   Thumb Code     0  startup_stm32f030x6.o(.text)
    RCC_IRQHandler                           0x080000d7   Thumb Code     0  startup_stm32f030x6.o(.text)
    RTC_IRQHandler                           0x080000d7   Thumb Code     0  startup_stm32f030x6.o(.text)
    SPI1_IRQHandler                          0x080000d7   Thumb Code     0  startup_stm32f030x6.o(.text)
    TIM16_IRQHandler                         0x080000d7   Thumb Code     0  startup_stm32f030x6.o(.text)
    TIM17_IRQHandler                         0x080000d7   Thumb Code     0  startup_stm32f030x6.o(.text)
    TIM1_BRK_UP_TRG_COM_IRQHandler           0x080000d7   Thumb Code     0  startup_stm32f030x6.o(.text)
    TIM1_CC_IRQHandler                       0x080000d7   Thumb Code     0  startup_stm32f030x6.o(.text)
    TIM3_IRQHandler                          0x080000d7   Thumb Code     0  startup_stm32f030x6.o(.text)
    WWDG_IRQHandler                          0x080000d7   Thumb Code     0  startup_stm32f030x6.o(.text)
    __aeabi_uidiv                            0x080000e1   Thumb Code     0  uidiv.o(.text)
    __aeabi_uidivmod                         0x080000e1   Thumb Code    44  uidiv.o(.text)
    __aeabi_idiv                             0x0800010d   Thumb Code     0  idiv.o(.text)
    __aeabi_idivmod                          0x0800010d   Thumb Code    40  idiv.o(.text)
    __aeabi_uldivmod                         0x08000135   Thumb Code    96  uldiv.o(.text)
    __aeabi_llsr                             0x08000195   Thumb Code    34  llushr.o(.text)
    _ll_ushift_r                             0x08000195   Thumb Code     0  llushr.o(.text)
    __aeabi_memset                           0x080001b7   Thumb Code    14  memseta.o(.text)
    __aeabi_memset4                          0x080001b7   Thumb Code     0  memseta.o(.text)
    __aeabi_memset8                          0x080001b7   Thumb Code     0  memseta.o(.text)
    __aeabi_memclr                           0x080001c5   Thumb Code     4  memseta.o(.text)
    __aeabi_memclr4                          0x080001c5   Thumb Code     0  memseta.o(.text)
    __aeabi_memclr8                          0x080001c5   Thumb Code     0  memseta.o(.text)
    _memset$wrapper                          0x080001c9   Thumb Code    18  memseta.o(.text)
    strcmp                                   0x080001db   Thumb Code    28  strcmp.o(.text)
    atoi                                     0x080001f7   Thumb Code    26  atoi.o(.text)
    __aeabi_llsl                             0x08000211   Thumb Code    32  llshl.o(.text)
    _ll_shift_l                              0x08000211   Thumb Code     0  llshl.o(.text)
    strtol                                   0x08000231   Thumb Code   108  strtol.o(.text)
    __I$use$fp                               0x080002a1   Thumb Code     0  iusefp.o(.text)
    __aeabi_dadd                             0x080002a1   Thumb Code   328  dadd.o(.text)
    __aeabi_dsub                             0x080003e9   Thumb Code    12  dadd.o(.text)
    __aeabi_drsub                            0x080003f5   Thumb Code    12  dadd.o(.text)
    __aeabi_dmul                             0x08000405   Thumb Code   202  dmul.o(.text)
    __aeabi_ddiv                             0x080004d5   Thumb Code   234  ddiv.o(.text)
    __aeabi_d2ulz                            0x080005c5   Thumb Code    54  dfixul.o(.text)
    __aeabi_cdrcmple                         0x08000605   Thumb Code    38  cdrcmple.o(.text)
    __scatterload                            0x0800062d   Thumb Code    28  init.o(.text)
    __scatterload_rt2                        0x0800062d   Thumb Code     0  init.o(.text)
    __aeabi_lasr                             0x08000651   Thumb Code    38  llsshr.o(.text)
    _ll_sshift_r                             0x08000651   Thumb Code     0  llsshr.o(.text)
    __rt_ctype_table                         0x08000679   Thumb Code     4  ctype_o.o(.text)
    _strtoul                                 0x08000681   Thumb Code   166  _strtoul.o(.text)
    _double_round                            0x08000727   Thumb Code    26  depilogue.o(.text)
    _double_epilogue                         0x08000741   Thumb Code   164  depilogue.o(.text)
    _chval                                   0x080007e5   Thumb Code    30  _chval.o(.text)
    BMS_TERMOSTAT_INI                        0x08000805   Thumb Code    58  bms_termostat.o(i.BMS_TERMOSTAT_INI)
    DMA1_Channel2_3_IRQHandler               0x08000851   Thumb Code     2  stm32f0xx_it.o(i.DMA1_Channel2_3_IRQHandler)
    ESP_ini                                  0x08000855   Thumb Code    46  main_esp.o(i.ESP_ini)
    ESP_main                                 0x0800088d   Thumb Code    34  main_esp.o(i.ESP_main)
    ESP_timer                                0x080008c9   Thumb Code    46  main_esp.o(i.ESP_timer)
    HAL_IncTick                              0x0800091d   Thumb Code    12  stm32f0xx_hal.o(i.HAL_IncTick)
    HAL_Init                                 0x0800092d   Thumb Code    26  stm32f0xx_hal.o(i.HAL_Init)
    HAL_InitTick                             0x0800094d   Thumb Code    58  stm32f0xx_hal.o(i.HAL_InitTick)
    HAL_MspInit                              0x08000991   Thumb Code     2  stm32f0xx_hal.o(i.HAL_MspInit)
    HAL_NVIC_SetPriority                     0x08000993   Thumb Code     8  stm32f0xx_hal_cortex.o(i.HAL_NVIC_SetPriority)
    HAL_SYSTICK_Config                       0x0800099d   Thumb Code    38  stm32f0xx_hal_cortex.o(i.HAL_SYSTICK_Config)
    HardFault_Handler                        0x080009cd   Thumb Code    10  stm32f0xx_it.o(i.HardFault_Handler)
    LL_GPIO_Init                             0x080009ed   Thumb Code   174  stm32f0xx_ll_gpio_2.o(i.LL_GPIO_Init)
    LL_Init1msTick                           0x08000a9d   Thumb Code    26  stm32f0xx_ll_utils_1.o(i.LL_Init1msTick)
    LL_SetSystemCoreClock                    0x08000abd   Thumb Code     6  stm32f0xx_ll_utils_1.o(i.LL_SetSystemCoreClock)
    LL_mDelay                                0x08000ac9   Thumb Code    28  stm32f0xx_ll_utils_1.o(i.LL_mDelay)
    NMI_Handler                              0x08000ae9   Thumb Code     2  stm32f0xx_it.o(i.NMI_Handler)
    PendSV_Handler                           0x08000aeb   Thumb Code     2  stm32f0xx_it.o(i.PendSV_Handler)
    SPI_w25q                                 0x08000aed   Thumb Code    38  spi_stm32f030.o(i.SPI_w25q)
    SVC_Handler                              0x08000b19   Thumb Code     2  stm32f0xx_it.o(i.SVC_Handler)
    Square                                   0x08000b1b   Thumb Code    56  lcd_nokia1616_my_fun.o(i.Square)
    SysTick_Handler                          0x08000b53   Thumb Code    12  stm32f0xx_it.o(i.SysTick_Handler)
    SystemInit                               0x08000b5f   Thumb Code     2  system_stm32f0xx.o(i.SystemInit)
    TIM14_IRQHandler                         0x08000b61   Thumb Code    18  stm32f0xx_it.o(i.TIM14_IRQHandler)
    USART1_IRQHandler                        0x08000b79   Thumb Code    40  stm32f0xx_it.o(i.USART1_IRQHandler)
    USART_ini                                0x08000ba9   Thumb Code   142  usart_stm32f030.o(i.USART_ini)
    W25Q_Enable_Write                        0x08000c45   Thumb Code    20  w25q.o(i.W25Q_Enable_Write)
    W25Q_EraseSector4KB                      0x08000c59   Thumb Code    64  w25q.o(i.W25Q_EraseSector4KB)
    W25Q_ReadPage                            0x08000c9d   Thumb Code    68  w25q.o(i.W25Q_ReadPage)
    W25Q_ReadPage_start                      0x08000ce1   Thumb Code    42  w25q.o(i.W25Q_ReadPage_start)
    W25Q_Read_Manufact_Device_ID             0x08000d0d   Thumb Code    62  w25q.o(i.W25Q_Read_Manufact_Device_ID)
    W25Q_Read_StatusReg                      0x08000d51   Thumb Code    48  w25q.o(i.W25Q_Read_StatusReg)
    W25Q_WaitBusy                            0x08000d85   Thumb Code    22  w25q.o(i.W25Q_WaitBusy)
    W25Q_WritePage                           0x08000da1   Thumb Code    74  w25q.o(i.W25Q_WritePage)
    W25Q_WritePage_start                     0x08000deb   Thumb Code    46  w25q.o(i.W25Q_WritePage_start)
    W25Q_ini                                 0x08000e19   Thumb Code    92  w25q.o(i.W25Q_ini)
    __0printf                                0x08000e75   Thumb Code    24  printfa.o(i.__0printf)
    __1printf                                0x08000e75   Thumb Code     0  printfa.o(i.__0printf)
    __2printf                                0x08000e75   Thumb Code     0  printfa.o(i.__0printf)
    __c89printf                              0x08000e75   Thumb Code     0  printfa.o(i.__0printf)
    printf                                   0x08000e75   Thumb Code     0  printfa.o(i.__0printf)
    __ARM_clz                                0x08000e95   Thumb Code    46  lfs.o(i.__ARM_clz)
    __aeabi_errno_addr                       0x08000f09   Thumb Code     4  errno.o(i.__aeabi_errno_addr)
    __rt_errno_addr                          0x08000f09   Thumb Code     0  errno.o(i.__aeabi_errno_addr)
    __scatterload_copy                       0x08000f11   Thumb Code    14  handlers.o(i.__scatterload_copy)
    __scatterload_null                       0x08000f1f   Thumb Code     2  handlers.o(i.__scatterload_null)
    __scatterload_zeroinit                   0x08000f21   Thumb Code    14  handlers.o(i.__scatterload_zeroinit)
    _nlcdCmd1616                             0x080010a5   Thumb Code    52  nokia1661_lcd_driver.o(i._nlcdCmd1616)
    _nlcdSend                                0x080010d9   Thumb Code   168  nokia1661_lcd_driver.o(i._nlcdSend)
    _nlcdSendCmd                             0x08001189   Thumb Code     8  nokia1661_lcd_driver.o(i._nlcdSendCmd)
    _nlcdSetWindow                           0x08001191   Thumb Code    42  nokia1661_lcd_driver.o(i._nlcdSetWindow)
    adc_calibre                              0x080018f5   Thumb Code    18  adc_stm32f030.o(i.adc_calibre)
    adc_ini                                  0x0800190d   Thumb Code   100  adc_stm32f030.o(i.adc_ini)
    clear_temp_ram                           0x08001981   Thumb Code    28  pc_com_lcd.o(i.clear_temp_ram)
    clock_ini                                0x080019a9   Thumb Code   150  cortex_stm32f030.o(i.clock_ini)
    clr_str_rx                               0x08001a4d   Thumb Code    36  pc_com_lcd.o(i.clr_str_rx)
    dark_mode_manage                         0x08001a79   Thumb Code    94  bms_termostat.o(i.dark_mode_manage)
    debuge_uart                              0x08001ae5   Thumb Code    58  pc_com_lcd.o(i.debuge_uart)
    dma_ini                                  0x08001b45   Thumb Code    12  cortex_stm32f030.o(i.dma_ini)
    fputc                                    0x08001b55   Thumb Code    20  retarget_io.o(i.fputc)
    gpio_ini                                 0x08001b6d   Thumb Code   142  gpio_stm32f030.o(i.gpio_ini)
    hard_ini                                 0x08001c01   Thumb Code    58  main.o(i.hard_ini)
    help                                     0x08001c3d   Thumb Code   104  pc_com_lcd.o(i.help)
    ini_cpu_timer                            0x08001d15   Thumb Code   142  cpu_timer.o(i.ini_cpu_timer)
    init_touch_led                           0x08001dc1   Thumb Code   182  touch_bs813.o(i.init_touch_led)
    interupt_soft_uart                       0x08001e81   Thumb Code    38  main_esp.o(i.interupt_soft_uart)
    lcd_put_number                           0x08001eb1   Thumb Code   110  lcd_nokia1616_my_fun.o(i.lcd_put_number)
    lcd_put_picture                          0x08001f21   Thumb Code   216  pc_com_lcd.o(i.lcd_put_picture)
    main                                     0x08002071   Thumb Code   104  main.o(i.main)
    nlcdGetHeight                            0x080020e1   Thumb Code    20  nokia1661_lcd_driver.o(i.nlcdGetHeight)
    nlcdGetWidth                             0x080020f9   Thumb Code    20  nokia1661_lcd_driver.o(i.nlcdGetWidth)
    nlcdInit                                 0x08002111   Thumb Code   190  nokia1661_lcd_driver.o(i.nlcdInit)
    nlcdPixel                                0x080021d9   Thumb Code    54  nokia1661_lcd_driver.o(i.nlcdPixel)
    nlcdSetOrientation                       0x08002211   Thumb Code    48  nokia1661_lcd_driver.o(i.nlcdSetOrientation)
    nvic_ini                                 0x08002245   Thumb Code    20  cortex_stm32f030.o(i.nvic_ini)
    put_char                                 0x08002261   Thumb Code   168  lcd_nokia1616_my_fun.o(i.put_char)
    put_picture_from_spi_flash               0x0800230d   Thumb Code   182  lcd_nokia1616_my_fun.o(i.put_picture_from_spi_flash)
    put_w25q_register                        0x08002401   Thumb Code    58  pc_com_lcd.o(i.put_w25q_register)
    read_gpio                                0x080024ad   Thumb Code    14  main.o(i.read_gpio)
    read_touch                               0x080024bd   Thumb Code   238  touch_bs813.o(i.read_touch)
    scan_uart_get_int                        0x080025bd   Thumb Code    48  pc_com_lcd.o(i.scan_uart_get_int)
    seting_set_point                         0x080025f9   Thumb Code   516  bms_termostat.o(i.seting_set_point)
    soft_ini                                 0x08002815   Thumb Code    12  main.o(i.soft_ini)
    soft_uart_get_byte                       0x08002821   Thumb Code    58  usart_stm32f030.o(i.soft_uart_get_byte)
    soft_uart_ini                            0x08002861   Thumb Code    56  usart_stm32f030.o(i.soft_uart_ini)
    soft_uart_rx_check                       0x080028a1   Thumb Code    86  usart_stm32f030.o(i.soft_uart_rx_check)
    soft_uart_rx_str_clear                   0x08002901   Thumb Code    26  usart_stm32f030.o(i.soft_uart_rx_str_clear)
    soft_uart_send_byte                      0x08002921   Thumb Code    54  usart_stm32f030.o(i.soft_uart_send_byte)
    spi_ini                                  0x0800295d   Thumb Code    56  spi_stm32f030.o(i.spi_ini)
    startup_lcd_picture                      0x08002999   Thumb Code    48  bms_termostat.o(i.startup_lcd_picture)
    stdout_putchar                           0x080029cd   Thumb Code    44  stdout_user.o(i.stdout_putchar)
    tim14_ini                                0x08002a01   Thumb Code    66  timer_stm32f030.o(i.tim14_ini)
    timer_basic_manager                      0x08002a59   Thumb Code   152  cpu_timer.o(i.timer_basic_manager)
    timer_second_manager                     0x08002b01   Thumb Code    96  cpu_timer.o(i.timer_second_manager)
    uart_delay                               0x08002b6d   Thumb Code    12  usart_stm32f030.o(i.uart_delay)
    uart_manager_interupt_rx                 0x08002b79   Thumb Code    76  pc_com_lcd.o(i.uart_manager_interupt_rx)
    w25q                                     0x08002bd5   Thumb Code   712  pc_com_lcd.o(i.w25q)
    w25q_put_page                            0x08003079   Thumb Code   100  pc_com_lcd.o(i.w25q_put_page)
    _lcd_init_list                           0x08003104   Data          12  nokia1661_lcd_driver.o(.constdata)
    font5x7latcyr                            0x08003110   Data         807  lcd_nokia1616_my_fun.o(.constdata)
    __ctype_table                            0x08003437   Data         129  ctype_o.o(.constdata)
    Region$$Table$$Base                      0x0800354c   Number         0  anon$$obj.o(Region$$Table)
    Region$$Table$$Limit                     0x0800356c   Number         0  anon$$obj.o(Region$$Table)
    soft_usart_TX                            0x20000000   Data           1  main.o(.data)
    programer                                0x20000004   Data           8  main.o(.data)
    bms                                      0x2000000c   Data           8  main.o(.data)
    data_rx                                  0x20000014   Data           1  stm32f0xx_it.o(.data)
    debuge_var                               0x20000030   Data           1  pc_com_lcd.o(.data)
    temp_dark_mode                           0x20000031   Data           1  bms_termostat.o(.data)
    uwTickFreq                               0x20000034   Data           1  stm32f0xx_hal.o(.data)
    uwTickPrio                               0x20000038   Data           4  stm32f0xx_hal.o(.data)
    uwTick                                   0x2000003c   Data           4  stm32f0xx_hal.o(.data)
    SystemCoreClock                          0x20000040   Data           4  system_stm32f0xx.o(.data)
    __stdout                                 0x20000044   Data           4  stdout.o(.data)
    soft_usart_RX                            0x2000004c   Data          22  main.o(.bss)
    tbr_g1                                   0x20000064   Data          40  main.o(.bss)
    tb_g2                                    0x2000008c   Data          40  main.o(.bss)
    tbrc_s1                                  0x200000b4   Data          40  main.o(.bss)
    c                                        0x200000dc   Data          16  main.o(.bss)
    W25Q                                     0x200000ec   Data          20  main.o(.bss)
    touch                                    0x20000100   Data          16  main.o(.bss)
    ram_read                                 0x20000110   Data         512  main.o(.bss)
    ram_write                                0x20000310   Data         512  main.o(.bss)
    _lcd_data                                0x20000510   Data          20  nokia1661_lcd_driver.o(.bss)
    usart_RX                                 0x20000524   Data          21  pc_com_lcd.o(.bss)
    temp                                     0x20000539   Data          10  bms_termostat.o(.bss)
    __initial_sp                             0x20000948   Data           0  startup_stm32f030x6.o(STACK)



==============================================================================

Memory Map of the image

  Image Entry point : 0x080000b1

  Load Region LR_IROM1 (Base: 0x08000000, Size: 0x000035b8, Max: 0x00008000, ABSOLUTE)

    Execution Region ER_IROM1 (Exec base: 0x08000000, Load base: 0x08000000, Size: 0x0000356c, Max: 0x00008000, ABSOLUTE)

    Exec Addr    Load Addr    Size         Type   Attr      Idx    E Section Name        Object

    0x08000000   0x08000000   0x000000b0   Data   RO            3    RESET               startup_stm32f030x6.o
    0x080000b0   0x080000b0   0x00000000   Code   RO         3963  * .ARM.Collect$$$$00000000  mc_p.l(entry.o)
    0x080000b0   0x080000b0   0x00000004   Code   RO         4263    .ARM.Collect$$$$00000001  mc_p.l(entry2.o)
    0x080000b4   0x080000b4   0x00000004   Code   RO         4266    .ARM.Collect$$$$00000004  mc_p.l(entry5.o)
    0x080000b8   0x080000b8   0x00000000   Code   RO         4268    .ARM.Collect$$$$00000008  mc_p.l(entry7b.o)
    0x080000b8   0x080000b8   0x00000000   Code   RO         4270    .ARM.Collect$$$$0000000A  mc_p.l(entry8b.o)
    0x080000b8   0x080000b8   0x00000008   Code   RO         4271    .ARM.Collect$$$$0000000B  mc_p.l(entry9a.o)
    0x080000c0   0x080000c0   0x00000000   Code   RO         4273    .ARM.Collect$$$$0000000D  mc_p.l(entry10a.o)
    0x080000c0   0x080000c0   0x00000000   Code   RO         4275    .ARM.Collect$$$$0000000F  mc_p.l(entry11a.o)
    0x080000c0   0x080000c0   0x00000004   Code   RO         4264    .ARM.Collect$$$$00002712  mc_p.l(entry2.o)
    0x080000c4   0x080000c4   0x0000001c   Code   RO            4    .text               startup_stm32f030x6.o
    0x080000e0   0x080000e0   0x0000002c   Code   RO         3972    .text               mc_p.l(uidiv.o)
    0x0800010c   0x0800010c   0x00000028   Code   RO         3974    .text               mc_p.l(idiv.o)
    0x08000134   0x08000134   0x00000060   Code   RO         3976    .text               mc_p.l(uldiv.o)
    0x08000194   0x08000194   0x00000022   Code   RO         3978    .text               mc_p.l(llushr.o)
    0x080001b6   0x080001b6   0x00000024   Code   RO         3982    .text               mc_p.l(memseta.o)
    0x080001da   0x080001da   0x0000001c   Code   RO         3988    .text               mc_p.l(strcmp.o)
    0x080001f6   0x080001f6   0x0000001a   Code   RO         4261    .text               mc_p.l(atoi.o)
    0x08000210   0x08000210   0x00000020   Code   RO         4277    .text               mc_p.l(llshl.o)
    0x08000230   0x08000230   0x00000070   Code   RO         4286    .text               mc_p.l(strtol.o)
    0x080002a0   0x080002a0   0x00000000   Code   RO         4288    .text               mc_p.l(iusefp.o)
    0x080002a0   0x080002a0   0x00000164   Code   RO         4289    .text               mf_p.l(dadd.o)
    0x08000404   0x08000404   0x000000d0   Code   RO         4291    .text               mf_p.l(dmul.o)
    0x080004d4   0x080004d4   0x000000f0   Code   RO         4293    .text               mf_p.l(ddiv.o)
    0x080005c4   0x080005c4   0x00000040   Code   RO         4295    .text               mf_p.l(dfixul.o)
    0x08000604   0x08000604   0x00000028   Code   RO         4297    .text               mf_p.l(cdrcmple.o)
    0x0800062c   0x0800062c   0x00000024   Code   RO         4299    .text               mc_p.l(init.o)
    0x08000650   0x08000650   0x00000026   Code   RO         4301    .text               mc_p.l(llsshr.o)
    0x08000676   0x08000676   0x00000002   PAD
    0x08000678   0x08000678   0x00000008   Code   RO         4303    .text               mc_p.l(ctype_o.o)
    0x08000680   0x08000680   0x000000a6   Code   RO         4331    .text               mc_p.l(_strtoul.o)
    0x08000726   0x08000726   0x000000be   Code   RO         4333    .text               mf_p.l(depilogue.o)
    0x080007e4   0x080007e4   0x0000001e   Code   RO         4335    .text               mc_p.l(_chval.o)
    0x08000802   0x08000802   0x00000002   PAD
    0x08000804   0x08000804   0x0000004c   Code   RO         1825    i.BMS_TERMOSTAT_INI  bms_termostat.o
    0x08000850   0x08000850   0x00000002   Code   RO          305    i.DMA1_Channel2_3_IRQHandler  stm32f0xx_it.o
    0x08000852   0x08000852   0x00000002   PAD
    0x08000854   0x08000854   0x00000038   Code   RO         1868    i.ESP_ini           main_esp.o
    0x0800088c   0x0800088c   0x0000003c   Code   RO         1869    i.ESP_main          main_esp.o
    0x080008c8   0x080008c8   0x00000054   Code   RO         1870    i.ESP_timer         main_esp.o
    0x0800091c   0x0800091c   0x00000010   Code   RO         2502    i.HAL_IncTick       stm32f0xx_hal.o
    0x0800092c   0x0800092c   0x00000020   Code   RO         2503    i.HAL_Init          stm32f0xx_hal.o
    0x0800094c   0x0800094c   0x00000044   Code   RO         2504    i.HAL_InitTick      stm32f0xx_hal.o
    0x08000990   0x08000990   0x00000002   Code   RO         2506    i.HAL_MspInit       stm32f0xx_hal.o
    0x08000992   0x08000992   0x00000008   Code   RO         3307    i.HAL_NVIC_SetPriority  stm32f0xx_hal_cortex.o
    0x0800099a   0x0800099a   0x00000002   PAD
    0x0800099c   0x0800099c   0x00000030   Code   RO         3311    i.HAL_SYSTICK_Config  stm32f0xx_hal_cortex.o
    0x080009cc   0x080009cc   0x00000020   Code   RO          306    i.HardFault_Handler  stm32f0xx_it.o
    0x080009ec   0x080009ec   0x000000ae   Code   RO         3776    i.LL_GPIO_Init      stm32f0xx_ll_gpio_2.o
    0x08000a9a   0x08000a9a   0x00000002   PAD
    0x08000a9c   0x08000a9c   0x00000020   Code   RO         3833    i.LL_Init1msTick    stm32f0xx_ll_utils_1.o
    0x08000abc   0x08000abc   0x0000000c   Code   RO         3838    i.LL_SetSystemCoreClock  stm32f0xx_ll_utils_1.o
    0x08000ac8   0x08000ac8   0x00000020   Code   RO         3839    i.LL_mDelay         stm32f0xx_ll_utils_1.o
    0x08000ae8   0x08000ae8   0x00000002   Code   RO          307    i.NMI_Handler       stm32f0xx_it.o
    0x08000aea   0x08000aea   0x00000002   Code   RO          308    i.PendSV_Handler    stm32f0xx_it.o
    0x08000aec   0x08000aec   0x0000002c   Code   RO          592    i.SPI_w25q          spi_stm32f030.o
    0x08000b18   0x08000b18   0x00000002   Code   RO          309    i.SVC_Handler       stm32f0xx_it.o
    0x08000b1a   0x08000b1a   0x00000038   Code   RO         1778    i.Square            lcd_nokia1616_my_fun.o
    0x08000b52   0x08000b52   0x0000000c   Code   RO          310    i.SysTick_Handler   stm32f0xx_it.o
    0x08000b5e   0x08000b5e   0x00000002   Code   RO         3734    i.SystemInit        system_stm32f0xx.o
    0x08000b60   0x08000b60   0x00000018   Code   RO          311    i.TIM14_IRQHandler  stm32f0xx_it.o
    0x08000b78   0x08000b78   0x00000030   Code   RO          312    i.USART1_IRQHandler  stm32f0xx_it.o
    0x08000ba8   0x08000ba8   0x0000009c   Code   RO          374    i.USART_ini         usart_stm32f030.o
    0x08000c44   0x08000c44   0x00000014   Code   RO          646    i.W25Q_Enable_Write  w25q.o
    0x08000c58   0x08000c58   0x00000044   Code   RO          650    i.W25Q_EraseSector4KB  w25q.o
    0x08000c9c   0x08000c9c   0x00000044   Code   RO          651    i.W25Q_ReadPage     w25q.o
    0x08000ce0   0x08000ce0   0x0000002a   Code   RO          652    i.W25Q_ReadPage_start  w25q.o
    0x08000d0a   0x08000d0a   0x00000002   PAD
    0x08000d0c   0x08000d0c   0x00000044   Code   RO          653    i.W25Q_Read_Manufact_Device_ID  w25q.o
    0x08000d50   0x08000d50   0x00000034   Code   RO          654    i.W25Q_Read_StatusReg  w25q.o
    0x08000d84   0x08000d84   0x0000001c   Code   RO          655    i.W25Q_WaitBusy     w25q.o
    0x08000da0   0x08000da0   0x0000004a   Code   RO          656    i.W25Q_WritePage    w25q.o
    0x08000dea   0x08000dea   0x0000002e   Code   RO          657    i.W25Q_WritePage_start  w25q.o
    0x08000e18   0x08000e18   0x0000005c   Code   RO          658    i.W25Q_ini          w25q.o
    0x08000e74   0x08000e74   0x00000020   Code   RO         4233    i.__0printf         mc_p.l(printfa.o)
    0x08000e94   0x08000e94   0x0000002e   Code   RO         1394    i.__ARM_clz         lfs.o
    0x08000ec2   0x08000ec2   0x00000002   PAD
    0x08000ec4   0x08000ec4   0x00000044   Code   RO         3313    i.__NVIC_SetPriority  stm32f0xx_hal_cortex.o
    0x08000f08   0x08000f08   0x00000008   Code   RO         4279    i.__aeabi_errno_addr  mc_p.l(errno.o)
    0x08000f10   0x08000f10   0x0000000e   Code   RO         4339    i.__scatterload_copy  mc_p.l(handlers.o)
    0x08000f1e   0x08000f1e   0x00000002   Code   RO         4340    i.__scatterload_null  mc_p.l(handlers.o)
    0x08000f20   0x08000f20   0x0000000e   Code   RO         4341    i.__scatterload_zeroinit  mc_p.l(handlers.o)
    0x08000f2e   0x08000f2e   0x00000002   PAD
    0x08000f30   0x08000f30   0x00000174   Code   RO         4240    i._fp_digits        mc_p.l(printfa.o)
    0x080010a4   0x080010a4   0x00000034   Code   RO         1479    i._nlcdCmd1616      nokia1661_lcd_driver.o
    0x080010d8   0x080010d8   0x000000b0   Code   RO         1482    i._nlcdSend         nokia1661_lcd_driver.o
    0x08001188   0x08001188   0x00000008   Code   RO         1483    i._nlcdSendCmd      nokia1661_lcd_driver.o
    0x08001190   0x08001190   0x0000002a   Code   RO         1486    i._nlcdSetWindow    nokia1661_lcd_driver.o
    0x080011ba   0x080011ba   0x00000002   PAD
    0x080011bc   0x080011bc   0x000006ec   Code   RO         4241    i._printf_core      mc_p.l(printfa.o)
    0x080018a8   0x080018a8   0x00000020   Code   RO         4242    i._printf_post_padding  mc_p.l(printfa.o)
    0x080018c8   0x080018c8   0x0000002c   Code   RO         4243    i._printf_pre_padding  mc_p.l(printfa.o)
    0x080018f4   0x080018f4   0x00000018   Code   RO          439    i.adc_calibre       adc_stm32f030.o
    0x0800190c   0x0800190c   0x00000074   Code   RO          440    i.adc_ini           adc_stm32f030.o
    0x08001980   0x08001980   0x00000028   Code   RO         1652    i.clear_temp_ram    pc_com_lcd.o
    0x080019a8   0x080019a8   0x000000a4   Code   RO          474    i.clock_ini         cortex_stm32f030.o
    0x08001a4c   0x08001a4c   0x0000002c   Code   RO         1653    i.clr_str_rx        pc_com_lcd.o
    0x08001a78   0x08001a78   0x0000006c   Code   RO         1826    i.dark_mode_manage  bms_termostat.o
    0x08001ae4   0x08001ae4   0x00000060   Code   RO         1654    i.debuge_uart       pc_com_lcd.o
    0x08001b44   0x08001b44   0x00000010   Code   RO          475    i.dma_ini           cortex_stm32f030.o
    0x08001b54   0x08001b54   0x00000018   Code   RO         3911    i.fputc             retarget_io.o
    0x08001b6c   0x08001b6c   0x00000094   Code   RO          535    i.gpio_ini          gpio_stm32f030.o
    0x08001c00   0x08001c00   0x0000003a   Code   RO           13    i.hard_ini          main.o
    0x08001c3a   0x08001c3a   0x00000002   PAD
    0x08001c3c   0x08001c3c   0x000000d8   Code   RO         1655    i.help              pc_com_lcd.o
    0x08001d14   0x08001d14   0x000000ac   Code   RO          553    i.ini_cpu_timer     cpu_timer.o
    0x08001dc0   0x08001dc0   0x000000c0   Code   RO         1748    i.init_touch_led    touch_bs813.o
    0x08001e80   0x08001e80   0x00000030   Code   RO         1871    i.interupt_soft_uart  main_esp.o
    0x08001eb0   0x08001eb0   0x0000006e   Code   RO         1779    i.lcd_put_number    lcd_nokia1616_my_fun.o
    0x08001f1e   0x08001f1e   0x00000002   PAD
    0x08001f20   0x08001f20   0x00000150   Code   RO         1657    i.lcd_put_picture   pc_com_lcd.o
    0x08002070   0x08002070   0x00000070   Code   RO           14    i.main              main.o
    0x080020e0   0x080020e0   0x00000018   Code   RO         1492    i.nlcdGetHeight     nokia1661_lcd_driver.o
    0x080020f8   0x080020f8   0x00000018   Code   RO         1493    i.nlcdGetWidth      nokia1661_lcd_driver.o
    0x08002110   0x08002110   0x000000c8   Code   RO         1495    i.nlcdInit          nokia1661_lcd_driver.o
    0x080021d8   0x080021d8   0x00000036   Code   RO         1496    i.nlcdPixel         nokia1661_lcd_driver.o
    0x0800220e   0x0800220e   0x00000002   PAD
    0x08002210   0x08002210   0x00000034   Code   RO         1499    i.nlcdSetOrientation  nokia1661_lcd_driver.o
    0x08002244   0x08002244   0x0000001c   Code   RO          476    i.nvic_ini          cortex_stm32f030.o
    0x08002260   0x08002260   0x000000ac   Code   RO         1780    i.put_char          lcd_nokia1616_my_fun.o
    0x0800230c   0x0800230c   0x000000f4   Code   RO         1781    i.put_picture_from_spi_flash  lcd_nokia1616_my_fun.o
    0x08002400   0x08002400   0x000000ac   Code   RO         1658    i.put_w25q_register  pc_com_lcd.o
    0x080024ac   0x080024ac   0x0000000e   Code   RO           15    i.read_gpio         main.o
    0x080024ba   0x080024ba   0x00000002   PAD
    0x080024bc   0x080024bc   0x00000100   Code   RO         1749    i.read_touch        touch_bs813.o
    0x080025bc   0x080025bc   0x0000003c   Code   RO         1659    i.scan_uart_get_int  pc_com_lcd.o
    0x080025f8   0x080025f8   0x0000021c   Code   RO         1827    i.seting_set_point  bms_termostat.o
    0x08002814   0x08002814   0x0000000c   Code   RO           16    i.soft_ini          main.o
    0x08002820   0x08002820   0x00000040   Code   RO          375    i.soft_uart_get_byte  usart_stm32f030.o
    0x08002860   0x08002860   0x00000040   Code   RO          376    i.soft_uart_ini     usart_stm32f030.o
    0x080028a0   0x080028a0   0x00000060   Code   RO          377    i.soft_uart_rx_check  usart_stm32f030.o
    0x08002900   0x08002900   0x00000020   Code   RO          378    i.soft_uart_rx_str_clear  usart_stm32f030.o
    0x08002920   0x08002920   0x0000003c   Code   RO          379    i.soft_uart_send_byte  usart_stm32f030.o
    0x0800295c   0x0800295c   0x0000003c   Code   RO          595    i.spi_ini           spi_stm32f030.o
    0x08002998   0x08002998   0x00000034   Code   RO         1828    i.startup_lcd_picture  bms_termostat.o
    0x080029cc   0x080029cc   0x00000034   Code   RO         1457    i.stdout_putchar    stdout_user.o
    0x08002a00   0x08002a00   0x00000058   Code   RO          515    i.tim14_ini         timer_stm32f030.o
    0x08002a58   0x08002a58   0x000000a8   Code   RO          554    i.timer_basic_manager  cpu_timer.o
    0x08002b00   0x08002b00   0x0000006c   Code   RO          555    i.timer_second_manager  cpu_timer.o
    0x08002b6c   0x08002b6c   0x0000000c   Code   RO          380    i.uart_delay        usart_stm32f030.o
    0x08002b78   0x08002b78   0x0000005c   Code   RO         1660    i.uart_manager_interupt_rx  pc_com_lcd.o
    0x08002bd4   0x08002bd4   0x000004a4   Code   RO         1661    i.w25q              pc_com_lcd.o
    0x08003078   0x08003078   0x0000008c   Code   RO         1662    i.w25q_put_page     pc_com_lcd.o
    0x08003104   0x08003104   0x0000000c   Data   RO         1505    .constdata          nokia1661_lcd_driver.o
    0x08003110   0x08003110   0x00000327   Data   RO         1782    .constdata          lcd_nokia1616_my_fun.o
    0x08003437   0x08003437   0x00000081   Data   RO         4304    .constdata          mc_p.l(ctype_o.o)
    0x080034b8   0x080034b8   0x00000004   Data   RO         4305    .constdata          mc_p.l(ctype_o.o)
    0x080034bc   0x080034bc   0x0000008e   Data   RO         1664    .conststring        pc_com_lcd.o
    0x0800354a   0x0800354a   0x00000002   PAD
    0x0800354c   0x0800354c   0x00000020   Data   RO         4337    Region$$Table       anon$$obj.o


    Execution Region RW_IRAM1 (Exec base: 0x20000000, Load base: 0x0800356c, Size: 0x00000948, Max: 0x00001000, ABSOLUTE)

    Exec Addr    Load Addr    Size         Type   Attr      Idx    E Section Name        Object

    0x20000000   0x0800356c   0x00000001   Data   RW           39    .data               main.o
    0x20000001   0x0800356d   0x00000003   PAD
    0x20000004   0x08003570   0x00000008   Data   RW           40    .data               main.o
    0x2000000c   0x08003578   0x00000008   Data   RW           41    .data               main.o
    0x20000014   0x08003580   0x00000001   Data   RW          314    .data               stm32f0xx_it.o
    0x20000015   0x08003581   0x00000009   Data   RW          659    .data               w25q.o
    0x2000001e   0x0800358a   0x00000012   Data   RW         1506    .data               nokia1661_lcd_driver.o
    0x20000030   0x0800359c   0x00000001   Data   RW         1666    .data               pc_com_lcd.o
    0x20000031   0x0800359d   0x00000001   Data   RW         1830    .data               bms_termostat.o
    0x20000032   0x0800359e   0x00000002   PAD
    0x20000034   0x080035a0   0x0000000c   Data   RW         2510    .data               stm32f0xx_hal.o
    0x20000040   0x080035ac   0x00000004   Data   RW         3737    .data               system_stm32f0xx.o
    0x20000044   0x080035b0   0x00000004   Data   RW         3970    .data               mc_p.l(stdout.o)
    0x20000048   0x080035b4   0x00000004   Data   RW         4282    .data               mc_p.l(errno.o)
    0x2000004c        -       0x00000040   Zero   RW           21    .bss                main.o
    0x2000008c        -       0x00000028   Zero   RW           23    .bss                main.o
    0x200000b4        -       0x00000028   Zero   RW           24    .bss                main.o
    0x200000dc        -       0x00000010   Zero   RW           25    .bss                main.o
    0x200000ec        -       0x00000014   Zero   RW           26    .bss                main.o
    0x20000100        -       0x00000010   Zero   RW           27    .bss                main.o
    0x20000110        -       0x00000200   Zero   RW           29    .bss                main.o
    0x20000310        -       0x00000200   Zero   RW           30    .bss                main.o
    0x20000510        -       0x00000014   Zero   RW         1504    .bss                nokia1661_lcd_driver.o
    0x20000524        -       0x00000015   Zero   RW         1663    .bss                pc_com_lcd.o
    0x20000539        -       0x0000000a   Zero   RW         1829    .bss                bms_termostat.o
    0x20000543   0x080035b8   0x00000005   PAD
    0x20000548        -       0x00000400   Zero   RW            1    STACK               startup_stm32f030x6.o


==============================================================================

Image component sizes


      Code (inc. data)   RO Data    RW Data    ZI Data      Debug   Object Name

       140         22          0          0          0       3636   adc_stm32f030.o
       776         60          0          1         10       3323   bms_termostat.o
       208         26          0          0          0      27461   cortex_stm32f030.o
       448         58          0          0          0       1813   cpu_timer.o
       148          6          0          0          0        751   gpio_stm32f030.o
       582         66        807          0          0       4580   lcd_nokia1616_my_fun.o
        46          0          0          0          0         60   lfs.o
       196          8          0         17       1220     194372   main.o
       248         84          0          0          0       1978   main_esp.o
       632         30         12         18         20       7272   nokia1661_lcd_driver.o
      2384        948        142          1         21       6699   pc_com_lcd.o
        24          4          0          0          0       1880   retarget_io.o
       104         10          0          0          0       1117   spi_stm32f030.o
        28          8        176          0       1024        652   startup_stm32f030x6.o
        52          8          0          0          0        585   stdout_user.o
       118         20          0         12          0       7341   stm32f0xx_hal.o
       124         18          0          0          0       9748   stm32f0xx_hal_cortex.o
       124         36          0          1          0       4035   stm32f0xx_it.o
       174          0          0          0          0       6811   stm32f0xx_ll_gpio_2.o
        76         16          0          0          0       6033   stm32f0xx_ll_utils_1.o
         2          0          0          4          0       1183   system_stm32f0xx.o
        88         22          0          0          0        600   timer_stm32f030.o
       448         28          0          0          0       1358   touch_bs813.o
       484         50          0          0          0       4916   usart_stm32f030.o
       558         20          0          9          0       7147   w25q.o

    ----------------------------------------------------------------------
      8232       1548       1171         68       2300     305351   Object Totals
         0          0         32          0          0          0   (incl. Generated)
        20          0          2          5          5          0   (incl. Padding)

    ----------------------------------------------------------------------

      Code (inc. data)   RO Data    RW Data    ZI Data      Debug   Library Member Name

        30          0          0          0          0         60   _chval.o
       166          0          0          0          0         84   _strtoul.o
        26          0          0          0          0         72   atoi.o
         8          4        133          0          0         60   ctype_o.o
         0          0          0          0          0          0   entry.o
         0          0          0          0          0          0   entry10a.o
         0          0          0          0          0          0   entry11a.o
         8          4          0          0          0          0   entry2.o
         4          0          0          0          0          0   entry5.o
         0          0          0          0          0          0   entry7b.o
         0          0          0          0          0          0   entry8b.o
         8          4          0          0          0          0   entry9a.o
         8          4          0          4          0         60   errno.o
        30          0          0          0          0          0   handlers.o
        40          0          0          0          0         72   idiv.o
        36          8          0          0          0         68   init.o
         0          0          0          0          0          0   iusefp.o
        32          0          0          0          0         68   llshl.o
        38          0          0          0          0         68   llsshr.o
        34          0          0          0          0         68   llushr.o
        36          0          0          0          0        100   memseta.o
      2252         98          0          0          0        412   printfa.o
         0          0          0          4          0          0   stdout.o
        28          0          0          0          0         68   strcmp.o
       112          4          0          0          0         76   strtol.o
        44          0          0          0          0         72   uidiv.o
        96          0          0          0          0         84   uldiv.o
        40          2          0          0          0         68   cdrcmple.o
       356          4          0          0          0        140   dadd.o
       240          6          0          0          0         84   ddiv.o
       190          0          0          0          0        156   depilogue.o
        64         10          0          0          0         68   dfixul.o
       208          6          0          0          0         88   dmul.o

    ----------------------------------------------------------------------
      4140        154        133          8          0       2096   Library Totals
         6          0          0          0          0          0   (incl. Padding)

    ----------------------------------------------------------------------

      Code (inc. data)   RO Data    RW Data    ZI Data      Debug   Library Name

      3036        126        133          8          0       1492   mc_p.l
      1098         28          0          0          0        604   mf_p.l

    ----------------------------------------------------------------------
      4140        154        133          8          0       2096   Library Totals

    ----------------------------------------------------------------------

==============================================================================


      Code (inc. data)   RO Data    RW Data    ZI Data      Debug   

     12372       1702       1304         76       2300     302795   Grand Totals
     12372       1702       1304         76       2300     302795   ELF Image Totals
     12372       1702       1304         76          0          0   ROM Totals

==============================================================================

    Total RO  Size (Code + RO Data)                13676 (  13.36kB)
    Total RW  Size (RW Data + ZI Data)              2376 (   2.32kB)
    Total ROM Size (Code + RO Data + RW Data)      13752 (  13.43kB)

==============================================================================

