<html>
<body>
<pre>
<h1>µVision Build Log</h1>
<h2>Tool Versions:</h2>
IDE-Version: µVision V5.31.0.0
Copyright (C) 2020 ARM Ltd and ARM Germany GmbH. All rights reserved.
License Information: kave rafiee, kave-electronic, LIC=----
 
Tool Versions:
Toolchain:       MDK-Lite  Version: 5.31.0.0
Toolchain Path:  C:\Keil_v5\ARM\ARMCC\Bin
C Compiler:      Armcc.exe V5.06 update 6 (build 750)
Assembler:       Armasm.exe V5.06 update 6 (build 750)
Linker/Locator:  ArmLink.exe V5.06 update 6 (build 750)
Library Manager: ArmAr.exe V5.06 update 6 (build 750)
Hex Converter:   FromElf.exe V5.06 update 6 (build 750)
CPU DLL:         SARMCM3.DLL V5.31.0.0
Dialog DLL:      DARMCM1.DLL V1.19.3.0
Target DLL:      STLink\ST-LINKIII-KEIL_SWO.dll V3.0.7.0
Dialog DLL:      TARMCM1.DLL V1.14.2.0
 
<h2>Project:</h2>
C:\Users\barby\Desktop\test_dma-hal\MDK-ARM\test_dma-hal.uvprojx
Project File Date:  03/03/2022

<h2>Output:</h2>
*** Using Compiler 'V5.06 update 6 (build 750)', folder: 'C:\Keil_v5\ARM\ARMCC\Bin'
Build target 'test_dma-hal'
Note: source file '..\Drivers\STM32F0xx_HAL_Driver\Src\stm32f0xx_ll_dma.c' - object file renamed from 'test_dma-hal\stm32f0xx_ll_dma.o' to 'test_dma-hal\stm32f0xx_ll_dma_1.o'.
Note: source file '..\Drivers\STM32F0xx_HAL_Driver\Src\stm32f0xx_ll_exti.c' - object file renamed from 'test_dma-hal\stm32f0xx_ll_exti.o' to 'test_dma-hal\stm32f0xx_ll_exti_1.o'.
Note: source file '..\Drivers\STM32F0xx_HAL_Driver\Src\stm32f0xx_ll_gpio.c' - object file renamed from 'test_dma-hal\stm32f0xx_ll_gpio.o' to 'test_dma-hal\stm32f0xx_ll_gpio_2.o'.
Note: source file '..\Drivers\STM32F0xx_HAL_Driver\Src\stm32f0xx_ll_i2c.c' - object file renamed from 'test_dma-hal\stm32f0xx_ll_i2c.o' to 'test_dma-hal\stm32f0xx_ll_i2c_1.o'.
Note: source file '..\Drivers\STM32F0xx_HAL_Driver\Src\stm32f0xx_ll_pwr.c' - object file renamed from 'test_dma-hal\stm32f0xx_ll_pwr.o' to 'test_dma-hal\stm32f0xx_ll_pwr_1.o'.
Note: source file '..\Drivers\STM32F0xx_HAL_Driver\Src\stm32f0xx_ll_rcc.c' - object file renamed from 'test_dma-hal\stm32f0xx_ll_rcc.o' to 'test_dma-hal\stm32f0xx_ll_rcc_1.o'.
Note: source file '..\Drivers\STM32F0xx_HAL_Driver\Src\stm32f0xx_ll_spi.c' - object file renamed from 'test_dma-hal\stm32f0xx_ll_spi.o' to 'test_dma-hal\stm32f0xx_ll_spi_1.o'.
Note: source file '..\Drivers\STM32F0xx_HAL_Driver\Src\stm32f0xx_ll_utils.c' - object file renamed from 'test_dma-hal\stm32f0xx_ll_utils.o' to 'test_dma-hal\stm32f0xx_ll_utils_1.o'.
assembling startup_stm32f030x6.s...
compiling stm32f0xx_it.c...
../Core/Inc/../LIB/my_struct.h(88): warning:  #1-D: last line of file ends without a newline
  #endif
../Core/Inc/../LIB/SYSTEM/USART_STM32F030.h(6): warning:  #1295-D: Deprecated declaration USART_ini - give arg types
  void USART_ini();
../Core/Inc/../LIB/SYSTEM/USART_STM32F030.h(9): warning:  #1-D: last line of file ends without a newline
  #endif
../Core/Inc/../LIB/SYSTEM/ADC_STM32F030.h(4): warning:  #1295-D: Deprecated declaration adc_calibre - give arg types
  void adc_calibre();
../Core/Inc/../LIB/SYSTEM/ADC_STM32F030.h(5): warning:  #1295-D: Deprecated declaration adc_ini - give arg types
  void adc_ini();
../Core/Inc/../LIB/SYSTEM/ADC_STM32F030.h(8): warning:  #1-D: last line of file ends without a newline
  #endif
../Core/Inc/../LIB/SYSTEM/CORTEX_STM32F030.h(4): warning:  #1295-D: Deprecated declaration dma_ini - give arg types
  void dma_ini();
../Core/Inc/../LIB/SYSTEM/CORTEX_STM32F030.h(5): warning:  #1295-D: Deprecated declaration nvic_ini - give arg types
  void nvic_ini();
../Core/Inc/../LIB/SYSTEM/CORTEX_STM32F030.h(6): warning:  #1295-D: Deprecated declaration clock_ini - give arg types
  void clock_ini();
../Core/Inc/../LIB/SYSTEM/CORTEX_STM32F030.h(8): warning:  #1-D: last line of file ends without a newline
  #endif
../Core/Inc/../LIB/SYSTEM/TIMER_STM32F030.h(4): warning:  #1295-D: Deprecated declaration tim14_ini - give arg types
  void tim14_ini();
../Core/Inc/../LIB/SYSTEM/TIMER_STM32F030.h(6): warning:  #1-D: last line of file ends without a newline
  #endif
../Core/Inc/../LIB/SYSTEM/GPIO_STM32F030.h(4): warning:  #1295-D: Deprecated declaration gpio_ini - give arg types
  void gpio_ini();
../Core/Inc/../LIB/SYSTEM/GPIO_STM32F030.h(6): warning:  #1-D: last line of file ends without a newline
  #endif
../Core/Inc/../LIB/SYSTEM/SPI_STM32F030.h(9): warning:  #1295-D: Deprecated declaration soft_spi_ini - give arg types
  void soft_spi_ini();
../Core/Inc/../LIB/SYSTEM/SPI_STM32F030.h(17): warning:  #1-D: last line of file ends without a newline
  #endif
../Core/Inc/../LIB/FUN/CPU_TIMER.h(4): warning:  #1295-D: Deprecated declaration ini_cpu_timer - give arg types
  void ini_cpu_timer();
../Core/Inc/../LIB/FUN/CPU_TIMER.h(5): warning:  #1295-D: Deprecated declaration timer_second_manager - give arg types
  void timer_second_manager();
../Core/Inc/../LIB/FUN/CPU_TIMER.h(6): warning:  #1295-D: Deprecated declaration timer_basic_manager - give arg types
  void timer_basic_manager();
../Core/Inc/../LIB/FUN/PC_COM.h(8): warning:  #1295-D: Deprecated declaration uart_manager_interupt_rx - give arg types
  void uart_manager_interupt_rx();
../Core/Inc/../LIB/FUN/PC_COM.h(9): warning:  #1295-D: Deprecated declaration uart_manager_interupt_tx - give arg types
  void uart_manager_interupt_tx();
../Core/Inc/../LIB/FUN/PC_COM.h(10): warning:  #1295-D: Deprecated declaration debuge_uart - give arg types
  void debuge_uart();
../Core/Inc/../LIB/FUN/PC_COM.h(11): warning:  #1295-D: Deprecated declaration clr_str_tx - give arg types
  void clr_str_tx();
../Core/Inc/../LIB/FUN/PC_COM.h(12): warning:  #1295-D: Deprecated declaration clr_str_rx - give arg types
  void clr_str_rx();
../Core/Inc/../LIB/FUN/PC_COM.h(13): warning:  #1295-D: Deprecated declaration ini_debuge - give arg types
  void ini_debuge();
../Core/Inc/../LIB/FUN/PC_COM.h(14): warning:  #1295-D: Deprecated declaration program_manager - give arg types
  void program_manager();
../Core/Inc/../LIB/FUN/W25Q.h(56): warning:  #1295-D: Deprecated declaration W25Q_ini - give arg types
  void W25Q_ini();
../Core/Inc/../LIB/FUN/W25Q.h(63): warning:  #1295-D: Deprecated declaration W25Q_Read_Manufact_Device_ID - give arg types
  void W25Q_Read_Manufact_Device_ID();
../Core/Inc/../LIB/FUN/W25Q.h(64): warning:  #1295-D: Deprecated declaration W25Q_Read_StatusReg - give arg types
  void W25Q_Read_StatusReg();
../Core/Inc/../LIB/FUN/W25Q.h(70): warning:  #1-D: last line of file ends without a newline
  #endif
../Core/Inc/../LIB/CODE/DAC.H(4): warning:  #1295-D: Deprecated declaration dac_ini - give arg types
  	void dac_ini();
../Core/Inc/../LIB/CODE/DAC.H(5): warning:  #1295-D: Deprecated declaration dac - give arg types
  	void dac();
../Core/Inc/../LIB/CODE/DAC.H(6): warning:  #1295-D: Deprecated declaration dac_start - give arg types
  	void dac_start();
../Core/Inc/../LIB/CODE/DAC.H(8): warning:  #1-D: last line of file ends without a newline
  #endif
../Core/Src/stm32f0xx_it.c: 34 warnings, 0 errors
compiling main.c...
../Core/Inc/../LIB/my_struct.h(88): warning:  #1-D: last line of file ends without a newline
  #endif
../Core/Inc/../LIB/SYSTEM/USART_STM32F030.h(6): warning:  #1295-D: Deprecated declaration USART_ini - give arg types
  void USART_ini();
../Core/Inc/../LIB/SYSTEM/USART_STM32F030.h(9): warning:  #1-D: last line of file ends without a newline
  #endif
../Core/Inc/../LIB/SYSTEM/ADC_STM32F030.h(4): warning:  #1295-D: Deprecated declaration adc_calibre - give arg types
  void adc_calibre();
../Core/Inc/../LIB/SYSTEM/ADC_STM32F030.h(5): warning:  #1295-D: Deprecated declaration adc_ini - give arg types
  void adc_ini();
../Core/Inc/../LIB/SYSTEM/ADC_STM32F030.h(8): warning:  #1-D: last line of file ends without a newline
  #endif
../Core/Inc/../LIB/SYSTEM/CORTEX_STM32F030.h(4): warning:  #1295-D: Deprecated declaration dma_ini - give arg types
  void dma_ini();
../Core/Inc/../LIB/SYSTEM/CORTEX_STM32F030.h(5): warning:  #1295-D: Deprecated declaration nvic_ini - give arg types
  void nvic_ini();
../Core/Inc/../LIB/SYSTEM/CORTEX_STM32F030.h(6): warning:  #1295-D: Deprecated declaration clock_ini - give arg types
  void clock_ini();
../Core/Inc/../LIB/SYSTEM/CORTEX_STM32F030.h(8): warning:  #1-D: last line of file ends without a newline
  #endif
../Core/Inc/../LIB/SYSTEM/TIMER_STM32F030.h(4): warning:  #1295-D: Deprecated declaration tim14_ini - give arg types
  void tim14_ini();
../Core/Inc/../LIB/SYSTEM/TIMER_STM32F030.h(6): warning:  #1-D: last line of file ends without a newline
  #endif
../Core/Inc/../LIB/SYSTEM/GPIO_STM32F030.h(4): warning:  #1295-D: Deprecated declaration gpio_ini - give arg types
  void gpio_ini();
../Core/Inc/../LIB/SYSTEM/GPIO_STM32F030.h(6): warning:  #1-D: last line of file ends without a newline
  #endif
../Core/Inc/../LIB/SYSTEM/SPI_STM32F030.h(9): warning:  #1295-D: Deprecated declaration soft_spi_ini - give arg types
  void soft_spi_ini();
../Core/Inc/../LIB/SYSTEM/SPI_STM32F030.h(17): warning:  #1-D: last line of file ends without a newline
  #endif
../Core/Inc/../LIB/FUN/CPU_TIMER.h(4): warning:  #1295-D: Deprecated declaration ini_cpu_timer - give arg types
  void ini_cpu_timer();
../Core/Inc/../LIB/FUN/CPU_TIMER.h(5): warning:  #1295-D: Deprecated declaration timer_second_manager - give arg types
  void timer_second_manager();
../Core/Inc/../LIB/FUN/CPU_TIMER.h(6): warning:  #1295-D: Deprecated declaration timer_basic_manager - give arg types
  void timer_basic_manager();
../Core/Inc/../LIB/FUN/PC_COM.h(8): warning:  #1295-D: Deprecated declaration uart_manager_interupt_rx - give arg types
  void uart_manager_interupt_rx();
../Core/Inc/../LIB/FUN/PC_COM.h(9): warning:  #1295-D: Deprecated declaration uart_manager_interupt_tx - give arg types
  void uart_manager_interupt_tx();
../Core/Inc/../LIB/FUN/PC_COM.h(10): warning:  #1295-D: Deprecated declaration debuge_uart - give arg types
  void debuge_uart();
../Core/Inc/../LIB/FUN/PC_COM.h(11): warning:  #1295-D: Deprecated declaration clr_str_tx - give arg types
  void clr_str_tx();
../Core/Inc/../LIB/FUN/PC_COM.h(12): warning:  #1295-D: Deprecated declaration clr_str_rx - give arg types
  void clr_str_rx();
../Core/Inc/../LIB/FUN/PC_COM.h(13): warning:  #1295-D: Deprecated declaration ini_debuge - give arg types
  void ini_debuge();
../Core/Inc/../LIB/FUN/PC_COM.h(14): warning:  #1295-D: Deprecated declaration program_manager - give arg types
  void program_manager();
../Core/Inc/../LIB/FUN/W25Q.h(56): warning:  #1295-D: Deprecated declaration W25Q_ini - give arg types
  void W25Q_ini();
../Core/Inc/../LIB/FUN/W25Q.h(63): warning:  #1295-D: Deprecated declaration W25Q_Read_Manufact_Device_ID - give arg types
  void W25Q_Read_Manufact_Device_ID();
../Core/Inc/../LIB/FUN/W25Q.h(64): warning:  #1295-D: Deprecated declaration W25Q_Read_StatusReg - give arg types
  void W25Q_Read_StatusReg();
../Core/Inc/../LIB/FUN/W25Q.h(70): warning:  #1-D: last line of file ends without a newline
  #endif
../Core/Inc/../LIB/CODE/DAC.H(4): warning:  #1295-D: Deprecated declaration dac_ini - give arg types
  	void dac_ini();
../Core/Inc/../LIB/CODE/DAC.H(5): warning:  #1295-D: Deprecated declaration dac - give arg types
  	void dac();
../Core/Inc/../LIB/CODE/DAC.H(6): warning:  #1295-D: Deprecated declaration dac_start - give arg types
  	void dac_start();
../Core/Inc/../LIB/CODE/DAC.H(8): warning:  #1-D: last line of file ends without a newline
  #endif
../Core/Src/main.c(19): warning:  #1295-D: Deprecated declaration hard_ini - give arg types
  void hard_ini();
../Core/Src/main.c(20): warning:  #1295-D: Deprecated declaration soft_ini - give arg types
  void soft_ini();
../Core/Src/main.c: 36 warnings, 0 errors
compiling USART_STM32F030.c...
../Core/Inc/../LIB/my_struct.h(88): warning:  #1-D: last line of file ends without a newline
  #endif
../Core/Inc/../LIB/SYSTEM/USART_STM32F030.h(6): warning:  #1295-D: Deprecated declaration USART_ini - give arg types
  void USART_ini();
../Core/Inc/../LIB/SYSTEM/USART_STM32F030.h(9): warning:  #1-D: last line of file ends without a newline
  #endif
../Core/Inc/../LIB/SYSTEM/ADC_STM32F030.h(4): warning:  #1295-D: Deprecated declaration adc_calibre - give arg types
  void adc_calibre();
../Core/Inc/../LIB/SYSTEM/ADC_STM32F030.h(5): warning:  #1295-D: Deprecated declaration adc_ini - give arg types
  void adc_ini();
../Core/Inc/../LIB/SYSTEM/ADC_STM32F030.h(8): warning:  #1-D: last line of file ends without a newline
  #endif
../Core/Inc/../LIB/SYSTEM/CORTEX_STM32F030.h(4): warning:  #1295-D: Deprecated declaration dma_ini - give arg types
  void dma_ini();
../Core/Inc/../LIB/SYSTEM/CORTEX_STM32F030.h(5): warning:  #1295-D: Deprecated declaration nvic_ini - give arg types
  void nvic_ini();
../Core/Inc/../LIB/SYSTEM/CORTEX_STM32F030.h(6): warning:  #1295-D: Deprecated declaration clock_ini - give arg types
  void clock_ini();
../Core/Inc/../LIB/SYSTEM/CORTEX_STM32F030.h(8): warning:  #1-D: last line of file ends without a newline
  #endif
../Core/Inc/../LIB/SYSTEM/TIMER_STM32F030.h(4): warning:  #1295-D: Deprecated declaration tim14_ini - give arg types
  void tim14_ini();
../Core/Inc/../LIB/SYSTEM/TIMER_STM32F030.h(6): warning:  #1-D: last line of file ends without a newline
  #endif
../Core/Inc/../LIB/SYSTEM/GPIO_STM32F030.h(4): warning:  #1295-D: Deprecated declaration gpio_ini - give arg types
  void gpio_ini();
../Core/Inc/../LIB/SYSTEM/GPIO_STM32F030.h(6): warning:  #1-D: last line of file ends without a newline
  #endif
../Core/Inc/../LIB/SYSTEM/SPI_STM32F030.h(9): warning:  #1295-D: Deprecated declaration soft_spi_ini - give arg types
  void soft_spi_ini();
../Core/Inc/../LIB/SYSTEM/SPI_STM32F030.h(17): warning:  #1-D: last line of file ends without a newline
  #endif
../Core/Inc/../LIB/FUN/CPU_TIMER.h(4): warning:  #1295-D: Deprecated declaration ini_cpu_timer - give arg types
  void ini_cpu_timer();
../Core/Inc/../LIB/FUN/CPU_TIMER.h(5): warning:  #1295-D: Deprecated declaration timer_second_manager - give arg types
  void timer_second_manager();
../Core/Inc/../LIB/FUN/CPU_TIMER.h(6): warning:  #1295-D: Deprecated declaration timer_basic_manager - give arg types
  void timer_basic_manager();
../Core/Inc/../LIB/FUN/PC_COM.h(8): warning:  #1295-D: Deprecated declaration uart_manager_interupt_rx - give arg types
  void uart_manager_interupt_rx();
../Core/Inc/../LIB/FUN/PC_COM.h(9): warning:  #1295-D: Deprecated declaration uart_manager_interupt_tx - give arg types
  void uart_manager_interupt_tx();
../Core/Inc/../LIB/FUN/PC_COM.h(10): warning:  #1295-D: Deprecated declaration debuge_uart - give arg types
  void debuge_uart();
../Core/Inc/../LIB/FUN/PC_COM.h(11): warning:  #1295-D: Deprecated declaration clr_str_tx - give arg types
  void clr_str_tx();
../Core/Inc/../LIB/FUN/PC_COM.h(12): warning:  #1295-D: Deprecated declaration clr_str_rx - give arg types
  void clr_str_rx();
../Core/Inc/../LIB/FUN/PC_COM.h(13): warning:  #1295-D: Deprecated declaration ini_debuge - give arg types
  void ini_debuge();
../Core/Inc/../LIB/FUN/PC_COM.h(14): warning:  #1295-D: Deprecated declaration program_manager - give arg types
  void program_manager();
../Core/Inc/../LIB/FUN/W25Q.h(56): warning:  #1295-D: Deprecated declaration W25Q_ini - give arg types
  void W25Q_ini();
../Core/Inc/../LIB/FUN/W25Q.h(63): warning:  #1295-D: Deprecated declaration W25Q_Read_Manufact_Device_ID - give arg types
  void W25Q_Read_Manufact_Device_ID();
../Core/Inc/../LIB/FUN/W25Q.h(64): warning:  #1295-D: Deprecated declaration W25Q_Read_StatusReg - give arg types
  void W25Q_Read_StatusReg();
../Core/Inc/../LIB/FUN/W25Q.h(70): warning:  #1-D: last line of file ends without a newline
  #endif
../Core/Inc/../LIB/CODE/DAC.H(4): warning:  #1295-D: Deprecated declaration dac_ini - give arg types
  	void dac_ini();
../Core/Inc/../LIB/CODE/DAC.H(5): warning:  #1295-D: Deprecated declaration dac - give arg types
  	void dac();
../Core/Inc/../LIB/CODE/DAC.H(6): warning:  #1295-D: Deprecated declaration dac_start - give arg types
  	void dac_start();
../Core/Inc/../LIB/CODE/DAC.H(8): warning:  #1-D: last line of file ends without a newline
  #endif
..\Core\LIB\SYSTEM\USART_STM32F030.c: 34 warnings, 0 errors
compiling ADC_STM32F030.c...
../Core/Inc/../LIB/my_struct.h(88): warning:  #1-D: last line of file ends without a newline
  #endif
../Core/Inc/../LIB/SYSTEM/USART_STM32F030.h(6): warning:  #1295-D: Deprecated declaration USART_ini - give arg types
  void USART_ini();
../Core/Inc/../LIB/SYSTEM/USART_STM32F030.h(9): warning:  #1-D: last line of file ends without a newline
  #endif
../Core/Inc/../LIB/SYSTEM/ADC_STM32F030.h(4): warning:  #1295-D: Deprecated declaration adc_calibre - give arg types
  void adc_calibre();
../Core/Inc/../LIB/SYSTEM/ADC_STM32F030.h(5): warning:  #1295-D: Deprecated declaration adc_ini - give arg types
  void adc_ini();
../Core/Inc/../LIB/SYSTEM/ADC_STM32F030.h(8): warning:  #1-D: last line of file ends without a newline
  #endif
../Core/Inc/../LIB/SYSTEM/CORTEX_STM32F030.h(4): warning:  #1295-D: Deprecated declaration dma_ini - give arg types
  void dma_ini();
../Core/Inc/../LIB/SYSTEM/CORTEX_STM32F030.h(5): warning:  #1295-D: Deprecated declaration nvic_ini - give arg types
  void nvic_ini();
../Core/Inc/../LIB/SYSTEM/CORTEX_STM32F030.h(6): warning:  #1295-D: Deprecated declaration clock_ini - give arg types
  void clock_ini();
../Core/Inc/../LIB/SYSTEM/CORTEX_STM32F030.h(8): warning:  #1-D: last line of file ends without a newline
  #endif
../Core/Inc/../LIB/SYSTEM/TIMER_STM32F030.h(4): warning:  #1295-D: Deprecated declaration tim14_ini - give arg types
  void tim14_ini();
../Core/Inc/../LIB/SYSTEM/TIMER_STM32F030.h(6): warning:  #1-D: last line of file ends without a newline
  #endif
../Core/Inc/../LIB/SYSTEM/GPIO_STM32F030.h(4): warning:  #1295-D: Deprecated declaration gpio_ini - give arg types
  void gpio_ini();
../Core/Inc/../LIB/SYSTEM/GPIO_STM32F030.h(6): warning:  #1-D: last line of file ends without a newline
  #endif
../Core/Inc/../LIB/SYSTEM/SPI_STM32F030.h(9): warning:  #1295-D: Deprecated declaration soft_spi_ini - give arg types
  void soft_spi_ini();
../Core/Inc/../LIB/SYSTEM/SPI_STM32F030.h(17): warning:  #1-D: last line of file ends without a newline
  #endif
../Core/Inc/../LIB/FUN/CPU_TIMER.h(4): warning:  #1295-D: Deprecated declaration ini_cpu_timer - give arg types
  void ini_cpu_timer();
../Core/Inc/../LIB/FUN/CPU_TIMER.h(5): warning:  #1295-D: Deprecated declaration timer_second_manager - give arg types
  void timer_second_manager();
../Core/Inc/../LIB/FUN/CPU_TIMER.h(6): warning:  #1295-D: Deprecated declaration timer_basic_manager - give arg types
  void timer_basic_manager();
../Core/Inc/../LIB/FUN/PC_COM.h(8): warning:  #1295-D: Deprecated declaration uart_manager_interupt_rx - give arg types
  void uart_manager_interupt_rx();
../Core/Inc/../LIB/FUN/PC_COM.h(9): warning:  #1295-D: Deprecated declaration uart_manager_interupt_tx - give arg types
  void uart_manager_interupt_tx();
../Core/Inc/../LIB/FUN/PC_COM.h(10): warning:  #1295-D: Deprecated declaration debuge_uart - give arg types
  void debuge_uart();
../Core/Inc/../LIB/FUN/PC_COM.h(11): warning:  #1295-D: Deprecated declaration clr_str_tx - give arg types
  void clr_str_tx();
../Core/Inc/../LIB/FUN/PC_COM.h(12): warning:  #1295-D: Deprecated declaration clr_str_rx - give arg types
  void clr_str_rx();
../Core/Inc/../LIB/FUN/PC_COM.h(13): warning:  #1295-D: Deprecated declaration ini_debuge - give arg types
  void ini_debuge();
../Core/Inc/../LIB/FUN/PC_COM.h(14): warning:  #1295-D: Deprecated declaration program_manager - give arg types
  void program_manager();
../Core/Inc/../LIB/FUN/W25Q.h(56): warning:  #1295-D: Deprecated declaration W25Q_ini - give arg types
  void W25Q_ini();
../Core/Inc/../LIB/FUN/W25Q.h(63): warning:  #1295-D: Deprecated declaration W25Q_Read_Manufact_Device_ID - give arg types
  void W25Q_Read_Manufact_Device_ID();
../Core/Inc/../LIB/FUN/W25Q.h(64): warning:  #1295-D: Deprecated declaration W25Q_Read_StatusReg - give arg types
  void W25Q_Read_StatusReg();
../Core/Inc/../LIB/FUN/W25Q.h(70): warning:  #1-D: last line of file ends without a newline
  #endif
../Core/Inc/../LIB/CODE/DAC.H(4): warning:  #1295-D: Deprecated declaration dac_ini - give arg types
  	void dac_ini();
../Core/Inc/../LIB/CODE/DAC.H(5): warning:  #1295-D: Deprecated declaration dac - give arg types
  	void dac();
../Core/Inc/../LIB/CODE/DAC.H(6): warning:  #1295-D: Deprecated declaration dac_start - give arg types
  	void dac_start();
../Core/Inc/../LIB/CODE/DAC.H(8): warning:  #1-D: last line of file ends without a newline
  #endif
..\Core\LIB\SYSTEM\ADC_STM32F030.c(86): warning:  #1-D: last line of file ends without a newline
  }
..\Core\LIB\SYSTEM\ADC_STM32F030.c: 35 warnings, 0 errors
compiling CORTEX_STM32F030.c...
../Core/Inc/../LIB/my_struct.h(88): warning:  #1-D: last line of file ends without a newline
  #endif
../Core/Inc/../LIB/SYSTEM/USART_STM32F030.h(6): warning:  #1295-D: Deprecated declaration USART_ini - give arg types
  void USART_ini();
../Core/Inc/../LIB/SYSTEM/USART_STM32F030.h(9): warning:  #1-D: last line of file ends without a newline
  #endif
../Core/Inc/../LIB/SYSTEM/ADC_STM32F030.h(4): warning:  #1295-D: Deprecated declaration adc_calibre - give arg types
  void adc_calibre();
../Core/Inc/../LIB/SYSTEM/ADC_STM32F030.h(5): warning:  #1295-D: Deprecated declaration adc_ini - give arg types
  void adc_ini();
../Core/Inc/../LIB/SYSTEM/ADC_STM32F030.h(8): warning:  #1-D: last line of file ends without a newline
  #endif
../Core/Inc/../LIB/SYSTEM/CORTEX_STM32F030.h(4): warning:  #1295-D: Deprecated declaration dma_ini - give arg types
  void dma_ini();
../Core/Inc/../LIB/SYSTEM/CORTEX_STM32F030.h(5): warning:  #1295-D: Deprecated declaration nvic_ini - give arg types
  void nvic_ini();
../Core/Inc/../LIB/SYSTEM/CORTEX_STM32F030.h(6): warning:  #1295-D: Deprecated declaration clock_ini - give arg types
  void clock_ini();
../Core/Inc/../LIB/SYSTEM/CORTEX_STM32F030.h(8): warning:  #1-D: last line of file ends without a newline
  #endif
../Core/Inc/../LIB/SYSTEM/TIMER_STM32F030.h(4): warning:  #1295-D: Deprecated declaration tim14_ini - give arg types
  void tim14_ini();
../Core/Inc/../LIB/SYSTEM/TIMER_STM32F030.h(6): warning:  #1-D: last line of file ends without a newline
  #endif
../Core/Inc/../LIB/SYSTEM/GPIO_STM32F030.h(4): warning:  #1295-D: Deprecated declaration gpio_ini - give arg types
  void gpio_ini();
../Core/Inc/../LIB/SYSTEM/GPIO_STM32F030.h(6): warning:  #1-D: last line of file ends without a newline
  #endif
../Core/Inc/../LIB/SYSTEM/SPI_STM32F030.h(9): warning:  #1295-D: Deprecated declaration soft_spi_ini - give arg types
  void soft_spi_ini();
../Core/Inc/../LIB/SYSTEM/SPI_STM32F030.h(17): warning:  #1-D: last line of file ends without a newline
  #endif
../Core/Inc/../LIB/FUN/CPU_TIMER.h(4): warning:  #1295-D: Deprecated declaration ini_cpu_timer - give arg types
  void ini_cpu_timer();
../Core/Inc/../LIB/FUN/CPU_TIMER.h(5): warning:  #1295-D: Deprecated declaration timer_second_manager - give arg types
  void timer_second_manager();
../Core/Inc/../LIB/FUN/CPU_TIMER.h(6): warning:  #1295-D: Deprecated declaration timer_basic_manager - give arg types
  void timer_basic_manager();
../Core/Inc/../LIB/FUN/PC_COM.h(8): warning:  #1295-D: Deprecated declaration uart_manager_interupt_rx - give arg types
  void uart_manager_interupt_rx();
../Core/Inc/../LIB/FUN/PC_COM.h(9): warning:  #1295-D: Deprecated declaration uart_manager_interupt_tx - give arg types
  void uart_manager_interupt_tx();
../Core/Inc/../LIB/FUN/PC_COM.h(10): warning:  #1295-D: Deprecated declaration debuge_uart - give arg types
  void debuge_uart();
../Core/Inc/../LIB/FUN/PC_COM.h(11): warning:  #1295-D: Deprecated declaration clr_str_tx - give arg types
  void clr_str_tx();
../Core/Inc/../LIB/FUN/PC_COM.h(12): warning:  #1295-D: Deprecated declaration clr_str_rx - give arg types
  void clr_str_rx();
../Core/Inc/../LIB/FUN/PC_COM.h(13): warning:  #1295-D: Deprecated declaration ini_debuge - give arg types
  void ini_debuge();
../Core/Inc/../LIB/FUN/PC_COM.h(14): warning:  #1295-D: Deprecated declaration program_manager - give arg types
  void program_manager();
../Core/Inc/../LIB/FUN/W25Q.h(56): warning:  #1295-D: Deprecated declaration W25Q_ini - give arg types
  void W25Q_ini();
../Core/Inc/../LIB/FUN/W25Q.h(63): warning:  #1295-D: Deprecated declaration W25Q_Read_Manufact_Device_ID - give arg types
  void W25Q_Read_Manufact_Device_ID();
../Core/Inc/../LIB/FUN/W25Q.h(64): warning:  #1295-D: Deprecated declaration W25Q_Read_StatusReg - give arg types
  void W25Q_Read_StatusReg();
../Core/Inc/../LIB/FUN/W25Q.h(70): warning:  #1-D: last line of file ends without a newline
  #endif
../Core/Inc/../LIB/CODE/DAC.H(4): warning:  #1295-D: Deprecated declaration dac_ini - give arg types
  	void dac_ini();
../Core/Inc/../LIB/CODE/DAC.H(5): warning:  #1295-D: Deprecated declaration dac - give arg types
  	void dac();
../Core/Inc/../LIB/CODE/DAC.H(6): warning:  #1295-D: Deprecated declaration dac_start - give arg types
  	void dac_start();
../Core/Inc/../LIB/CODE/DAC.H(8): warning:  #1-D: last line of file ends without a newline
  #endif
..\Core\LIB\SYSTEM\CORTEX_STM32F030.c: 34 warnings, 0 errors
compiling TIMER_STM32F030.c...
../Core/Inc/../LIB/my_struct.h(88): warning:  #1-D: last line of file ends without a newline
  #endif
../Core/Inc/../LIB/SYSTEM/USART_STM32F030.h(6): warning:  #1295-D: Deprecated declaration USART_ini - give arg types
  void USART_ini();
../Core/Inc/../LIB/SYSTEM/USART_STM32F030.h(9): warning:  #1-D: last line of file ends without a newline
  #endif
../Core/Inc/../LIB/SYSTEM/ADC_STM32F030.h(4): warning:  #1295-D: Deprecated declaration adc_calibre - give arg types
  void adc_calibre();
../Core/Inc/../LIB/SYSTEM/ADC_STM32F030.h(5): warning:  #1295-D: Deprecated declaration adc_ini - give arg types
  void adc_ini();
../Core/Inc/../LIB/SYSTEM/ADC_STM32F030.h(8): warning:  #1-D: last line of file ends without a newline
  #endif
../Core/Inc/../LIB/SYSTEM/CORTEX_STM32F030.h(4): warning:  #1295-D: Deprecated declaration dma_ini - give arg types
  void dma_ini();
../Core/Inc/../LIB/SYSTEM/CORTEX_STM32F030.h(5): warning:  #1295-D: Deprecated declaration nvic_ini - give arg types
  void nvic_ini();
../Core/Inc/../LIB/SYSTEM/CORTEX_STM32F030.h(6): warning:  #1295-D: Deprecated declaration clock_ini - give arg types
  void clock_ini();
../Core/Inc/../LIB/SYSTEM/CORTEX_STM32F030.h(8): warning:  #1-D: last line of file ends without a newline
  #endif
../Core/Inc/../LIB/SYSTEM/TIMER_STM32F030.h(4): warning:  #1295-D: Deprecated declaration tim14_ini - give arg types
  void tim14_ini();
../Core/Inc/../LIB/SYSTEM/TIMER_STM32F030.h(6): warning:  #1-D: last line of file ends without a newline
  #endif
../Core/Inc/../LIB/SYSTEM/GPIO_STM32F030.h(4): warning:  #1295-D: Deprecated declaration gpio_ini - give arg types
  void gpio_ini();
../Core/Inc/../LIB/SYSTEM/GPIO_STM32F030.h(6): warning:  #1-D: last line of file ends without a newline
  #endif
../Core/Inc/../LIB/SYSTEM/SPI_STM32F030.h(9): warning:  #1295-D: Deprecated declaration soft_spi_ini - give arg types
  void soft_spi_ini();
../Core/Inc/../LIB/SYSTEM/SPI_STM32F030.h(17): warning:  #1-D: last line of file ends without a newline
  #endif
../Core/Inc/../LIB/FUN/CPU_TIMER.h(4): warning:  #1295-D: Deprecated declaration ini_cpu_timer - give arg types
  void ini_cpu_timer();
../Core/Inc/../LIB/FUN/CPU_TIMER.h(5): warning:  #1295-D: Deprecated declaration timer_second_manager - give arg types
  void timer_second_manager();
../Core/Inc/../LIB/FUN/CPU_TIMER.h(6): warning:  #1295-D: Deprecated declaration timer_basic_manager - give arg types
  void timer_basic_manager();
../Core/Inc/../LIB/FUN/PC_COM.h(8): warning:  #1295-D: Deprecated declaration uart_manager_interupt_rx - give arg types
  void uart_manager_interupt_rx();
../Core/Inc/../LIB/FUN/PC_COM.h(9): warning:  #1295-D: Deprecated declaration uart_manager_interupt_tx - give arg types
  void uart_manager_interupt_tx();
../Core/Inc/../LIB/FUN/PC_COM.h(10): warning:  #1295-D: Deprecated declaration debuge_uart - give arg types
  void debuge_uart();
../Core/Inc/../LIB/FUN/PC_COM.h(11): warning:  #1295-D: Deprecated declaration clr_str_tx - give arg types
  void clr_str_tx();
../Core/Inc/../LIB/FUN/PC_COM.h(12): warning:  #1295-D: Deprecated declaration clr_str_rx - give arg types
  void clr_str_rx();
../Core/Inc/../LIB/FUN/PC_COM.h(13): warning:  #1295-D: Deprecated declaration ini_debuge - give arg types
  void ini_debuge();
../Core/Inc/../LIB/FUN/PC_COM.h(14): warning:  #1295-D: Deprecated declaration program_manager - give arg types
  void program_manager();
../Core/Inc/../LIB/FUN/W25Q.h(56): warning:  #1295-D: Deprecated declaration W25Q_ini - give arg types
  void W25Q_ini();
../Core/Inc/../LIB/FUN/W25Q.h(63): warning:  #1295-D: Deprecated declaration W25Q_Read_Manufact_Device_ID - give arg types
  void W25Q_Read_Manufact_Device_ID();
../Core/Inc/../LIB/FUN/W25Q.h(64): warning:  #1295-D: Deprecated declaration W25Q_Read_StatusReg - give arg types
  void W25Q_Read_StatusReg();
../Core/Inc/../LIB/FUN/W25Q.h(70): warning:  #1-D: last line of file ends without a newline
  #endif
../Core/Inc/../LIB/CODE/DAC.H(4): warning:  #1295-D: Deprecated declaration dac_ini - give arg types
  	void dac_ini();
../Core/Inc/../LIB/CODE/DAC.H(5): warning:  #1295-D: Deprecated declaration dac - give arg types
  	void dac();
../Core/Inc/../LIB/CODE/DAC.H(6): warning:  #1295-D: Deprecated declaration dac_start - give arg types
  	void dac_start();
../Core/Inc/../LIB/CODE/DAC.H(8): warning:  #1-D: last line of file ends without a newline
  #endif
..\Core\LIB\SYSTEM\TIMER_STM32F030.c: 34 warnings, 0 errors
compiling CPU_TIMER.C...
..\Core\LIB\FUN\../my_struct.h(88): warning:  #1-D: last line of file ends without a newline
  #endif
..\Core\LIB\FUN\cpu_timer.h(4): warning:  #1295-D: Deprecated declaration ini_cpu_timer - give arg types
  void ini_cpu_timer();
..\Core\LIB\FUN\cpu_timer.h(5): warning:  #1295-D: Deprecated declaration timer_second_manager - give arg types
  void timer_second_manager();
..\Core\LIB\FUN\cpu_timer.h(6): warning:  #1295-D: Deprecated declaration timer_basic_manager - give arg types
  void timer_basic_manager();
..\Core\LIB\FUN\CPU_TIMER.C(87): warning:  #1-D: last line of file ends without a newline
  }
..\Core\LIB\FUN\CPU_TIMER.C: 5 warnings, 0 errors
compiling GPIO_STM32F030.c...
../Core/Inc/../LIB/my_struct.h(88): warning:  #1-D: last line of file ends without a newline
  #endif
../Core/Inc/../LIB/SYSTEM/USART_STM32F030.h(6): warning:  #1295-D: Deprecated declaration USART_ini - give arg types
  void USART_ini();
../Core/Inc/../LIB/SYSTEM/USART_STM32F030.h(9): warning:  #1-D: last line of file ends without a newline
  #endif
../Core/Inc/../LIB/SYSTEM/ADC_STM32F030.h(4): warning:  #1295-D: Deprecated declaration adc_calibre - give arg types
  void adc_calibre();
../Core/Inc/../LIB/SYSTEM/ADC_STM32F030.h(5): warning:  #1295-D: Deprecated declaration adc_ini - give arg types
  void adc_ini();
../Core/Inc/../LIB/SYSTEM/ADC_STM32F030.h(8): warning:  #1-D: last line of file ends without a newline
  #endif
../Core/Inc/../LIB/SYSTEM/CORTEX_STM32F030.h(4): warning:  #1295-D: Deprecated declaration dma_ini - give arg types
  void dma_ini();
../Core/Inc/../LIB/SYSTEM/CORTEX_STM32F030.h(5): warning:  #1295-D: Deprecated declaration nvic_ini - give arg types
  void nvic_ini();
../Core/Inc/../LIB/SYSTEM/CORTEX_STM32F030.h(6): warning:  #1295-D: Deprecated declaration clock_ini - give arg types
  void clock_ini();
../Core/Inc/../LIB/SYSTEM/CORTEX_STM32F030.h(8): warning:  #1-D: last line of file ends without a newline
  #endif
../Core/Inc/../LIB/SYSTEM/TIMER_STM32F030.h(4): warning:  #1295-D: Deprecated declaration tim14_ini - give arg types
  void tim14_ini();
../Core/Inc/../LIB/SYSTEM/TIMER_STM32F030.h(6): warning:  #1-D: last line of file ends without a newline
  #endif
../Core/Inc/../LIB/SYSTEM/GPIO_STM32F030.h(4): warning:  #1295-D: Deprecated declaration gpio_ini - give arg types
  void gpio_ini();
../Core/Inc/../LIB/SYSTEM/GPIO_STM32F030.h(6): warning:  #1-D: last line of file ends without a newline
  #endif
../Core/Inc/../LIB/SYSTEM/SPI_STM32F030.h(9): warning:  #1295-D: Deprecated declaration soft_spi_ini - give arg types
  void soft_spi_ini();
../Core/Inc/../LIB/SYSTEM/SPI_STM32F030.h(17): warning:  #1-D: last line of file ends without a newline
  #endif
../Core/Inc/../LIB/FUN/CPU_TIMER.h(4): warning:  #1295-D: Deprecated declaration ini_cpu_timer - give arg types
  void ini_cpu_timer();
../Core/Inc/../LIB/FUN/CPU_TIMER.h(5): warning:  #1295-D: Deprecated declaration timer_second_manager - give arg types
  void timer_second_manager();
../Core/Inc/../LIB/FUN/CPU_TIMER.h(6): warning:  #1295-D: Deprecated declaration timer_basic_manager - give arg types
  void timer_basic_manager();
../Core/Inc/../LIB/FUN/PC_COM.h(8): warning:  #1295-D: Deprecated declaration uart_manager_interupt_rx - give arg types
  void uart_manager_interupt_rx();
../Core/Inc/../LIB/FUN/PC_COM.h(9): warning:  #1295-D: Deprecated declaration uart_manager_interupt_tx - give arg types
  void uart_manager_interupt_tx();
../Core/Inc/../LIB/FUN/PC_COM.h(10): warning:  #1295-D: Deprecated declaration debuge_uart - give arg types
  void debuge_uart();
../Core/Inc/../LIB/FUN/PC_COM.h(11): warning:  #1295-D: Deprecated declaration clr_str_tx - give arg types
  void clr_str_tx();
../Core/Inc/../LIB/FUN/PC_COM.h(12): warning:  #1295-D: Deprecated declaration clr_str_rx - give arg types
  void clr_str_rx();
../Core/Inc/../LIB/FUN/PC_COM.h(13): warning:  #1295-D: Deprecated declaration ini_debuge - give arg types
  void ini_debuge();
../Core/Inc/../LIB/FUN/PC_COM.h(14): warning:  #1295-D: Deprecated declaration program_manager - give arg types
  void program_manager();
../Core/Inc/../LIB/FUN/W25Q.h(56): warning:  #1295-D: Deprecated declaration W25Q_ini - give arg types
  void W25Q_ini();
../Core/Inc/../LIB/FUN/W25Q.h(63): warning:  #1295-D: Deprecated declaration W25Q_Read_Manufact_Device_ID - give arg types
  void W25Q_Read_Manufact_Device_ID();
../Core/Inc/../LIB/FUN/W25Q.h(64): warning:  #1295-D: Deprecated declaration W25Q_Read_StatusReg - give arg types
  void W25Q_Read_StatusReg();
../Core/Inc/../LIB/FUN/W25Q.h(70): warning:  #1-D: last line of file ends without a newline
  #endif
../Core/Inc/../LIB/CODE/DAC.H(4): warning:  #1295-D: Deprecated declaration dac_ini - give arg types
  	void dac_ini();
../Core/Inc/../LIB/CODE/DAC.H(5): warning:  #1295-D: Deprecated declaration dac - give arg types
  	void dac();
../Core/Inc/../LIB/CODE/DAC.H(6): warning:  #1295-D: Deprecated declaration dac_start - give arg types
  	void dac_start();
../Core/Inc/../LIB/CODE/DAC.H(8): warning:  #1-D: last line of file ends without a newline
  #endif
..\Core\LIB\SYSTEM\GPIO_STM32F030.c(55): warning:  #1-D: last line of file ends without a newline
  }
..\Core\LIB\SYSTEM\GPIO_STM32F030.c: 35 warnings, 0 errors
compiling SPI_STM32F030.c...
../Core/Inc/../LIB/my_struct.h(88): warning:  #1-D: last line of file ends without a newline
  #endif
../Core/Inc/../LIB/SYSTEM/USART_STM32F030.h(6): warning:  #1295-D: Deprecated declaration USART_ini - give arg types
  void USART_ini();
../Core/Inc/../LIB/SYSTEM/USART_STM32F030.h(9): warning:  #1-D: last line of file ends without a newline
  #endif
../Core/Inc/../LIB/SYSTEM/ADC_STM32F030.h(4): warning:  #1295-D: Deprecated declaration adc_calibre - give arg types
  void adc_calibre();
../Core/Inc/../LIB/SYSTEM/ADC_STM32F030.h(5): warning:  #1295-D: Deprecated declaration adc_ini - give arg types
  void adc_ini();
../Core/Inc/../LIB/SYSTEM/ADC_STM32F030.h(8): warning:  #1-D: last line of file ends without a newline
  #endif
../Core/Inc/../LIB/SYSTEM/CORTEX_STM32F030.h(4): warning:  #1295-D: Deprecated declaration dma_ini - give arg types
  void dma_ini();
../Core/Inc/../LIB/SYSTEM/CORTEX_STM32F030.h(5): warning:  #1295-D: Deprecated declaration nvic_ini - give arg types
  void nvic_ini();
../Core/Inc/../LIB/SYSTEM/CORTEX_STM32F030.h(6): warning:  #1295-D: Deprecated declaration clock_ini - give arg types
  void clock_ini();
../Core/Inc/../LIB/SYSTEM/CORTEX_STM32F030.h(8): warning:  #1-D: last line of file ends without a newline
  #endif
../Core/Inc/../LIB/SYSTEM/TIMER_STM32F030.h(4): warning:  #1295-D: Deprecated declaration tim14_ini - give arg types
  void tim14_ini();
../Core/Inc/../LIB/SYSTEM/TIMER_STM32F030.h(6): warning:  #1-D: last line of file ends without a newline
  #endif
../Core/Inc/../LIB/SYSTEM/GPIO_STM32F030.h(4): warning:  #1295-D: Deprecated declaration gpio_ini - give arg types
  void gpio_ini();
../Core/Inc/../LIB/SYSTEM/GPIO_STM32F030.h(6): warning:  #1-D: last line of file ends without a newline
  #endif
../Core/Inc/../LIB/SYSTEM/SPI_STM32F030.h(9): warning:  #1295-D: Deprecated declaration soft_spi_ini - give arg types
  void soft_spi_ini();
../Core/Inc/../LIB/SYSTEM/SPI_STM32F030.h(17): warning:  #1-D: last line of file ends without a newline
  #endif
../Core/Inc/../LIB/FUN/CPU_TIMER.h(4): warning:  #1295-D: Deprecated declaration ini_cpu_timer - give arg types
  void ini_cpu_timer();
../Core/Inc/../LIB/FUN/CPU_TIMER.h(5): warning:  #1295-D: Deprecated declaration timer_second_manager - give arg types
  void timer_second_manager();
../Core/Inc/../LIB/FUN/CPU_TIMER.h(6): warning:  #1295-D: Deprecated declaration timer_basic_manager - give arg types
  void timer_basic_manager();
../Core/Inc/../LIB/FUN/PC_COM.h(8): warning:  #1295-D: Deprecated declaration uart_manager_interupt_rx - give arg types
  void uart_manager_interupt_rx();
../Core/Inc/../LIB/FUN/PC_COM.h(9): warning:  #1295-D: Deprecated declaration uart_manager_interupt_tx - give arg types
  void uart_manager_interupt_tx();
../Core/Inc/../LIB/FUN/PC_COM.h(10): warning:  #1295-D: Deprecated declaration debuge_uart - give arg types
  void debuge_uart();
../Core/Inc/../LIB/FUN/PC_COM.h(11): warning:  #1295-D: Deprecated declaration clr_str_tx - give arg types
  void clr_str_tx();
../Core/Inc/../LIB/FUN/PC_COM.h(12): warning:  #1295-D: Deprecated declaration clr_str_rx - give arg types
  void clr_str_rx();
../Core/Inc/../LIB/FUN/PC_COM.h(13): warning:  #1295-D: Deprecated declaration ini_debuge - give arg types
  void ini_debuge();
../Core/Inc/../LIB/FUN/PC_COM.h(14): warning:  #1295-D: Deprecated declaration program_manager - give arg types
  void program_manager();
../Core/Inc/../LIB/FUN/W25Q.h(56): warning:  #1295-D: Deprecated declaration W25Q_ini - give arg types
  void W25Q_ini();
../Core/Inc/../LIB/FUN/W25Q.h(63): warning:  #1295-D: Deprecated declaration W25Q_Read_Manufact_Device_ID - give arg types
  void W25Q_Read_Manufact_Device_ID();
../Core/Inc/../LIB/FUN/W25Q.h(64): warning:  #1295-D: Deprecated declaration W25Q_Read_StatusReg - give arg types
  void W25Q_Read_StatusReg();
../Core/Inc/../LIB/FUN/W25Q.h(70): warning:  #1-D: last line of file ends without a newline
  #endif
../Core/Inc/../LIB/CODE/DAC.H(4): warning:  #1295-D: Deprecated declaration dac_ini - give arg types
  	void dac_ini();
../Core/Inc/../LIB/CODE/DAC.H(5): warning:  #1295-D: Deprecated declaration dac - give arg types
  	void dac();
../Core/Inc/../LIB/CODE/DAC.H(6): warning:  #1295-D: Deprecated declaration dac_start - give arg types
  	void dac_start();
../Core/Inc/../LIB/CODE/DAC.H(8): warning:  #1-D: last line of file ends without a newline
  #endif
..\Core\LIB\SYSTEM\SPI_STM32F030.c(68): warning:  #940-D: missing return statement at end of non-void function "SPI_Send_4b" 
  }
..\Core\LIB\SYSTEM\SPI_STM32F030.c(92): warning:  #940-D: missing return statement at end of non-void function "SPI_Send_8b" 
  }
..\Core\LIB\SYSTEM\SPI_STM32F030.c(114): warning:  #940-D: missing return statement at end of non-void function "SPI_Send" 
  }
..\Core\LIB\SYSTEM\SPI_STM32F030.c(238): warning:  #1-D: last line of file ends without a newline
  }
..\Core\LIB\SYSTEM\SPI_STM32F030.c: 38 warnings, 0 errors
compiling PC_COM.C...
../Core/Inc/../LIB/my_struct.h(88): warning:  #1-D: last line of file ends without a newline
  #endif
../Core/Inc/../LIB/SYSTEM/USART_STM32F030.h(6): warning:  #1295-D: Deprecated declaration USART_ini - give arg types
  void USART_ini();
../Core/Inc/../LIB/SYSTEM/USART_STM32F030.h(9): warning:  #1-D: last line of file ends without a newline
  #endif
../Core/Inc/../LIB/SYSTEM/ADC_STM32F030.h(4): warning:  #1295-D: Deprecated declaration adc_calibre - give arg types
  void adc_calibre();
../Core/Inc/../LIB/SYSTEM/ADC_STM32F030.h(5): warning:  #1295-D: Deprecated declaration adc_ini - give arg types
  void adc_ini();
../Core/Inc/../LIB/SYSTEM/ADC_STM32F030.h(8): warning:  #1-D: last line of file ends without a newline
  #endif
../Core/Inc/../LIB/SYSTEM/CORTEX_STM32F030.h(4): warning:  #1295-D: Deprecated declaration dma_ini - give arg types
  void dma_ini();
../Core/Inc/../LIB/SYSTEM/CORTEX_STM32F030.h(5): warning:  #1295-D: Deprecated declaration nvic_ini - give arg types
  void nvic_ini();
../Core/Inc/../LIB/SYSTEM/CORTEX_STM32F030.h(6): warning:  #1295-D: Deprecated declaration clock_ini - give arg types
  void clock_ini();
../Core/Inc/../LIB/SYSTEM/CORTEX_STM32F030.h(8): warning:  #1-D: last line of file ends without a newline
  #endif
../Core/Inc/../LIB/SYSTEM/TIMER_STM32F030.h(4): warning:  #1295-D: Deprecated declaration tim14_ini - give arg types
  void tim14_ini();
../Core/Inc/../LIB/SYSTEM/TIMER_STM32F030.h(6): warning:  #1-D: last line of file ends without a newline
  #endif
../Core/Inc/../LIB/SYSTEM/GPIO_STM32F030.h(4): warning:  #1295-D: Deprecated declaration gpio_ini - give arg types
  void gpio_ini();
../Core/Inc/../LIB/SYSTEM/GPIO_STM32F030.h(6): warning:  #1-D: last line of file ends without a newline
  #endif
../Core/Inc/../LIB/SYSTEM/SPI_STM32F030.h(9): warning:  #1295-D: Deprecated declaration soft_spi_ini - give arg types
  void soft_spi_ini();
../Core/Inc/../LIB/SYSTEM/SPI_STM32F030.h(17): warning:  #1-D: last line of file ends without a newline
  #endif
../Core/Inc/../LIB/FUN/CPU_TIMER.h(4): warning:  #1295-D: Deprecated declaration ini_cpu_timer - give arg types
  void ini_cpu_timer();
../Core/Inc/../LIB/FUN/CPU_TIMER.h(5): warning:  #1295-D: Deprecated declaration timer_second_manager - give arg types
  void timer_second_manager();
../Core/Inc/../LIB/FUN/CPU_TIMER.h(6): warning:  #1295-D: Deprecated declaration timer_basic_manager - give arg types
  void timer_basic_manager();
../Core/Inc/../LIB/FUN/PC_COM.h(8): warning:  #1295-D: Deprecated declaration uart_manager_interupt_rx - give arg types
  void uart_manager_interupt_rx();
../Core/Inc/../LIB/FUN/PC_COM.h(9): warning:  #1295-D: Deprecated declaration uart_manager_interupt_tx - give arg types
  void uart_manager_interupt_tx();
../Core/Inc/../LIB/FUN/PC_COM.h(10): warning:  #1295-D: Deprecated declaration debuge_uart - give arg types
  void debuge_uart();
../Core/Inc/../LIB/FUN/PC_COM.h(11): warning:  #1295-D: Deprecated declaration clr_str_tx - give arg types
  void clr_str_tx();
../Core/Inc/../LIB/FUN/PC_COM.h(12): warning:  #1295-D: Deprecated declaration clr_str_rx - give arg types
  void clr_str_rx();
../Core/Inc/../LIB/FUN/PC_COM.h(13): warning:  #1295-D: Deprecated declaration ini_debuge - give arg types
  void ini_debuge();
../Core/Inc/../LIB/FUN/PC_COM.h(14): warning:  #1295-D: Deprecated declaration program_manager - give arg types
  void program_manager();
../Core/Inc/../LIB/FUN/W25Q.h(56): warning:  #1295-D: Deprecated declaration W25Q_ini - give arg types
  void W25Q_ini();
../Core/Inc/../LIB/FUN/W25Q.h(63): warning:  #1295-D: Deprecated declaration W25Q_Read_Manufact_Device_ID - give arg types
  void W25Q_Read_Manufact_Device_ID();
../Core/Inc/../LIB/FUN/W25Q.h(64): warning:  #1295-D: Deprecated declaration W25Q_Read_StatusReg - give arg types
  void W25Q_Read_StatusReg();
../Core/Inc/../LIB/FUN/W25Q.h(70): warning:  #1-D: last line of file ends without a newline
  #endif
../Core/Inc/../LIB/CODE/DAC.H(4): warning:  #1295-D: Deprecated declaration dac_ini - give arg types
  	void dac_ini();
../Core/Inc/../LIB/CODE/DAC.H(5): warning:  #1295-D: Deprecated declaration dac - give arg types
  	void dac();
../Core/Inc/../LIB/CODE/DAC.H(6): warning:  #1295-D: Deprecated declaration dac_start - give arg types
  	void dac_start();
../Core/Inc/../LIB/CODE/DAC.H(8): warning:  #1-D: last line of file ends without a newline
  #endif
..\Core\LIB\FUN\W25Q.h(70): warning:  #1-D: last line of file ends without a newline
  #endif
..\Core\LIB\FUN\../my_struct.h(88): warning:  #1-D: last line of file ends without a newline
  #endif
..\Core\LIB\FUN\PC_COM.C(38): warning:  #1295-D: Deprecated declaration uart_manager_interupt - give arg types
  void uart_manager_interupt();
..\Core\LIB\FUN\PC_COM.C(39): warning:  #1295-D: Deprecated declaration debuge_uart - give arg types
  void debuge_uart();
..\Core\LIB\FUN\PC_COM.C(255): warning:  #940-D: missing return statement at end of non-void function "usart_comp_str" 
  }
..\Core\LIB\FUN\PC_COM.C(268): warning:  #167-D: argument of type "unsigned char *" is incompatible with parameter of type "char *restrict"
  	strcpy( usart_TX.str , str_send );
..\Core\LIB\FUN\PC_COM.C: 40 warnings, 0 errors
compiling W25Q.C...
../Core/Inc/../LIB/my_struct.h(88): warning:  #1-D: last line of file ends without a newline
  #endif
../Core/Inc/../LIB/SYSTEM/USART_STM32F030.h(6): warning:  #1295-D: Deprecated declaration USART_ini - give arg types
  void USART_ini();
../Core/Inc/../LIB/SYSTEM/USART_STM32F030.h(9): warning:  #1-D: last line of file ends without a newline
  #endif
../Core/Inc/../LIB/SYSTEM/ADC_STM32F030.h(4): warning:  #1295-D: Deprecated declaration adc_calibre - give arg types
  void adc_calibre();
../Core/Inc/../LIB/SYSTEM/ADC_STM32F030.h(5): warning:  #1295-D: Deprecated declaration adc_ini - give arg types
  void adc_ini();
../Core/Inc/../LIB/SYSTEM/ADC_STM32F030.h(8): warning:  #1-D: last line of file ends without a newline
  #endif
../Core/Inc/../LIB/SYSTEM/CORTEX_STM32F030.h(4): warning:  #1295-D: Deprecated declaration dma_ini - give arg types
  void dma_ini();
../Core/Inc/../LIB/SYSTEM/CORTEX_STM32F030.h(5): warning:  #1295-D: Deprecated declaration nvic_ini - give arg types
  void nvic_ini();
../Core/Inc/../LIB/SYSTEM/CORTEX_STM32F030.h(6): warning:  #1295-D: Deprecated declaration clock_ini - give arg types
  void clock_ini();
../Core/Inc/../LIB/SYSTEM/CORTEX_STM32F030.h(8): warning:  #1-D: last line of file ends without a newline
  #endif
../Core/Inc/../LIB/SYSTEM/TIMER_STM32F030.h(4): warning:  #1295-D: Deprecated declaration tim14_ini - give arg types
  void tim14_ini();
../Core/Inc/../LIB/SYSTEM/TIMER_STM32F030.h(6): warning:  #1-D: last line of file ends without a newline
  #endif
../Core/Inc/../LIB/SYSTEM/GPIO_STM32F030.h(4): warning:  #1295-D: Deprecated declaration gpio_ini - give arg types
  void gpio_ini();
../Core/Inc/../LIB/SYSTEM/GPIO_STM32F030.h(6): warning:  #1-D: last line of file ends without a newline
  #endif
../Core/Inc/../LIB/SYSTEM/SPI_STM32F030.h(9): warning:  #1295-D: Deprecated declaration soft_spi_ini - give arg types
  void soft_spi_ini();
../Core/Inc/../LIB/SYSTEM/SPI_STM32F030.h(17): warning:  #1-D: last line of file ends without a newline
  #endif
../Core/Inc/../LIB/FUN/CPU_TIMER.h(4): warning:  #1295-D: Deprecated declaration ini_cpu_timer - give arg types
  void ini_cpu_timer();
../Core/Inc/../LIB/FUN/CPU_TIMER.h(5): warning:  #1295-D: Deprecated declaration timer_second_manager - give arg types
  void timer_second_manager();
../Core/Inc/../LIB/FUN/CPU_TIMER.h(6): warning:  #1295-D: Deprecated declaration timer_basic_manager - give arg types
  void timer_basic_manager();
../Core/Inc/../LIB/FUN/PC_COM.h(8): warning:  #1295-D: Deprecated declaration uart_manager_interupt_rx - give arg types
  void uart_manager_interupt_rx();
../Core/Inc/../LIB/FUN/PC_COM.h(9): warning:  #1295-D: Deprecated declaration uart_manager_interupt_tx - give arg types
  void uart_manager_interupt_tx();
../Core/Inc/../LIB/FUN/PC_COM.h(10): warning:  #1295-D: Deprecated declaration debuge_uart - give arg types
  void debuge_uart();
../Core/Inc/../LIB/FUN/PC_COM.h(11): warning:  #1295-D: Deprecated declaration clr_str_tx - give arg types
  void clr_str_tx();
../Core/Inc/../LIB/FUN/PC_COM.h(12): warning:  #1295-D: Deprecated declaration clr_str_rx - give arg types
  void clr_str_rx();
../Core/Inc/../LIB/FUN/PC_COM.h(13): warning:  #1295-D: Deprecated declaration ini_debuge - give arg types
  void ini_debuge();
../Core/Inc/../LIB/FUN/PC_COM.h(14): warning:  #1295-D: Deprecated declaration program_manager - give arg types
  void program_manager();
../Core/Inc/../LIB/FUN/W25Q.h(56): warning:  #1295-D: Deprecated declaration W25Q_ini - give arg types
  void W25Q_ini();
../Core/Inc/../LIB/FUN/W25Q.h(63): warning:  #1295-D: Deprecated declaration W25Q_Read_Manufact_Device_ID - give arg types
  void W25Q_Read_Manufact_Device_ID();
../Core/Inc/../LIB/FUN/W25Q.h(64): warning:  #1295-D: Deprecated declaration W25Q_Read_StatusReg - give arg types
  void W25Q_Read_StatusReg();
../Core/Inc/../LIB/FUN/W25Q.h(70): warning:  #1-D: last line of file ends without a newline
  #endif
../Core/Inc/../LIB/CODE/DAC.H(4): warning:  #1295-D: Deprecated declaration dac_ini - give arg types
  	void dac_ini();
../Core/Inc/../LIB/CODE/DAC.H(5): warning:  #1295-D: Deprecated declaration dac - give arg types
  	void dac();
../Core/Inc/../LIB/CODE/DAC.H(6): warning:  #1295-D: Deprecated declaration dac_start - give arg types
  	void dac_start();
../Core/Inc/../LIB/CODE/DAC.H(8): warning:  #1-D: last line of file ends without a newline
  #endif
..\Core\LIB\FUN\W25Q.C: 34 warnings, 0 errors
compiling lfs_port.c...
../Core/Inc/../LIB/my_struct.h(88): warning:  #1-D: last line of file ends without a newline
  #endif
../Core/Inc/../LIB/SYSTEM/USART_STM32F030.h(6): warning:  #1295-D: Deprecated declaration USART_ini - give arg types
  void USART_ini();
../Core/Inc/../LIB/SYSTEM/USART_STM32F030.h(9): warning:  #1-D: last line of file ends without a newline
  #endif
../Core/Inc/../LIB/SYSTEM/ADC_STM32F030.h(4): warning:  #1295-D: Deprecated declaration adc_calibre - give arg types
  void adc_calibre();
../Core/Inc/../LIB/SYSTEM/ADC_STM32F030.h(5): warning:  #1295-D: Deprecated declaration adc_ini - give arg types
  void adc_ini();
../Core/Inc/../LIB/SYSTEM/ADC_STM32F030.h(8): warning:  #1-D: last line of file ends without a newline
  #endif
../Core/Inc/../LIB/SYSTEM/CORTEX_STM32F030.h(4): warning:  #1295-D: Deprecated declaration dma_ini - give arg types
  void dma_ini();
../Core/Inc/../LIB/SYSTEM/CORTEX_STM32F030.h(5): warning:  #1295-D: Deprecated declaration nvic_ini - give arg types
  void nvic_ini();
../Core/Inc/../LIB/SYSTEM/CORTEX_STM32F030.h(6): warning:  #1295-D: Deprecated declaration clock_ini - give arg types
  void clock_ini();
../Core/Inc/../LIB/SYSTEM/CORTEX_STM32F030.h(8): warning:  #1-D: last line of file ends without a newline
  #endif
../Core/Inc/../LIB/SYSTEM/TIMER_STM32F030.h(4): warning:  #1295-D: Deprecated declaration tim14_ini - give arg types
  void tim14_ini();
../Core/Inc/../LIB/SYSTEM/TIMER_STM32F030.h(6): warning:  #1-D: last line of file ends without a newline
  #endif
../Core/Inc/../LIB/SYSTEM/GPIO_STM32F030.h(4): warning:  #1295-D: Deprecated declaration gpio_ini - give arg types
  void gpio_ini();
../Core/Inc/../LIB/SYSTEM/GPIO_STM32F030.h(6): warning:  #1-D: last line of file ends without a newline
  #endif
../Core/Inc/../LIB/SYSTEM/SPI_STM32F030.h(9): warning:  #1295-D: Deprecated declaration soft_spi_ini - give arg types
  void soft_spi_ini();
../Core/Inc/../LIB/SYSTEM/SPI_STM32F030.h(17): warning:  #1-D: last line of file ends without a newline
  #endif
../Core/Inc/../LIB/FUN/CPU_TIMER.h(4): warning:  #1295-D: Deprecated declaration ini_cpu_timer - give arg types
  void ini_cpu_timer();
../Core/Inc/../LIB/FUN/CPU_TIMER.h(5): warning:  #1295-D: Deprecated declaration timer_second_manager - give arg types
  void timer_second_manager();
../Core/Inc/../LIB/FUN/CPU_TIMER.h(6): warning:  #1295-D: Deprecated declaration timer_basic_manager - give arg types
  void timer_basic_manager();
../Core/Inc/../LIB/FUN/PC_COM.h(8): warning:  #1295-D: Deprecated declaration uart_manager_interupt_rx - give arg types
  void uart_manager_interupt_rx();
../Core/Inc/../LIB/FUN/PC_COM.h(9): warning:  #1295-D: Deprecated declaration uart_manager_interupt_tx - give arg types
  void uart_manager_interupt_tx();
../Core/Inc/../LIB/FUN/PC_COM.h(10): warning:  #1295-D: Deprecated declaration debuge_uart - give arg types
  void debuge_uart();
../Core/Inc/../LIB/FUN/PC_COM.h(11): warning:  #1295-D: Deprecated declaration clr_str_tx - give arg types
  void clr_str_tx();
../Core/Inc/../LIB/FUN/PC_COM.h(12): warning:  #1295-D: Deprecated declaration clr_str_rx - give arg types
  void clr_str_rx();
../Core/Inc/../LIB/FUN/PC_COM.h(13): warning:  #1295-D: Deprecated declaration ini_debuge - give arg types
  void ini_debuge();
../Core/Inc/../LIB/FUN/PC_COM.h(14): warning:  #1295-D: Deprecated declaration program_manager - give arg types
  void program_manager();
../Core/Inc/../LIB/FUN/W25Q.h(56): warning:  #1295-D: Deprecated declaration W25Q_ini - give arg types
  void W25Q_ini();
../Core/Inc/../LIB/FUN/W25Q.h(63): warning:  #1295-D: Deprecated declaration W25Q_Read_Manufact_Device_ID - give arg types
  void W25Q_Read_Manufact_Device_ID();
../Core/Inc/../LIB/FUN/W25Q.h(64): warning:  #1295-D: Deprecated declaration W25Q_Read_StatusReg - give arg types
  void W25Q_Read_StatusReg();
../Core/Inc/../LIB/FUN/W25Q.h(70): warning:  #1-D: last line of file ends without a newline
  #endif
../Core/Inc/../LIB/CODE/DAC.H(4): warning:  #1295-D: Deprecated declaration dac_ini - give arg types
  	void dac_ini();
../Core/Inc/../LIB/CODE/DAC.H(5): warning:  #1295-D: Deprecated declaration dac - give arg types
  	void dac();
../Core/Inc/../LIB/CODE/DAC.H(6): warning:  #1295-D: Deprecated declaration dac_start - give arg types
  	void dac_start();
../Core/Inc/../LIB/CODE/DAC.H(8): warning:  #1-D: last line of file ends without a newline
  #endif
..\Core\LIB\littlefs\lfs_port.c: 34 warnings, 0 errors
compiling lfs.c...
../Core/Inc/../LIB/my_struct.h(88): warning:  #1-D: last line of file ends without a newline
  #endif
../Core/Inc/../LIB/SYSTEM/USART_STM32F030.h(6): warning:  #1295-D: Deprecated declaration USART_ini - give arg types
  void USART_ini();
../Core/Inc/../LIB/SYSTEM/USART_STM32F030.h(9): warning:  #1-D: last line of file ends without a newline
  #endif
../Core/Inc/../LIB/SYSTEM/ADC_STM32F030.h(4): warning:  #1295-D: Deprecated declaration adc_calibre - give arg types
  void adc_calibre();
../Core/Inc/../LIB/SYSTEM/ADC_STM32F030.h(5): warning:  #1295-D: Deprecated declaration adc_ini - give arg types
  void adc_ini();
../Core/Inc/../LIB/SYSTEM/ADC_STM32F030.h(8): warning:  #1-D: last line of file ends without a newline
  #endif
../Core/Inc/../LIB/SYSTEM/CORTEX_STM32F030.h(4): warning:  #1295-D: Deprecated declaration dma_ini - give arg types
  void dma_ini();
../Core/Inc/../LIB/SYSTEM/CORTEX_STM32F030.h(5): warning:  #1295-D: Deprecated declaration nvic_ini - give arg types
  void nvic_ini();
../Core/Inc/../LIB/SYSTEM/CORTEX_STM32F030.h(6): warning:  #1295-D: Deprecated declaration clock_ini - give arg types
  void clock_ini();
../Core/Inc/../LIB/SYSTEM/CORTEX_STM32F030.h(8): warning:  #1-D: last line of file ends without a newline
  #endif
../Core/Inc/../LIB/SYSTEM/TIMER_STM32F030.h(4): warning:  #1295-D: Deprecated declaration tim14_ini - give arg types
  void tim14_ini();
../Core/Inc/../LIB/SYSTEM/TIMER_STM32F030.h(6): warning:  #1-D: last line of file ends without a newline
  #endif
../Core/Inc/../LIB/SYSTEM/GPIO_STM32F030.h(4): warning:  #1295-D: Deprecated declaration gpio_ini - give arg types
  void gpio_ini();
../Core/Inc/../LIB/SYSTEM/GPIO_STM32F030.h(6): warning:  #1-D: last line of file ends without a newline
  #endif
../Core/Inc/../LIB/SYSTEM/SPI_STM32F030.h(9): warning:  #1295-D: Deprecated declaration soft_spi_ini - give arg types
  void soft_spi_ini();
../Core/Inc/../LIB/SYSTEM/SPI_STM32F030.h(17): warning:  #1-D: last line of file ends without a newline
  #endif
../Core/Inc/../LIB/FUN/CPU_TIMER.h(4): warning:  #1295-D: Deprecated declaration ini_cpu_timer - give arg types
  void ini_cpu_timer();
../Core/Inc/../LIB/FUN/CPU_TIMER.h(5): warning:  #1295-D: Deprecated declaration timer_second_manager - give arg types
  void timer_second_manager();
../Core/Inc/../LIB/FUN/CPU_TIMER.h(6): warning:  #1295-D: Deprecated declaration timer_basic_manager - give arg types
  void timer_basic_manager();
../Core/Inc/../LIB/FUN/PC_COM.h(8): warning:  #1295-D: Deprecated declaration uart_manager_interupt_rx - give arg types
  void uart_manager_interupt_rx();
../Core/Inc/../LIB/FUN/PC_COM.h(9): warning:  #1295-D: Deprecated declaration uart_manager_interupt_tx - give arg types
  void uart_manager_interupt_tx();
../Core/Inc/../LIB/FUN/PC_COM.h(10): warning:  #1295-D: Deprecated declaration debuge_uart - give arg types
  void debuge_uart();
../Core/Inc/../LIB/FUN/PC_COM.h(11): warning:  #1295-D: Deprecated declaration clr_str_tx - give arg types
  void clr_str_tx();
../Core/Inc/../LIB/FUN/PC_COM.h(12): warning:  #1295-D: Deprecated declaration clr_str_rx - give arg types
  void clr_str_rx();
../Core/Inc/../LIB/FUN/PC_COM.h(13): warning:  #1295-D: Deprecated declaration ini_debuge - give arg types
  void ini_debuge();
../Core/Inc/../LIB/FUN/PC_COM.h(14): warning:  #1295-D: Deprecated declaration program_manager - give arg types
  void program_manager();
../Core/Inc/../LIB/FUN/W25Q.h(56): warning:  #1295-D: Deprecated declaration W25Q_ini - give arg types
  void W25Q_ini();
../Core/Inc/../LIB/FUN/W25Q.h(63): warning:  #1295-D: Deprecated declaration W25Q_Read_Manufact_Device_ID - give arg types
  void W25Q_Read_Manufact_Device_ID();
../Core/Inc/../LIB/FUN/W25Q.h(64): warning:  #1295-D: Deprecated declaration W25Q_Read_StatusReg - give arg types
  void W25Q_Read_StatusReg();
../Core/Inc/../LIB/FUN/W25Q.h(70): warning:  #1-D: last line of file ends without a newline
  #endif
../Core/Inc/../LIB/CODE/DAC.H(4): warning:  #1295-D: Deprecated declaration dac_ini - give arg types
  	void dac_ini();
../Core/Inc/../LIB/CODE/DAC.H(5): warning:  #1295-D: Deprecated declaration dac - give arg types
  	void dac();
../Core/Inc/../LIB/CODE/DAC.H(6): warning:  #1295-D: Deprecated declaration dac_start - give arg types
  	void dac_start();
../Core/Inc/../LIB/CODE/DAC.H(8): warning:  #1-D: last line of file ends without a newline
  #endif
..\Core\LIB\littlefs\lfs.c: 34 warnings, 0 errors
compiling lfs_util.c...
../Core/Inc/../LIB/my_struct.h(88): warning:  #1-D: last line of file ends without a newline
  #endif
../Core/Inc/../LIB/SYSTEM/USART_STM32F030.h(6): warning:  #1295-D: Deprecated declaration USART_ini - give arg types
  void USART_ini();
../Core/Inc/../LIB/SYSTEM/USART_STM32F030.h(9): warning:  #1-D: last line of file ends without a newline
  #endif
../Core/Inc/../LIB/SYSTEM/ADC_STM32F030.h(4): warning:  #1295-D: Deprecated declaration adc_calibre - give arg types
  void adc_calibre();
../Core/Inc/../LIB/SYSTEM/ADC_STM32F030.h(5): warning:  #1295-D: Deprecated declaration adc_ini - give arg types
  void adc_ini();
../Core/Inc/../LIB/SYSTEM/ADC_STM32F030.h(8): warning:  #1-D: last line of file ends without a newline
  #endif
../Core/Inc/../LIB/SYSTEM/CORTEX_STM32F030.h(4): warning:  #1295-D: Deprecated declaration dma_ini - give arg types
  void dma_ini();
../Core/Inc/../LIB/SYSTEM/CORTEX_STM32F030.h(5): warning:  #1295-D: Deprecated declaration nvic_ini - give arg types
  void nvic_ini();
../Core/Inc/../LIB/SYSTEM/CORTEX_STM32F030.h(6): warning:  #1295-D: Deprecated declaration clock_ini - give arg types
  void clock_ini();
../Core/Inc/../LIB/SYSTEM/CORTEX_STM32F030.h(8): warning:  #1-D: last line of file ends without a newline
  #endif
../Core/Inc/../LIB/SYSTEM/TIMER_STM32F030.h(4): warning:  #1295-D: Deprecated declaration tim14_ini - give arg types
  void tim14_ini();
../Core/Inc/../LIB/SYSTEM/TIMER_STM32F030.h(6): warning:  #1-D: last line of file ends without a newline
  #endif
../Core/Inc/../LIB/SYSTEM/GPIO_STM32F030.h(4): warning:  #1295-D: Deprecated declaration gpio_ini - give arg types
  void gpio_ini();
../Core/Inc/../LIB/SYSTEM/GPIO_STM32F030.h(6): warning:  #1-D: last line of file ends without a newline
  #endif
../Core/Inc/../LIB/SYSTEM/SPI_STM32F030.h(9): warning:  #1295-D: Deprecated declaration soft_spi_ini - give arg types
  void soft_spi_ini();
../Core/Inc/../LIB/SYSTEM/SPI_STM32F030.h(17): warning:  #1-D: last line of file ends without a newline
  #endif
../Core/Inc/../LIB/FUN/CPU_TIMER.h(4): warning:  #1295-D: Deprecated declaration ini_cpu_timer - give arg types
  void ini_cpu_timer();
../Core/Inc/../LIB/FUN/CPU_TIMER.h(5): warning:  #1295-D: Deprecated declaration timer_second_manager - give arg types
  void timer_second_manager();
../Core/Inc/../LIB/FUN/CPU_TIMER.h(6): warning:  #1295-D: Deprecated declaration timer_basic_manager - give arg types
  void timer_basic_manager();
../Core/Inc/../LIB/FUN/PC_COM.h(8): warning:  #1295-D: Deprecated declaration uart_manager_interupt_rx - give arg types
  void uart_manager_interupt_rx();
../Core/Inc/../LIB/FUN/PC_COM.h(9): warning:  #1295-D: Deprecated declaration uart_manager_interupt_tx - give arg types
  void uart_manager_interupt_tx();
../Core/Inc/../LIB/FUN/PC_COM.h(10): warning:  #1295-D: Deprecated declaration debuge_uart - give arg types
  void debuge_uart();
../Core/Inc/../LIB/FUN/PC_COM.h(11): warning:  #1295-D: Deprecated declaration clr_str_tx - give arg types
  void clr_str_tx();
../Core/Inc/../LIB/FUN/PC_COM.h(12): warning:  #1295-D: Deprecated declaration clr_str_rx - give arg types
  void clr_str_rx();
../Core/Inc/../LIB/FUN/PC_COM.h(13): warning:  #1295-D: Deprecated declaration ini_debuge - give arg types
  void ini_debuge();
../Core/Inc/../LIB/FUN/PC_COM.h(14): warning:  #1295-D: Deprecated declaration program_manager - give arg types
  void program_manager();
../Core/Inc/../LIB/FUN/W25Q.h(56): warning:  #1295-D: Deprecated declaration W25Q_ini - give arg types
  void W25Q_ini();
../Core/Inc/../LIB/FUN/W25Q.h(63): warning:  #1295-D: Deprecated declaration W25Q_Read_Manufact_Device_ID - give arg types
  void W25Q_Read_Manufact_Device_ID();
../Core/Inc/../LIB/FUN/W25Q.h(64): warning:  #1295-D: Deprecated declaration W25Q_Read_StatusReg - give arg types
  void W25Q_Read_StatusReg();
../Core/Inc/../LIB/FUN/W25Q.h(70): warning:  #1-D: last line of file ends without a newline
  #endif
../Core/Inc/../LIB/CODE/DAC.H(4): warning:  #1295-D: Deprecated declaration dac_ini - give arg types
  	void dac_ini();
../Core/Inc/../LIB/CODE/DAC.H(5): warning:  #1295-D: Deprecated declaration dac - give arg types
  	void dac();
../Core/Inc/../LIB/CODE/DAC.H(6): warning:  #1295-D: Deprecated declaration dac_start - give arg types
  	void dac_start();
../Core/Inc/../LIB/CODE/DAC.H(8): warning:  #1-D: last line of file ends without a newline
  #endif
..\Core\LIB\littlefs\lfs_util.c: 34 warnings, 0 errors
compiling DAC.C...
../Core/Inc/../LIB/my_struct.h(88): warning:  #1-D: last line of file ends without a newline
  #endif
../Core/Inc/../LIB/SYSTEM/USART_STM32F030.h(6): warning:  #1295-D: Deprecated declaration USART_ini - give arg types
  void USART_ini();
../Core/Inc/../LIB/SYSTEM/USART_STM32F030.h(9): warning:  #1-D: last line of file ends without a newline
  #endif
../Core/Inc/../LIB/SYSTEM/ADC_STM32F030.h(4): warning:  #1295-D: Deprecated declaration adc_calibre - give arg types
  void adc_calibre();
../Core/Inc/../LIB/SYSTEM/ADC_STM32F030.h(5): warning:  #1295-D: Deprecated declaration adc_ini - give arg types
  void adc_ini();
../Core/Inc/../LIB/SYSTEM/ADC_STM32F030.h(8): warning:  #1-D: last line of file ends without a newline
  #endif
../Core/Inc/../LIB/SYSTEM/CORTEX_STM32F030.h(4): warning:  #1295-D: Deprecated declaration dma_ini - give arg types
  void dma_ini();
../Core/Inc/../LIB/SYSTEM/CORTEX_STM32F030.h(5): warning:  #1295-D: Deprecated declaration nvic_ini - give arg types
  void nvic_ini();
../Core/Inc/../LIB/SYSTEM/CORTEX_STM32F030.h(6): warning:  #1295-D: Deprecated declaration clock_ini - give arg types
  void clock_ini();
../Core/Inc/../LIB/SYSTEM/CORTEX_STM32F030.h(8): warning:  #1-D: last line of file ends without a newline
  #endif
../Core/Inc/../LIB/SYSTEM/TIMER_STM32F030.h(4): warning:  #1295-D: Deprecated declaration tim14_ini - give arg types
  void tim14_ini();
../Core/Inc/../LIB/SYSTEM/TIMER_STM32F030.h(6): warning:  #1-D: last line of file ends without a newline
  #endif
../Core/Inc/../LIB/SYSTEM/GPIO_STM32F030.h(4): warning:  #1295-D: Deprecated declaration gpio_ini - give arg types
  void gpio_ini();
../Core/Inc/../LIB/SYSTEM/GPIO_STM32F030.h(6): warning:  #1-D: last line of file ends without a newline
  #endif
../Core/Inc/../LIB/SYSTEM/SPI_STM32F030.h(9): warning:  #1295-D: Deprecated declaration soft_spi_ini - give arg types
  void soft_spi_ini();
../Core/Inc/../LIB/SYSTEM/SPI_STM32F030.h(17): warning:  #1-D: last line of file ends without a newline
  #endif
../Core/Inc/../LIB/FUN/CPU_TIMER.h(4): warning:  #1295-D: Deprecated declaration ini_cpu_timer - give arg types
  void ini_cpu_timer();
../Core/Inc/../LIB/FUN/CPU_TIMER.h(5): warning:  #1295-D: Deprecated declaration timer_second_manager - give arg types
  void timer_second_manager();
../Core/Inc/../LIB/FUN/CPU_TIMER.h(6): warning:  #1295-D: Deprecated declaration timer_basic_manager - give arg types
  void timer_basic_manager();
../Core/Inc/../LIB/FUN/PC_COM.h(8): warning:  #1295-D: Deprecated declaration uart_manager_interupt_rx - give arg types
  void uart_manager_interupt_rx();
../Core/Inc/../LIB/FUN/PC_COM.h(9): warning:  #1295-D: Deprecated declaration uart_manager_interupt_tx - give arg types
  void uart_manager_interupt_tx();
../Core/Inc/../LIB/FUN/PC_COM.h(10): warning:  #1295-D: Deprecated declaration debuge_uart - give arg types
  void debuge_uart();
../Core/Inc/../LIB/FUN/PC_COM.h(11): warning:  #1295-D: Deprecated declaration clr_str_tx - give arg types
  void clr_str_tx();
../Core/Inc/../LIB/FUN/PC_COM.h(12): warning:  #1295-D: Deprecated declaration clr_str_rx - give arg types
  void clr_str_rx();
../Core/Inc/../LIB/FUN/PC_COM.h(13): warning:  #1295-D: Deprecated declaration ini_debuge - give arg types
  void ini_debuge();
../Core/Inc/../LIB/FUN/PC_COM.h(14): warning:  #1295-D: Deprecated declaration program_manager - give arg types
  void program_manager();
../Core/Inc/../LIB/FUN/W25Q.h(56): warning:  #1295-D: Deprecated declaration W25Q_ini - give arg types
  void W25Q_ini();
../Core/Inc/../LIB/FUN/W25Q.h(63): warning:  #1295-D: Deprecated declaration W25Q_Read_Manufact_Device_ID - give arg types
  void W25Q_Read_Manufact_Device_ID();
../Core/Inc/../LIB/FUN/W25Q.h(64): warning:  #1295-D: Deprecated declaration W25Q_Read_StatusReg - give arg types
  void W25Q_Read_StatusReg();
../Core/Inc/../LIB/FUN/W25Q.h(70): warning:  #1-D: last line of file ends without a newline
  #endif
../Core/Inc/../LIB/CODE/DAC.H(4): warning:  #1295-D: Deprecated declaration dac_ini - give arg types
  	void dac_ini();
../Core/Inc/../LIB/CODE/DAC.H(5): warning:  #1295-D: Deprecated declaration dac - give arg types
  	void dac();
../Core/Inc/../LIB/CODE/DAC.H(6): warning:  #1295-D: Deprecated declaration dac_start - give arg types
  	void dac_start();
../Core/Inc/../LIB/CODE/DAC.H(8): warning:  #1-D: last line of file ends without a newline
  #endif
..\Core\LIB\CODE\DAC.C(90): warning:  #1-D: last line of file ends without a newline
  	
..\Core\LIB\CODE\DAC.C: 35 warnings, 0 errors
compiling stm32f0xx_hal_tim.c...
compiling stm32f0xx_hal_tim_ex.c...
compiling stdout_user.c...
../Core/Inc/../LIB/my_struct.h(88): warning:  #1-D: last line of file ends without a newline
  #endif
../Core/Inc/../LIB/SYSTEM/USART_STM32F030.h(6): warning:  #1295-D: Deprecated declaration USART_ini - give arg types
  void USART_ini();
../Core/Inc/../LIB/SYSTEM/USART_STM32F030.h(9): warning:  #1-D: last line of file ends without a newline
  #endif
../Core/Inc/../LIB/SYSTEM/ADC_STM32F030.h(4): warning:  #1295-D: Deprecated declaration adc_calibre - give arg types
  void adc_calibre();
../Core/Inc/../LIB/SYSTEM/ADC_STM32F030.h(5): warning:  #1295-D: Deprecated declaration adc_ini - give arg types
  void adc_ini();
../Core/Inc/../LIB/SYSTEM/ADC_STM32F030.h(8): warning:  #1-D: last line of file ends without a newline
  #endif
../Core/Inc/../LIB/SYSTEM/CORTEX_STM32F030.h(4): warning:  #1295-D: Deprecated declaration dma_ini - give arg types
  void dma_ini();
../Core/Inc/../LIB/SYSTEM/CORTEX_STM32F030.h(5): warning:  #1295-D: Deprecated declaration nvic_ini - give arg types
  void nvic_ini();
../Core/Inc/../LIB/SYSTEM/CORTEX_STM32F030.h(6): warning:  #1295-D: Deprecated declaration clock_ini - give arg types
  void clock_ini();
../Core/Inc/../LIB/SYSTEM/CORTEX_STM32F030.h(8): warning:  #1-D: last line of file ends without a newline
  #endif
../Core/Inc/../LIB/SYSTEM/TIMER_STM32F030.h(4): warning:  #1295-D: Deprecated declaration tim14_ini - give arg types
  void tim14_ini();
../Core/Inc/../LIB/SYSTEM/TIMER_STM32F030.h(6): warning:  #1-D: last line of file ends without a newline
  #endif
../Core/Inc/../LIB/SYSTEM/GPIO_STM32F030.h(4): warning:  #1295-D: Deprecated declaration gpio_ini - give arg types
  void gpio_ini();
../Core/Inc/../LIB/SYSTEM/GPIO_STM32F030.h(6): warning:  #1-D: last line of file ends without a newline
  #endif
../Core/Inc/../LIB/SYSTEM/SPI_STM32F030.h(9): warning:  #1295-D: Deprecated declaration soft_spi_ini - give arg types
  void soft_spi_ini();
../Core/Inc/../LIB/SYSTEM/SPI_STM32F030.h(17): warning:  #1-D: last line of file ends without a newline
  #endif
../Core/Inc/../LIB/FUN/CPU_TIMER.h(4): warning:  #1295-D: Deprecated declaration ini_cpu_timer - give arg types
  void ini_cpu_timer();
../Core/Inc/../LIB/FUN/CPU_TIMER.h(5): warning:  #1295-D: Deprecated declaration timer_second_manager - give arg types
  void timer_second_manager();
../Core/Inc/../LIB/FUN/CPU_TIMER.h(6): warning:  #1295-D: Deprecated declaration timer_basic_manager - give arg types
  void timer_basic_manager();
../Core/Inc/../LIB/FUN/PC_COM.h(8): warning:  #1295-D: Deprecated declaration uart_manager_interupt_rx - give arg types
  void uart_manager_interupt_rx();
../Core/Inc/../LIB/FUN/PC_COM.h(9): warning:  #1295-D: Deprecated declaration uart_manager_interupt_tx - give arg types
  void uart_manager_interupt_tx();
../Core/Inc/../LIB/FUN/PC_COM.h(10): warning:  #1295-D: Deprecated declaration debuge_uart - give arg types
  void debuge_uart();
../Core/Inc/../LIB/FUN/PC_COM.h(11): warning:  #1295-D: Deprecated declaration clr_str_tx - give arg types
  void clr_str_tx();
../Core/Inc/../LIB/FUN/PC_COM.h(12): warning:  #1295-D: Deprecated declaration clr_str_rx - give arg types
  void clr_str_rx();
../Core/Inc/../LIB/FUN/PC_COM.h(13): warning:  #1295-D: Deprecated declaration ini_debuge - give arg types
  void ini_debuge();
../Core/Inc/../LIB/FUN/PC_COM.h(14): warning:  #1295-D: Deprecated declaration program_manager - give arg types
  void program_manager();
../Core/Inc/../LIB/FUN/W25Q.h(56): warning:  #1295-D: Deprecated declaration W25Q_ini - give arg types
  void W25Q_ini();
../Core/Inc/../LIB/FUN/W25Q.h(63): warning:  #1295-D: Deprecated declaration W25Q_Read_Manufact_Device_ID - give arg types
  void W25Q_Read_Manufact_Device_ID();
../Core/Inc/../LIB/FUN/W25Q.h(64): warning:  #1295-D: Deprecated declaration W25Q_Read_StatusReg - give arg types
  void W25Q_Read_StatusReg();
../Core/Inc/../LIB/FUN/W25Q.h(70): warning:  #1-D: last line of file ends without a newline
  #endif
../Core/Inc/../LIB/CODE/DAC.H(4): warning:  #1295-D: Deprecated declaration dac_ini - give arg types
  	void dac_ini();
../Core/Inc/../LIB/CODE/DAC.H(5): warning:  #1295-D: Deprecated declaration dac - give arg types
  	void dac();
../Core/Inc/../LIB/CODE/DAC.H(6): warning:  #1295-D: Deprecated declaration dac_start - give arg types
  	void dac_start();
../Core/Inc/../LIB/CODE/DAC.H(8): warning:  #1-D: last line of file ends without a newline
  #endif
stdout_user.c: 34 warnings, 0 errors
compiling stm32f0xx_hal_uart_ex.c...
compiling stm32f0xx_hal_uart.c...
compiling stm32f0xx_hal_rcc.c...
compiling stm32f0xx_hal_rcc_ex.c...
compiling stm32f0xx_hal.c...
compiling stm32f0xx_hal_i2c_ex.c...
compiling stm32f0xx_hal_i2c.c...
compiling stm32f0xx_hal_gpio.c...
compiling stm32f0xx_hal_dma.c...
compiling stm32f0xx_hal_cortex.c...
compiling stm32f0xx_hal_pwr.c...
compiling stm32f0xx_hal_pwr_ex.c...
compiling stm32f0xx_hal_flash.c...
compiling stm32f0xx_hal_exti.c...
compiling stm32f0xx_hal_flash_ex.c...
compiling stm32f0xx_ll_dma.c...
compiling stm32f0xx_ll_exti.c...
compiling system_stm32f0xx.c...
compiling stm32f0xx_ll_i2c.c...
compiling stm32f0xx_ll_pwr.c...
compiling stm32f0xx_ll_rcc.c...
compiling stm32f0xx_ll_gpio.c...
compiling stm32f0xx_ll_spi.c...
compiling retarget_io.c...
compiling stm32f0xx_ll_utils.c...
linking...
Program Size: Code=23476 RO-data=1424 RW-data=1072 ZI-data=2952  
FromELF: creating hex file...
"test_dma-hal\test_dma-hal.axf" - 0 Error(s), 530 Warning(s).

<h2>Software Packages used:</h2>

Package Vendor: ARM
                http://www.keil.com/pack/ARM.CMSIS.5.7.0.pack
                ARM.CMSIS.5.7.0
                CMSIS (Cortex Microcontroller Software Interface Standard)
   * Component: CORE Version: 5.4.0

Package Vendor: Keil
                http://www.keil.com/pack/Keil.ARM_Compiler.1.6.3.pack
                Keil.ARM_Compiler.1.6.3
                Keil ARM Compiler extensions for ARM Compiler 5 and ARM Compiler 6
   * Component: STDOUT Variant: User Version: 1.2.0

Package Vendor: Keil
                https://www.keil.com/pack/Keil.STM32F0xx_DFP.2.1.1.pack
                Keil.STM32F0xx_DFP.2.1.1
                STMicroelectronics STM32F0 Series Device Support, Drivers and Examples

<h2>Collection of Component include folders:</h2>
  .\RTE\_test_dma-hal
  C:\Users\barby\AppData\Local\Arm\Packs\ARM\CMSIS\5.7.0\CMSIS\Core\Include
  C:\Users\barby\AppData\Local\Arm\Packs\Keil\STM32F0xx_DFP\2.1.1\Drivers\CMSIS\Device\ST\STM32F0xx\Include

<h2>Collection of Component Files used:</h2>

   * Component: ARM::CMSIS:CORE:5.4.0

   * Component: Keil.ARM Compiler::Compiler:I/O:STDOUT:User:1.2.0
      Source file:   Template\stdout_USART.c
      Source file:   Template\stdout_user.c
      Source file:   Source\retarget_io.c
      Source file:   Template\stdout_display.c
Build Time Elapsed:  00:00:25
</pre>
</body>
</html>
